../../../ProgramData/cocos/editors/Creator/3.8.8/resources/resources/3d/engine/@types/jsb.d.ts(213,18): error TS2304: Cannot find name 'TypedArray'.
../../../ProgramData/cocos/editors/Creator/3.8.8/resources/resources/3d/engine/@types/jsb.d.ts(214,17): error TS2304: Cannot find name 'TypedArray'.
../../../ProgramData/cocos/editors/Creator/3.8.8/resources/resources/3d/engine/bin/.declarations/cc.d.ts(1,1): error TS6200: Definitions of the following identifiers conflict with those in another file: SharedString_, Empty_, StringIndex_, InstanceIndex_, StringIndexBnotNumber_, SimpleType, InstanceRef, Array_InstanceRef, Array_AssetRefByInnerObj, Class, ValueTypeCreated, AssetRefByInnerObj, TRS, ValueType, Array_Class, CustomizedClass, Dict, Array, ARRAY_LENGTH, DataTypes_, AnyData_, OtherObjectData_, OtherObjectTypeID_, AnyCCClass_, IClass_, IMask_, IClassObjectData_, ICustomObjectDataContent_, ICustomObjectData_, ITRSData_, IDictData_, IArrayData_, EACH_RECORD_LENGTH, OWNER_OFFSET, KEY_OFFSET, TARGET_OFFSET, IRefs_, Version, Context, SharedUuids, SharedStrings, SharedClasses, SharedMasks, Instances, InstanceTypes, Refs, DependObjs, DependKeys, DependUuidIndices, IFileData_, IPackedFileData_, SerializableClassConstructor, ReportMissingClass, ClassFinder, macro, ReflectionProbeManager, MeshBuffer, StencilManager, spriteAssembler, labelAssembler, SpriteAtlas, TTFFont, LabelAtlas, BitmapFont, Font, UV_UPDATED, SpriteFrame, Canvas, UIComponent, ADD_COLOR, ADD_COLOR_AND_TEXTURE, GRAYSCALE, USE_ALPHA_SEPARATED, USE_ALPHA_SEPARATED_AND_GRAY, UIRenderer, UITransform, RenderRoot2D, SpriteRenderer, Sprite, UIMeshRenderer, LabelOutline, UIStaticBatch, LabelShadow, UIOpacity, LEFT, CENTER, RIGHT, TOP, BOTTOM, NONE, CLAMP, SHRINK, RESIZE_HEIGHT, BITMAP, CHAR, Label, MaskComponent, RichTextComponent, GraphicsComponent, BaseRenderData, RenderData, MeshRenderData, vfmt, vfmtPosColor, vfmtPosUvColor, vfmtPosUvColor4B, vfmtPosUvTwoColor, vfmtPosUvTwoColor4B, UI, UIDrawBatch, QuadRenderData, Atlas, HtmlTextParser, BASELINE_RATIO, MIDDLE_RATIO, LRUCache, DynamicAtlasManager, dynamicAtlasManager, MeshUtils, BatchingUtility, Skeleton, DirectionalLight, SphereLight, SpotLight, PointLight, RangedDirectionalLight, SkinnedMeshRenderer, SkinnedMeshBatchRenderer, SkinnedMeshUnit, LOD, LODGroup, ReflectionProbe, BAKED_CUBEMAP, PLANAR_REFLECTION, BLEND_PROBES, BLEND_PROBES_AND_SKYBOX, AffineTransform, AnimationClip, AnimationState, Value_experimental, FLOAT, BOOLEAN, TRIGGER, INTEGER, VEC3_experimental, QUAT_experimental, UniformProxyFactory, MorphWeightValueProxy, MorphWeightsValueProxy, MorphWeightsAllValueProxy, Track, TrackPath, RealTrack, VectorTrack, QuatTrack, ColorTrack, SizeTrack, ObjectTrack, PropertyPath, TargetPath, HierarchyPath, ComponentPath, CubicSplineVec2Value, CubicSplineVec3Value, CubicSplineVec4Value, CubicSplineQuatValue, CubicSplineNumberValue, AnimationController, StateMachineComponent, Value, RatioSampler, AnimCurve, EventInfo, AnimationManager, AudioClip, AudioSource, AudioPCMDataView, Root, Sampler, SamplerInfo, DescriptorSet, Buffer, CommandBuffer, UNKNOWN, SWAPCHAIN, BUFFER, TEXTURE, RENDER_PASS, FRAMEBUFFER, SAMPLER, SHADER, DESCRIPTOR_SET_LAYOUT, PIPELINE_LAYOUT, PIPELINE_STATE, DESCRIPTOR_SET, INPUT_ASSEMBLER, COMMAND_BUFFER, QUEUE, QUERY_POOL, GLOBAL_BARRIER, TEXTURE_BARRIER, BUFFER_BARRIER, COUNT, UNREADY, FAILED, SUCCESS, GLES2, GLES3, METAL, VULKAN, NVN, WEBGL, WEBGL2, WEBGPU, IDENTITY, ROTATE_90, ROTATE_180, ROTATE_270, ELEMENT_INDEX_UINT, INSTANCED_ARRAYS, MULTIPLE_RENDER_TARGETS, BLEND_MINMAX, COMPUTE_SHADER, INPUT_ATTACHMENT_BENEFIT, SUBPASS_COLOR_INPUT, SUBPASS_DEPTH_STENCIL_INPUT, RASTERIZATION_ORDER_NOCOHERENT, MULTI_SAMPLE_RESOLVE_DEPTH_STENCIL, A8, L8, LA8, R8, R8SN, R8UI, R8I, R16F, R16UI, R16I, R32F, R32UI, R32I, RG8, RG8SN, RG8UI, RG8I, RG16F, RG16UI, RG16I, RG32F, RG32UI, RG32I, RGB8, SRGB8, RGB8SN, RGB8UI, RGB8I, RGB16F, RGB16UI, RGB16I, RGB32F, RGB32UI, RGB32I, RGBA8, BGRA8, SRGB8_A8, RGBA8SN, RGBA8UI, RGBA8I, RGBA16F, RGBA16UI, RGBA16I, RGBA32F, RGBA32UI, RGBA32I, R5G6B5, R11G11B10F, RGB5A1, RGBA4, RGB10A2, RGB10A2UI, RGB9E5, DEPTH, DEPTH_STENCIL, BC1, BC1_ALPHA, BC1_SRGB, BC1_SRGB_ALPHA, BC2, BC2_SRGB, BC3, BC3_SRGB, BC4, BC4_SNORM, BC5, BC5_SNORM, BC6H_UF16, BC6H_SF16, BC7, BC7_SRGB, ETC_RGB8, ETC2_RGB8, ETC2_SRGB8, ETC2_RGB8_A1, ETC2_SRGB8_A1, ETC2_RGBA8, ETC2_SRGB8_A8, EAC_R11, EAC_R11SN, EAC_RG11, EAC_RG11SN, PVRTC_RGB2, PVRTC_RGBA2, PVRTC_RGB4, PVRTC_RGBA4, PVRTC2_2BPP, PVRTC2_4BPP, ASTC_RGBA_4X4, ASTC_RGBA_5X4, ASTC_RGBA_5X5, ASTC_RGBA_6X5, ASTC_RGBA_6X6, ASTC_RGBA_8X5, ASTC_RGBA_8X6, ASTC_RGBA_8X8, ASTC_RGBA_10X5, ASTC_RGBA_10X6, ASTC_RGBA_10X8, ASTC_RGBA_10X10, ASTC_RGBA_12X10, ASTC_RGBA_12X12, ASTC_SRGBA_4X4, ASTC_SRGBA_5X4, ASTC_SRGBA_5X5, ASTC_SRGBA_6X5, ASTC_SRGBA_6X6, ASTC_SRGBA_8X5, ASTC_SRGBA_8X6, ASTC_SRGBA_8X8, ASTC_SRGBA_10X5, ASTC_SRGBA_10X6, ASTC_SRGBA_10X8, ASTC_SRGBA_10X10, ASTC_SRGBA_12X10, ASTC_SRGBA_12X12, UNORM, SNORM, UINT, INT, UFLOAT, UNFILTERABLE_FLOAT, SINT, BOOL, BOOL2, BOOL3, BOOL4, INT2, INT3, INT4, UINT2, UINT3, UINT4, FLOAT2, FLOAT3, FLOAT4, MAT2, MAT2X3, MAT2X4, MAT3X2, MAT3, MAT3X4, MAT4X2, MAT4X3, MAT4, SAMPLER1D, SAMPLER1D_ARRAY, SAMPLER2D, SAMPLER2D_ARRAY, SAMPLER3D, SAMPLER_CUBE, TEXTURE1D, TEXTURE1D_ARRAY, TEXTURE2D, TEXTURE2D_ARRAY, TEXTURE3D, TEXTURE_CUBE, IMAGE1D, IMAGE1D_ARRAY, IMAGE2D, IMAGE2D_ARRAY, IMAGE3D, IMAGE_CUBE, SUBPASS_INPUT, TRANSFER_SRC, TRANSFER_DST, INDEX, VERTEX, UNIFORM, STORAGE, INDIRECT, ENABLE_STAGING_WRITE, READ_ONLY, WRITE_ONLY, READ_WRITE, DEVICE, HOST, TEX1D, TEX2D, TEX3D, CUBE, TEX1D_ARRAY, TEX2D_ARRAY, TEX2DMS, TEX2DMS_ARRAY, TEXCUBE, TEXCUBE_ARRAY, RAYTRACING_ACCELERATION_STRUCTURE, SAMPLED, COLOR_ATTACHMENT, DEPTH_STENCIL_ATTACHMENT, INPUT_ATTACHMENT, SHADING_RATE, GEN_MIPMAP, GENERAL_LAYOUT, EXTERNAL_OES, EXTERNAL_NORMAL, LAZILY_ALLOCATED, MUTABLE_VIEW_FORMAT, MUTABLE_STORAGE, RENDER_TARGET, SAMPLED_TEXTURE, LINEAR_FILTER, STORAGE_TEXTURE, VERTEX_ATTRIBUTE, X1, X2, X4, X8, X16, X32, X64, OFF, ON, RELAXED, MAILBOX, HALF, POINT, LINEAR, ANISOTROPIC, WRAP, MIRROR, BORDER, NEVER, LESS, EQUAL, LESS_EQUAL, GREATER, NOT_EQUAL, GREATER_EQUAL, ALWAYS, ZERO, KEEP, REPLACE, INCR, DECR, INVERT, INCR_WRAP, DECR_WRAP, ONE, SRC_ALPHA, DST_ALPHA, ONE_MINUS_SRC_ALPHA, ONE_MINUS_DST_ALPHA, SRC_COLOR, DST_COLOR, ONE_MINUS_SRC_COLOR, ONE_MINUS_DST_COLOR, SRC_ALPHA_SATURATE, CONSTANT_COLOR, ONE_MINUS_CONSTANT_COLOR, CONSTANT_ALPHA, ONE_MINUS_CONSTANT_ALPHA, ADD, SUB, REV_SUB, MIN, MAX, R, G, B, A, ALL, CONTROL, EVALUATION, GEOMETRY, FRAGMENT, COMPUTE, LOAD, CLEAR, DISCARD, STORE, INDIRECT_BUFFER, INDEX_BUFFER, VERTEX_BUFFER, VERTEX_SHADER_READ_UNIFORM_BUFFER, VERTEX_SHADER_READ_TEXTURE, VERTEX_SHADER_READ_OTHER, FRAGMENT_SHADER_READ_UNIFORM_BUFFER, FRAGMENT_SHADER_READ_TEXTURE, FRAGMENT_SHADER_READ_COLOR_INPUT_ATTACHMENT, FRAGMENT_SHADER_READ_DEPTH_STENCIL_INPUT_ATTACHMENT, FRAGMENT_SHADER_READ_OTHER, COLOR_ATTACHMENT_READ, DEPTH_STENCIL_ATTACHMENT_READ, COMPUTE_SHADER_READ_UNIFORM_BUFFER, COMPUTE_SHADER_READ_TEXTURE, COMPUTE_SHADER_READ_OTHER, TRANSFER_READ, HOST_READ, PRESENT, VERTEX_SHADER_WRITE, FRAGMENT_SHADER_WRITE, COLOR_ATTACHMENT_WRITE, DEPTH_STENCIL_ATTACHMENT_WRITE, COMPUTE_SHADER_WRITE, TRANSFER_WRITE, HOST_PREINITIALIZED, HOST_WRITE, SAMPLE_ZERO, AVERAGE, GRAPHICS, RAY_TRACING, POINT_LIST, LINE_LIST, LINE_STRIP, LINE_LOOP, LINE_LIST_ADJACENCY, LINE_STRIP_ADJACENCY, ISO_LINE_LIST, TRIANGLE_LIST, TRIANGLE_STRIP, TRIANGLE_FAN, TRIANGLE_LIST_ADJACENCY, TRIANGLE_STRIP_ADJACENCY, TRIANGLE_PATCH_ADJACENCY, QUAD_PATCH_LIST, FILL, LINE, GOURAND, FLAT, FRONT, BACK, LINE_WIDTH, DEPTH_BIAS, BLEND_CONSTANTS, DEPTH_BOUNDS, STENCIL_WRITE_MASK, STENCIL_COMPARE_MASK, UNIFORM_BUFFER, DYNAMIC_UNIFORM_BUFFER, STORAGE_BUFFER, DYNAMIC_STORAGE_BUFFER, SAMPLER_TEXTURE, STORAGE_IMAGE, TRANSFER, OCCLUSION, PIPELINE_STATISTICS, TIMESTAMP, PRIMARY, SECONDARY, COLOR, STENCIL, FULL, SPLIT_BEGIN, SPLIT_END, RASTER, COPY, MOVE, RAYTRACE, BufferUsage, BufferFlags, MemoryAccess, MemoryUsage, TextureUsage, TextureFlags, FormatFeature, ShaderStageFlags, AccessFlags, DynamicStateFlags, ClearFlags, Size, DeviceCaps, DeviceOptions, Offset, Rect, Extent, TextureSubresLayers, TextureSubresRange, TextureCopy, TextureBlit, BufferTextureCopy, Viewport, Color, MarkerInfo, BindingMappingInfo, SwapchainInfo, DeviceInfo, BufferInfo, BufferViewInfo, DrawInfo, DispatchInfo, IndirectBuffer, TextureInfo, TextureViewInfo, Uniform, UniformBlock, UniformSamplerTexture, UniformSampler, UniformTexture, UniformStorageImage, UniformStorageBuffer, UniformInputAttachment, ShaderStage, Attribute, ShaderInfo, InputAssemblerInfo, ColorAttachment, DepthStencilAttachment, SubpassInfo, SubpassDependency, RenderPassInfo, ResourceRange, GeneralBarrierInfo, TextureBarrierInfo, BufferBarrierInfo, FramebufferInfo, DescriptorSetLayoutBinding, DescriptorSetLayoutInfo, DescriptorSetInfo, PipelineLayoutInfo, InputState, CommandBufferInfo, QueueInfo, QueryPoolInfo, FormatInfo, MemoryStatus, DynamicStencilStates, DynamicStates, GFXObject, ATTR_POSITION, ATTR_NORMAL, ATTR_TANGENT, ATTR_BITANGENT, ATTR_WEIGHTS, ATTR_JOINTS, ATTR_COLOR, ATTR_COLOR1, ATTR_COLOR2, ATTR_TEX_COORD, ATTR_TEX_COORD1, ATTR_TEX_COORD2, ATTR_TEX_COORD3, ATTR_TEX_COORD4, ATTR_TEX_COORD5, ATTR_TEX_COORD6, ATTR_TEX_COORD7, ATTR_TEX_COORD8, ATTR_BATCH_ID, ATTR_BATCH_UV, FormatInfos, DESCRIPTOR_BUFFER_TYPE, DESCRIPTOR_SAMPLER_TYPE, DESCRIPTOR_DYNAMIC_TYPE, DESCRIPTOR_STORAGE_BUFFER_TYPE, DRAW_INFO_SIZE, BufferSource, TextureHandle, Device, DefaultResource, Swapchain, Framebuffer, InputAssembler, DescriptorSetLayout, PipelineLayout, BlendState, BlendTarget, RasterizerState, DepthStencilState, PipelineStateInfo, PipelineState, Queue, RenderPass, Shader, Texture, GeneralBarrier, TextureBarrier, AUTO, CANVAS, HEADLESS, OPENGL, DeviceManager, deviceManager, programLib, RenderWindow, VERTICAL, HORIZONTAL, ORTHO, PERSPECTIVE, F1_8, F2_0, F2_2, F2_5, F2_8, F3_2, F3_5, F4_0, F4_5, F5_0, F5_6, F6_3, F7_1, F8_0, F9_0, F10_0, F11_0, F13_0, F14_0, F16_0, F18_0, F20_0, F22_0, ISO100, ISO200, ISO400, ISO800, D1, D2, D4, D8, D15, D30, D60, D125, D250, D500, D1000, D2000, D4000, DEFAULT, LEFT_EYE, RIGHT_EYE, MAIN, NO_TRACKING, POSITION_AND_ROTATION, POSITION, ROTATION, EDITOR, GAME_VIEW, SCENE_VIEW, PREVIEW, GAME, VALUE, SKYBOX_FLAG, Camera, SKINNING, BAKED_SKINNING, BATCH_2D, PARTICLE_BATCH, Model, SubModel, Ambient, HEMISPHERE_DIFFUSE, AUTOGEN_HEMISPHERE_DIFFUSE_WITH_REFLECTION, DIFFUSEMAP_WITH_REFLECTION, Skybox, ShadowSize, ShadowType, PCFType, CSMLevel, CSMOptimizationMode, Shadows, FogType, FOG_TYPE_NONE, Fog, Octree, Skin, DIRECTIONAL, SPHERE, SPOT, RANGED_DIRECTIONAL, nt2lm, Light, SKYBOX, SOLID_COLOR, PLANAR, ToneMappingType, PostSettings, OPAQUE, TRANSPARENT, OVERLAY, FORWARD, SHADOWCAST, genHandle, getTypeFromHandle, getBindingFromHandle, getCountFromHandle, getOffsetFromHandle, customizeType, MaterialProperty, type2reader, type2writer, type2validator, MacroRecord, PassOverrides, INSTANCING, TextureBufferPool, MaterialInstance, PassInstance, NODE, PASS, AABB, RENDER2D, NULL_HANDLE, Render2dHandle, UV, Render2dPool, NodeHandle, DIRTY_FLAG, LAYER, WORLD_SCALE, WORLD_POSITION, WORLD_ROTATION, WORLD_MATRIX, LOCAL_SCALE, LOCAL_POSITION, LOCAL_ROTATION, NodePool, PassHandle, PRIORITY, STAGE, PHASE, PRIMITIVE, BATCHING_SCHEME, DYNAMIC_STATE, HASH, PassPool, AABBHandle, HALFEXTENTS, AABBPool, RenderScene, CameraVisFlags, VisibilityFlags, Constructor, INT_BITS, INT_MAX, INT_MIN, Vec2, Vec3, Vec4, Quat, Mat3, Mat4, HALF_PI, TWO_PI, EPSILON, FloatArray, IVec2, IVec3, IVec4, IMat3, IMat4, IRect, IQuat, IColor, MATH_FLOAT_ARRAY, MathBase, Pool, RecyclePool, CachedArray, SHAPE_RAY, SHAPE_LINE, SHAPE_SPHERE, SHAPE_AABB, SHAPE_OBB, SHAPE_PLANE, SHAPE_TRIANGLE, SHAPE_FRUSTUM, SHAPE_FRUSTUM_ACCURATE, SHAPE_CAPSULE, SHAPE_SPLINE, intersect, Line, Plane, Ray, Triangle, Sphere, OBB, Capsule, Frustum, Keyframe, AnimationCurve, BEZIER, CATMULL_ROM, Spline, CLOSEST, ANY, IRayModelOptions, line, plane, ray, triangle, sphere, aabb, obb, capsule, frustum, VERSION, cclegacy, IDGenerator, MutableForwardIterator, js, value, getset, get, set, _idToClass, _nameToClass, _setClassId, BUILTIN_CLASSID_RE, BASE64_VALUES, replaceProperty, removeProperty, markAsWarning, convertUtils, uniquelyReferenced, ccclass, requireComponent, executionOrder, disallowMultiple, executeInEditMode, menu, playOnFocus, inspector, icon, help, integer, float, boolean, string, CCObject, Destroyed, RealDestroyed, ToDestroy, DontSave, EditorOnly, Dirty, DontDestroy, Destroying, Deactivating, LockedInEditor, HideInHierarchy, IsOnEnableCalled, IsEditorOnEnableCalled, IsPreloadStarted, IsOnLoadCalled, IsOnLoadStarted, IsStartCalled, IsRotationLocked, IsScaleLocked, IsAnchorLocked, IsSizeLocked, IsPositionLocked, IsSkipTransformUpdate, PersistentMask, AllHideMasks, CCInteger, CCFloat, CCBoolean, CCString, CompactValueTypeArray, editorExtrasTag, deserializeTag, serializeTag, SerializationContext, EventTarget, AsyncDelegate, VERBOSE, INFO, WARN, ERROR, INFO_FOR_WEB_PAGE, WARN_FOR_WEB_PAGE, ERROR_FOR_WEB_PAGE, screen, Screen, Scheduler, RealCurve, CONSTANT, CUBIC, LOOP, PING_PONG, BOTH, RealKeyframeValue, QuatCurve, SLERP, QuatKeyframeValue, ObjectCurve, ObjectCurveKeyframe, ColorKey, AlphaKey, Gradient, PATH, ENGINE, ASSETS, SCRIPTING, PHYSICS, RENDERING, LAUNCH, SCREEN, SPLASH_SCREEN, ANIMATION, PROFILING, PLUGINS, XR, settings, LOW, MEDIUM, HIGH, SCHEDULER, System, quadOutIn, cubicOutIn, quartOutIn, quintOutIn, sineOutIn, expoOutIn, circOutIn, elasticOutIn, backOutIn, bounceOutIn, BezierControlPoints, GLOBAL, MATERIAL, LOCAL, PIPELINE_FLOW_MAIN, PIPELINE_FLOW_FORWARD, PIPELINE_FLOW_SHADOW, PIPELINE_FLOW_SMAA, PIPELINE_FLOW_TONEMAP, globalDescriptorSetLayout, localDescriptorSetLayout, UBO_GLOBAL, UBO_CAMERA, UBO_SHADOW, UBO_CSM, SAMPLER_SHADOWMAP, SAMPLER_ENVIRONMENT, SAMPLER_SPOT_SHADOW_MAP, SAMPLER_DIFFUSEMAP, UBO_LOCAL, UBO_FORWARD_LIGHTS, UBO_SKINNING_ANIMATION, UBO_SKINNING_TEXTURE, UBO_MORPH, UBO_UI_LOCAL, UBO_SH, SAMPLER_JOINTS, SAMPLER_MORPH_POSITION, SAMPLER_MORPH_NORMAL, SAMPLER_MORPH_TANGENT, SAMPLER_LIGHTMAP, SAMPLER_SPRITE, SAMPLER_REFLECTION_PROBE_CUBE, SAMPLER_REFLECTION_PROBE_PLANAR, SAMPLER_REFLECTION_PROBE_DATA_MAP, bindingMappingInfo, TIME_OFFSET, SCREEN_SIZE_OFFSET, NATIVE_SIZE_OFFSET, PROBE_INFO_OFFSET, DEBUG_VIEW_MODE_OFFSET, SIZE, UBOGlobal, MAT_VIEW_OFFSET, MAT_VIEW_INV_OFFSET, MAT_PROJ_OFFSET, MAT_PROJ_INV_OFFSET, MAT_VIEW_PROJ_OFFSET, MAT_VIEW_PROJ_INV_OFFSET, CAMERA_POS_OFFSET, SURFACE_TRANSFORM_OFFSET, SCREEN_SCALE_OFFSET, EXPOSURE_OFFSET, MAIN_LIT_DIR_OFFSET, MAIN_LIT_COLOR_OFFSET, AMBIENT_SKY_OFFSET, AMBIENT_GROUND_OFFSET, GLOBAL_FOG_COLOR_OFFSET, GLOBAL_FOG_BASE_OFFSET, GLOBAL_FOG_ADD_OFFSET, NEAR_FAR_OFFSET, VIEW_PORT_OFFSET, UBOCamera, MAT_LIGHT_VIEW_OFFSET, MAT_LIGHT_VIEW_PROJ_OFFSET, SHADOW_INV_PROJ_DEPTH_INFO_OFFSET, SHADOW_PROJ_DEPTH_INFO_OFFSET, SHADOW_PROJ_INFO_OFFSET, SHADOW_NEAR_FAR_LINEAR_SATURATION_INFO_OFFSET, SHADOW_WIDTH_HEIGHT_PCF_BIAS_INFO_OFFSET, SHADOW_LIGHT_PACKING_NBIAS_NULL_INFO_OFFSET, SHADOW_COLOR_OFFSET, PLANAR_NORMAL_DISTANCE_INFO_OFFSET, UBOShadow, CSM_LEVEL_COUNT, CSM_VIEW_DIR_0_OFFSET, CSM_VIEW_DIR_1_OFFSET, CSM_VIEW_DIR_2_OFFSET, CSM_ATLAS_OFFSET, MAT_CSM_VIEW_PROJ_OFFSET, CSM_PROJ_DEPTH_INFO_OFFSET, CSM_PROJ_INFO_OFFSET, CSM_SPLITS_INFO_OFFSET, UBOCSM, UNIFORM_SHADOWMAP_BINDING, UNIFORM_ENVIRONMENT_BINDING, UNIFORM_DIFFUSEMAP_BINDING, UNIFORM_SPOT_SHADOW_MAP_TEXTURE_BINDING, MAT_WORLD_OFFSET, MAT_WORLD_IT_OFFSET, LIGHTINGMAP_UVPARAM, LOCAL_SHADOW_BIAS, REFLECTION_PROBE_DATA1, REFLECTION_PROBE_DATA2, REFLECTION_PROBE_BLEND_DATA1, REFLECTION_PROBE_BLEND_DATA2, BINDING, UBOLocal, UBOWorldBound, INST_MAT_WORLD, INST_SH, UBOLocalBatched, LIGHTS_PER_PASS, LIGHT_POS_OFFSET, LIGHT_COLOR_OFFSET, LIGHT_SIZE_RANGE_ANGLE_OFFSET, LIGHT_DIR_OFFSET, LIGHT_BOUNDING_SIZE_VS_OFFSET, UBOForwardLight, UBODeferredLight, JOINT_UNIFORM_CAPACITY, UBOSkinningTexture, UBOSkinningAnimation, INST_JOINT_ANIM_INFO, UBOSkinning, MAX_MORPH_TARGET_COUNT, OFFSET_OF_WEIGHTS, OFFSET_OF_DISPLACEMENT_TEXTURE_WIDTH, OFFSET_OF_DISPLACEMENT_TEXTURE_HEIGHT, OFFSET_OF_VERTICES_COUNT, COUNT_BASE_4_BYTES, UBOMorph, UBOUILocal, SH_LINEAR_CONST_R_OFFSET, SH_LINEAR_CONST_G_OFFSET, SH_LINEAR_CONST_B_OFFSET, SH_QUADRATIC_R_OFFSET, SH_QUADRATIC_G_OFFSET, SH_QUADRATIC_B_OFFSET, SH_QUADRATIC_A_OFFSET, UBOSH, UNIFORM_JOINT_TEXTURE_BINDING, UNIFORM_REALTIME_JOINT_TEXTURE_BINDING, UNIFORM_POSITION_MORPH_TEXTURE_BINDING, UNIFORM_NORMAL_MORPH_TEXTURE_BINDING, UNIFORM_TANGENT_MORPH_TEXTURE_BINDING, UNIFORM_LIGHTMAP_TEXTURE_BINDING, UNIFORM_SPRITE_TEXTURE_BINDING, UNIFORM_REFLECTION_PROBE_CUBEMAP_BINDING, UNIFORM_REFLECTION_PROBE_TEXTURE_BINDING, UNIFORM_REFLECTION_PROBE_DATA_MAP_BINDING, UNIFORM_REFLECTION_PROBE_BLEND_CUBEMAP_BINDING, CAMERA_DEFAULT_MASK, CAMERA_EDITOR_MASK, MODEL_ALWAYS_MASK, PipelineSceneData, InstancedBuffer, PipelineStateManager, PipelineEventProcessor, RENDER_FRAME_BEGIN, RENDER_FRAME_END, RENDER_CAMERA_BEGIN, RENDER_CAMERA_END, ATTACHMENT_SCALE_CAHNGED, DebugView, getPhaseID, PipelineInputAssemblerData, Node, Scene, EventHandler, Component, NodeActivator, Prefab, WORLD, SCALE, SKEW, RS, RSS, TRS_MASK, MobilityMode, TOUCH_START, TOUCH_MOVE, TOUCH_END, TOUCH_CANCEL, MOUSE_DOWN, MOUSE_MOVE, MOUSE_UP, MOUSE_WHEEL, MOUSE_ENTER, MOUSE_LEAVE, KEY_DOWN, KEY_UP, DEVICEMOTION, TRANSFORM_CHANGED, MOBILITY_CHANGED, SCENE_CHANGED_FOR_PERSISTS, SIZE_CHANGED, ANCHOR_CHANGED, COLOR_CHANGED, CHILD_ADDED, CHILD_REMOVED, PARENT_CHANGED, NODE_DESTROYED, LAYER_CHANGED, SIBLING_ORDER_CHANGED, CHILDREN_ORDER_CHANGED, ACTIVE_IN_HIERARCHY_CHANGED, COMPONENT_ADDED, COMPONENT_REMOVED, LIGHT_PROBE_CHANGED, LIGHT_PROBE_BAKING_CHANGED, ACTIVE_CHANGED, AmbientInfo, SkyboxInfo, FogInfo, ShadowsInfo, DEFAULT_WORLD_MIN_POS, DEFAULT_WORLD_MAX_POS, DEFAULT_OCTREE_DEPTH, OctreeInfo, SkinInfo, PostSettingsInfo, LightProbeInfo, SceneGlobals, PrivateNode, ModelRenderer, Renderer, MissingScript, PrefabLink, INIT, RESET, BEFORE_SCENE_LOADING, BEFORE_SCENE_LAUNCH, AFTER_SCENE_LAUNCH, BEFORE_UPDATE, AFTER_UPDATE, BEFORE_DRAW, AFTER_DRAW, BEFORE_COMMIT, BEFORE_RENDER, AFTER_RENDER, BEFORE_PHYSICS, AFTER_PHYSICS, BEGIN_FRAME, END_FRAME, director, game, Details, Asset, BufferAsset, RenderingSubMesh, SceneAsset, TextAsset, JsonAsset, ImageAsset, Texture2D, TextureCube, Material, RenderTexture, Script, JavaScript, TypeScript, assetManager, AssetManager, resources, CCLoader, loader, AssetLibrary, url, BuiltinResMgr, builtinResMgr, Event, EventAcceleration, EventKeyboard, EventMouse, EventTouch, EventGamepad, EventHandle, EventHMD, EventHandheld, Acceleration, MOBILE_BACK, BACKSPACE, TAB, ENTER, SHIFT_LEFT, CTRL_LEFT, ALT_LEFT, PAUSE, CAPS_LOCK, ESCAPE, SPACE, PAGE_UP, PAGE_DOWN, END, HOME, ARROW_LEFT, ARROW_UP, ARROW_RIGHT, ARROW_DOWN, INSERT, DELETE, DIGIT_0, DIGIT_1, DIGIT_2, DIGIT_3, DIGIT_4, DIGIT_5, DIGIT_6, DIGIT_7, DIGIT_8, DIGIT_9, KEY_A, KEY_B, KEY_C, KEY_D, KEY_E, KEY_F, KEY_G, KEY_H, KEY_I, KEY_J, KEY_K, KEY_L, KEY_M, KEY_N, KEY_O, KEY_P, KEY_Q, KEY_R, KEY_S, KEY_T, KEY_U, KEY_V, KEY_W, KEY_X, KEY_Y, KEY_Z, NUM_0, NUM_1, NUM_2, NUM_3, NUM_4, NUM_5, NUM_6, NUM_7, NUM_8, NUM_9, NUM_MULTIPLY, NUM_PLUS, NUM_SUBTRACT, NUM_DECIMAL, NUM_DIVIDE, F1, F2, F3, F4, F5, F6, F7, F8, F9, F10, F11, F12, NUM_LOCK, SCROLL_LOCK, SEMICOLON, COMMA, DASH, PERIOD, SLASH, BACK_QUOTE, BRACKET_LEFT, BACKSLASH, BRACKET_RIGHT, QUOTE, SHIFT_RIGHT, CTRL_RIGHT, ALT_RIGHT, NUM_ENTER, Touch, input, systemEvent, EventAssetsManager, Manifest, AssetsManager, Downloader, DebugRenderer, OnNativeEventListener, argv, adpf, PostProcessSetting, PostProcess, FSR, BlitScreen, TAA, ColorGrading, Bloom, HBAO, DOF, SettingPass, BasePass, ForwardPass, TAAPass, FSRPass, BlitScreenPass, ColorGradingPass, BloomPass, FxaaPass, ForwardFinalPass, ShadowPass, FloatOutputProcessPass, ForwardTransparencyPass, ForwardTransparencySimplePass, COPY_INPUT_DS_PASS_INDEX, SSSS_BLUR_X_PASS_INDEX, SSSS_BLUR_Y_PASS_INDEX, EXPONENT, I_SAMPLES_COUNT, SSSSBlurData, SkinPass, PostFinalPass, DofPass, PostProcessBuilder, PER_INSTANCE, PER_BATCH, PER_PHASE, PER_PASS, CONSTANTS, CBV, UAV, SRV, TABLE, SSV, MANAGED, MEMORYLESS, PERSISTENT, EXTERNAL, BACKBUFFER, MASK, BLEND, RENDER_OPAQUE, RENDER_CUTOUT, RENDER_TRANSPARENT, SYNC, ASYNC, OPAQUE_OBJECT, CUTOUT_OBJECT, TRANSPARENT_OBJECT, SHADOW_CASTER, DEFAULT_LIGHTING, VOLUMETRIC_LIGHTING, CLUSTERED_LIGHTING, PLANAR_SHADOW, PROFILER, DRAW_INSTANCING, DRAW_NON_INSTANCING, REFLECTION_PROBE, GPU_DRIVEN, NON_BUILTIN, CLUSTERED, READ, WRITE, FLOAT_TYPE, INT_TYPE, LightInfo, ResolvePair, CopyPair, UploadPair, MovePair, PipelineStatistics, RenderCommonObjectPool, INVALID_ID, enableEffectImport, customPipelineBuilderMap, BASIC, STANDARD, INPUT_DEPTH_STENCIL, INPUT_COLOR, INPUT_COLOR_MRT, HETEROGENEOUS_SAMPLE_COUNT, PipelineCapabilities, Frame, Sound, EventType, None, SameLayer, SameGroup, SameLayerAndGroup, All, CCFactory, CCSlot, CCTextureAtlasData, CCTextureData, CCArmatureDisplay, ArmatureCache, DragonBonesAsset, DragonBonesAtlasAsset, timeScale, REALTIME, SHARED_CACHE, PRIVATE_CACHE, DragonBoneSocket, ArmatureDisplay, AttachUtil, webAssemblyModule, WeigthBoneCount, WeigthFloatOffset, WeigthBoneIndices, MeshVertexCount, MeshTriangleCount, MeshFloatOffset, MeshWeightOffset, MeshVertexIndices, TimelineScale, TimelineOffset, TimelineKeyFrameCount, TimelineFrameValueCount, TimelineFrameValueOffset, TimelineFrameOffset, FramePosition, FrameTweenType, FrameTweenEasingOrCurveSampleCount, FrameCurveSamples, DeformMeshOffset, DeformCount, DeformValueCount, DeformValueOffset, DeformFloatOffset, Armature, MovieClip, Stage, Bone, Surface, Image, Mesh, BoundingBox, Rectangle, Ellipse, Polygon, Play, Stop, GotoAndPlay, GotoAndStop, FadeIn, FadeOut, Normal, Add, Alpha, Darken, Difference, Erase, HardLight, Invert, Layer, Lighten, Multiply, Overlay, Subtract, Curve, QuadIn, QuadOut, QuadInOut, Action, ZOrder, BoneAll, BoneTranslate, BoneRotate, BoneScale, SlotDisplay, SlotColor, SlotFFD, IKConstraint, AnimationTime, AnimationWeight, Additive, Override, DragonBones, BaseObject, Matrix, Transform, ColorTransform, Point, UserData, ActionData, DragonBonesData, ArmatureData, BoneData, SurfaceData, SlotData, ConstraintData, IKConstraintData, CanvasData, SkinData, DisplayData, ImageDisplayData, ArmatureDisplayData, MeshDisplayData, BoundingBoxDisplayData, WeightData, GlueData, BoundingBoxData, RectangleBoundingBoxData, EllipseBoundingBoxData, PolygonBoundingBoxData, AnimationData, TimelineData, AnimationConfig, TextureAtlasData, TextureData, TransformObject, Slot, Constraint, WorldClock, Animation, BonePose, Once, Always, TimelineState, TweenTimelineState, BoneTimelineState, SlotTimelineState, ConstraintTimelineState, ActionTimelineState, ZOrderTimelineState, BoneAllTimelineState, BoneTranslateTimelineState, BoneRotateTimelineState, BoneScaleTimelineState, SurfaceTimelineState, SlotDislayTimelineState, SlotColorTimelineState, SlotFFDTimelineState, IKConstraintTimelineState, AnimationTimelineState, EventObject, EventStringType, DataParser, ObjectDataParser, ActionFrame, BinaryDataParser, BaseFactory, BuildArmaturePackage, DeformVertices, GeometryRenderer, EmptyDevice, WebGLDevice, WebGL2Device, WebGPUDevice, graphicsAssembler, Intersection2D, ForwardPipeline, ForwardFlow, ForwardStage, DeferredPipeline, MainFlow, GbufferStage, LightingStage, BloomStage, PostProcessStage, ShadowFlow, ShadowStage, ReflectionProbeFlow, ReflectionProbeStage, RenderPipeline, RenderFlow, RenderStage, PlaceMethod, AutoPlacement, Vertex, CircumSphere, Tetrahedron, Delaunay, LightProbeSampler, SH, LightProbesData, LightProbes, LightProbeGroup, GRAPHICS_RECT, GRAPHICS_ELLIPSE, GRAPHICS_STENCIL, SPRITE_STENCIL, ParticleSystem2D, MotionStreak, MotionStreakAssemblerManager, ParticleSystem2DAssembler, ParticleAsset, Billboard, ParticleSystem, ParticleUtils, CurveRange, GradientRange, Burst, Physics2DUtils, selector, Static, Kinematic, Dynamic, Animated, BOX, CIRCLE, POLYGON, DISTANCE, SPRING, WHEEL, MOUSE, FIXED, SLIDER, RELATIVE, HINGE, PhysicsGroup, Closest, Any, AllClosest, Contact2DType, Shape, Joint, Aabb, Pair, CenterOfMass, Particle, Controller, PHYSICS_2D_PTM_RATIO, PhysicsSystem2D, Circles, FaceA, FaceB, RigidBody2D, Collider2D, BoxCollider2D, CircleCollider2D, PolygonCollider2D, Joint2D, DistanceJoint2D, SpringJoint2D, MouseJoint2D, RelativeJoint2D, SliderJoint2D, FixedJoint2D, WheelJoint2D, HingeJoint2D, TriggerEventType, TriggerCallback, CollisionEventType, CollisionCallback, CharacterTriggerEventType, CharacterCollisionEventType, CharacterControllerContact, PhysicsSystem, PhysicsRayResult, PhysicsLineStripCastResult, BoxCollider, SphereCollider, CapsuleCollider, MeshCollider, CylinderCollider, ConeCollider, TerrainCollider, PlaneCollider, HingeConstraint, FixedConstraint, PointToPointConstraint, ConfigurableConstraint, PhysicsMaterial, ConstantForce, CharacterController, BoxCharacterController, CapsuleCharacterController, VEC3_0, TriggerEventObject, CharacterTriggerEventObject, CollisionEventObject, DYNAMIC, STATIC, KINEMATIC, X_AXIS, Y_AXIS, Z_AXIS, X, Y, Z, SWING1, SWING2, TWIST, TRIANGLE, TETRAHEDRON, CAPSULE, CYLINDER, CONE, MESH, PLANE, SIMPLEX, TERRAIN, POINT_TO_POINT, CONFIGURABLE, FREE, LIMITED, LOCKED, DISABLED, SERVO, INDUCTION, WIRE_FRAME, CONSTRAINT, ITriggerEvent, IContactEquation, ICollisionEvent, cylinder, Profiler, profiler, SkelAnimDataHub, SkeletalAnimationState, Socket, SkeletalAnimation, SortingLayers, Sorting2D, Sorting, String, SPVectorFloat, Timeline, setup, first, replace, add, mixIn, mixOut, rotate, translate, scale, shear, attachment, color, deform, event, drawOrder, ikConstraint, transformConstraint, pathConstraintPosition, pathConstraintSpacing, pathConstraintMix, twoColor, CurveTimeline, RotateTimeline, TranslateTimeline, ScaleTimeline, ShearTimeline, ColorTimeline, TwoColorTimeline, RGBATimeline, AttachmentTimeline, DeformTimeline, EventTimeline, DrawOrderTimeline, IkConstraintTimeline, TransformConstraintTimeline, PathConstraintPositionTimeline, PathConstraintSpacingTimeline, PathConstraintMixTimeline, TrackEntry, EventQueue, start, interrupt, end, complete, dispose, AnimationStateAdapter, AnimationStateData, AtlasAttachmentLoader, OnlyTranslation, NoRotationOrReflection, NoScale, NoScaleOrReflection, EventData, IkConstraint, IkConstraintData, PathConstraint, PathConstraintData, Fixed, Percent, Length, Tangent, Chain, ChainScale, SharedAssetManager, SkeletonBinary, SkeletonBounds, SkeletonClipping, SkeletonData, SkeletonJson, SkinEntry, Nearest, Linear, MipMap, MipMapNearestNearest, MipMapLinearNearest, MipMapNearestLinear, MipMapLinearLinear, MirroredRepeat, ClampToEdge, Repeat, TextureRegion, FakeTexture, TextureAtlas, TextureAtlasPage, TextureAtlasRegion, TransformConstraint, TransformConstraintData, Triangulator, Updatable, IntSet, MathUtils, Interpolation, Pow, PowOut, Utils, DebugUtils, Vector2, TimeKeeper, WindowedMean, VertexEffect, Attachment, VertexAttachment, Region, LinkedMesh, Path, Clipping, BoundingBoxAttachment, ClippingAttachment, MeshAttachment, PathAttachment, PointAttachment, RegionAttachment, JitterEffect, SwirlEffect, SkeletonSystem, SkeletonInstance, wasmUtil, REGION, BOUNDING_BOX, SKINNED_MESH, START, INTERRUPT, COMPLETE, DISPOSE, EVENT, UNSET, AnimationCacheMode, DefaultAnimsEnum, SpineSocket, VertexEffectDelegate, simpleSpineAssembler, SPINE_VERSION, HeightField, TerrainInfo, TerrainLayer, TerrainBlockLightmapInfo, TerrainBlock, Terrain, TERRAIN_MAX_LEVELS, TERRAIN_MAX_BLEND_LAYERS, TERRAIN_MAX_LAYER_COUNT, TERRAIN_BLOCK_TILE_COMPLEXITY, TERRAIN_BLOCK_VERTEX_COMPLEXITY, TERRAIN_BLOCK_VERTEX_SIZE, TERRAIN_HEIGHT_BASE, TERRAIN_HEIGHT_FACTORY, TERRAIN_HEIGHT_FACTORY_V7, TERRAIN_HEIGHT_FMIN, TERRAIN_HEIGHT_FMAX, TERRAIN_NORTH_INDEX, TERRAIN_SOUTH_INDEX, TERRAIN_WEST_INDEX, TERRAIN_EAST_INDEX, TERRAIN_DATA_VERSION, TERRAIN_DATA_VERSION2, TERRAIN_DATA_VERSION3, TERRAIN_DATA_VERSION4, TERRAIN_DATA_VERSION5, TERRAIN_DATA_VERSION6, TERRAIN_DATA_VERSION7, TERRAIN_DATA_VERSION8, TERRAIN_DATA_VERSION_DEFAULT, TerrainLayerInfo, TerrainLayerBinaryInfo, TerrainAsset, TiledMap, TiledMapAsset, TiledUserNodeData, TiledLayer, TiledObjectGroup, TiledTile, tiledLayerAssembler, TweenSystem, TweenAction, TweenCustomProgress, TweenCustomEasing, TweenUpdateCallback, TweenUpdateUntilCallback, Tween, TweenEasing, UISkew, Button, EditBox, Layout, ProgressBar, ScrollBar, ScrollView, Slider, Toggle, ToggleContainer, ViewGroup, PageView, PageViewIndicator, SafeArea, UICoordinateTracker, BlockInputEvents, SubContextView, widgetManager, View, ResolutionPolicy, view, UIReorderComponent, PENDING, PURCHASED, UNSPECIFIED_STATE, QueryProductDetailsParamsProduct, DISCONNECTED, CONNECTING, CONNECTED, CLOSED, SERVICE_TIMEOUT, FEATURE_NOT_SUPPORTED, SERVICE_DISCONNECTED, OK, USER_CANCELED, SERVICE_UNAVAILABLE, BILLING_UNAVAILABLE, ITEM_UNAVAILABLE, DEVELOPER_ERROR, ITEM_ALREADY_OWNED, ITEM_NOT_OWNED, NETWORK_ERROR, SUBSCRIPTIONS, SUBSCRIPTIONS_UPDATE, PRICE_CHANGE_CONFIRMATION, IN_APP_MESSAGING, PRODUCT_DETAILS, BILLING_CONFIG, ALTERNATIVE_BILLING_ONLY, EXTERNAL_OFFER, INAPP, SUBS, UNKNOWN_IN_APP_MESSAGE_CATEGORY_ID, TRANSACTIONAL, UNKNOWN_REPLACEMENT_MODE, WITH_TIME_PRORATION, CHARGE_PRORATED_PRICE, WITHOUT_PRORATION, CHARGE_FULL_PRICE, DEFERRED, NO_ACTION_NEEDED, SUBSCRIPTION_STATUS_UPDATED, INFINITE_RECURRING, FINITE_RECURRING, NON_RECURRING, ProductDetailsParams, SubscriptionUpdateParams, AuthenticationResult, RecallAccess, PlayException, Achievement, AchievementBuffer, AnnotatedData, PlayGamesSdk, PlayGames, GamesSignInClient, AchievementsClient, RecallClientHelper, RecallClient, Continuation, Task, VideoClip, VideoPlayer, WebView, Other, Left, Right, XRUI_HOVER_ENTERED, XRUI_HOVER_EXITED, XRUI_HOVER_STAY, XRUI_CLICK, XRUI_UNCLICK, XR_CAPS_LOCK, XR_KEYBOARD_INIT, XR_KEYBOARD_INPUT, TO_LATIN, TO_SYMBOL, TO_MATH_SYMBOL, XrUIPressEvent, find, bits, v2, v3, v4, quat, mat4, size, rect, equals, approx, clamp, clamp01, lerp, toRadian, toDegree, random, setRandGenerator, randomRange, randomRangeInt, pseudoRandom, pseudoRandomRange, pseudoRandomRangeInt, nextPow2, repeat, pingPong, inverseLerp, absMaxComponent, absMax, enumerableProps, floatToHalf, halfToFloat, IColorLike, IMat3Like, IMat4Like, IQuatLike, IRectLike, ISizeLike, IVec2Like, IVec3Like, IVec4Like, Collider, ColliderComponent, BoxColliderComponent, SphereColliderComponent, CapsuleColliderComponent, MeshColliderComponent, CylinderColliderComponent, SimplexCollider, RigidBody, RigidBodyComponent, PhysicMaterial, ERigidBodyType, EAxisDirection, EColliderType, EPhysicsDrawFlags, loadWasmModuleSpine, _cocos_core_data_editor_extendable__EditorExtendable, _cocos_animation_embedded_player_embedded_player__EmbeddedPlayableState, _cocos_animation_embedded_player_embedded_particle_system_player__EmbeddedParticleSystemPlayableState, _cocos_animation_embedded_player_embedded_animation_clip_player__EmbeddedAnimationClipPlayableState, _cocos_3d_skeletal_animation_skeletal_animation_blending__BlendingPropertyName, _cocos_3d_skeletal_animation_skeletal_animation_blending__BlendStateWriterInternal, _cocos_3d_skeletal_animation_skeletal_animation_blending__BlendStateWriter, _cocos_3d_skeletal_animation_skeletal_animation_blending__NodeBlendState, _cocos_3d_skeletal_animation_skeletal_animation_blending__BlendStateBuffer, _cocos_animation_pose_output__Pose, _cocos_animation_pose_output__PoseOutput, _cocos_animation_tracks_track__TrackBinding, _cocos_animation_tracks_track__Binder, _cocos_animation_exotic_animation_exotic_animation__FloatArray, FLOAT_32, FLOAT_64, _cocos_animation_exotic_animation_exotic_animation__QuantizationType, _cocos_animation_exotic_animation_exotic_animation__UintArray, _cocos_animation_exotic_animation_exotic_animation__QuantizedFloatArray, _cocos_animation_exotic_animation_exotic_animation__MayBeQuantized, _cocos_animation_exotic_animation_exotic_animation__ExoticVectorLikeTrackValues, _cocos_animation_exotic_animation_exotic_animation__ExoticVec3TrackValues, _cocos_animation_exotic_animation_exotic_animation__ExoticTrack, _cocos_animation_exotic_animation_exotic_animation__ExoticVec3Track, _cocos_animation_exotic_animation_exotic_animation__ExoticQuatTrackValues, _cocos_animation_exotic_animation_exotic_animation__ExoticQuatTrack, _cocos_animation_exotic_animation_exotic_animation__ExoticNodeAnimationEvaluator, _cocos_animation_core_transform__ReadonlyTransform, _cocos_animation_core_transform__Transform, _cocos_animation_core_transform_array__TransformArray, COMPONENT, _cocos_animation_core_pose__Pose, _cocos_animation_exotic_animation_exotic_animation__ExoticNodeAnimationAGEvaluation, _cocos_animation_exotic_animation_exotic_animation__SplitInfo, _cocos_animation_exotic_animation_exotic_animation__ExoticNodeAnimation, _cocos_animation_exotic_animation_exotic_animation__ExoticTrsAnimationEvaluator, _cocos_animation_exotic_animation_exotic_animation__ExoticTrsAGEvaluation, _cocos_animation_tracks_track__Curve, _cocos_animation_tracks_track__Channel, _cocos_animation_tracks_track__RealChannel, _cocos_animation_define__createEvalSymbol, _cocos_animation_tracks_array_track__RealArrayTrackEval, _cocos_animation_core_pose__TransformFilter, _editor_src_marionette_preview__MotionEvalRecord, _editor_src_marionette_preview__AnimationGraphPartialPreviewer, _cocos_serialization_deserialize_symbols__onAfterDeserializedTag, __types_globals__Constructor, _editor_src_marionette_pose_graph_editor_api__Constructor, _editor_src_marionette_visit_visit_pose_node__PoseNodeLocationRoot, _editor_src_marionette_visit_visit_pose_node__PoseNodeLocation, _cocos_particle_2d_tiff_reader__fieldTypeNames, _cocos_particle_2d_tiff_reader__FieldTypeNamesKey, _cocos_particle_2d_tiff_reader__FieldTypeNamesValue, _cocos_particle_2d_tiff_reader__fieldTagNames, _cocos_particle_2d_tiff_reader__FieldTagNamesKey, _cocos_particle_2d_tiff_reader__FieldTagNamesValue, _cocos_serialization_compiled_builtin_value_type__ValueTypeData, _cocos_core_platform_macro__KEY, __types_globals__TypedArray, _cocos_2d_renderer_native_2d__NativeUIMeshBuffer, ENTER_LEVEL, ENABLED, EXIT_LEVEL, CLEAR_INVERTED, ENTER_LEVEL_INVERTED, RGB565, RGBA4444, RGB888, RGBA8888, BGRA8888, I8, AI8, RGB_PVRTC_2BPPV1, RGBA_PVRTC_2BPPV1, RGB_A_PVRTC_2BPPV1, RGB_PVRTC_4BPPV1, RGBA_PVRTC_4BPPV1, RGB_A_PVRTC_4BPPV1, RGB_ETC1, RGBA_ETC1, RGB_ETC2, RGBA_ETC2, RGBA_ASTC_4x4, RGBA_ASTC_5x4, RGBA_ASTC_5x5, RGBA_ASTC_6x5, RGBA_ASTC_6x6, RGBA_ASTC_8x5, RGBA_ASTC_8x6, RGBA_ASTC_8x8, RGBA_ASTC_10x5, RGBA_ASTC_10x6, RGBA_ASTC_10x8, RGBA_ASTC_10x10, RGBA_ASTC_12x10, RGBA_ASTC_12x12, REPEAT, CLAMP_TO_EDGE, MIRRORED_REPEAT, CLAMP_TO_BORDER, NEAREST, _cocos_asset_assets_texture_base__TextureBase, _cocos_2d_assets_bitmap_font__FontLetterDefinition, _cocos_2d_assembler_label_font_utils__LetterTexture, _cocos_2d_assembler_label_font_utils__LetterAtlas, _cocos_2d_assets_bitmap_font__FontAtlas, _cocos_asset_assets_image_asset__ImageSource, RECT, _cocos_2d_renderer_static_vb_accessor__StaticVBChunk, _cocos_2d_renderer_buffer_accessor__BufferAccessor, _cocos_2d_renderer_static_vb_accessor__StaticVBAccessor, _cocos_2d_renderer_draw_batch__DrawBatch2D, MASK_INVERTED, MASK_NODE, MASK_NODE_INVERTED, _cocos_2d_renderer_native_2d__NativeRenderDrawInfo, _cocos_2d_renderer_native_2d__NativeRenderEntity, COMP, MODEL, MIDDLEWARE, SUB_NODE, _cocos_2d_renderer_render_draw_info__RenderDrawInfo, CROSSED, _cocos_2d_renderer_render_entity__RenderEntity, SIMPLE, SLICED, TILED, FILLED, RADIAL, CUSTOM, TRIMMED, RAW, SPRITE_FRAME_CHANGED, _cocos_2d_assembler_label_font_utils__CanvasPool, _cocos_2d_assembler_label_font_utils__LetterRenderTexture, _cocos_2d_assembler_label_text_style__TextStyle, _cocos_2d_assembler_label_text_layout__TextLayout, _cocos_2d_assembler_label_text_output_data__TextOutputRenderData, _cocos_2d_assembler_label_text_output_data__TextOutputLayoutData, BEVEL, ROUND, MITER, BUTT, SQUARE, _cocos_2d_assembler_graphics_webgl_impl__Point, _cocos_2d_assembler_graphics_webgl_impl__Path, PT_CORNER, PT_LEFT, PT_BEVEL, PT_INNERBEVEL, _cocos_2d_assembler_graphics_webgl_impl__Impl, _cocos_2d_renderer_native_2d__NativeUIModelProxy, _cocos_2d_renderer_native_2d__NativeBatcher2d, _cocos_2d_utils_dynamic_atlas_atlas__DynamicAtlasTexture, USE_LIGHT_PROBE_CHANGED, REFLECTION_PROBE_CHANGED, BAKE_TO_REFLECTION_PROBE_CHANGED, _cocos_3d_framework_mesh_renderer__ModelBakeSettings, _cocos_3d_framework_mesh_renderer__ModelShadowCastingMode, __types_globals__EnumAlias, _cocos_3d_framework_mesh_renderer__ModelShadowReceivingMode, _cocos_3d_lights_light_component__StaticLightSettings, _cocos_3d_lights_light_component__PhotometricTerm, _cocos_3d_models_morph_model__MorphModel, _cocos_3d_models_skinning_model__SkinningModel, _cocos_3d_models_baked_skinning_model__BakedSkinningModel, Default, Reverse, Loop, LoopReverse, PingPong, PingPongReverse, _cocos_animation_animation_clip__EventEvaluator, _cocos_animation_animation_clip__EmbeddedPlayerEvaluation, _cocos_animation_animation_clip__TrackEvalStatus, _cocos_animation_animation_clip__ExoticAnimationEvaluator, _cocos_animation_animation_clip__BoneTransform, _cocos_animation_animation_clip__RootMotionEvaluation, _cocos_animation_animation_clip__AnimationClipEvaluation, _cocos_animation_internal_symbols__BAKE_SKELETON_CURVE_SYMBOL, _cocos_animation_tracks_untyped_track__UntypedTrackRefine, _cocos_animation_animation_clip__searchForRootBonePathSymbol, _cocos_animation_animation_clip__WrapMode_, _cocos_animation_types__WrappedInfo, _cocos_animation_playable__Playable, PLAY, STOP, RESUME, LASTFRAME, FINISHED, _cocos_animation_cross_fade__CrossFade, _cocos_core_event_eventify__EventType, _cocos_animation_animation_component__Animation_base, _cocos_animation_animation_component__EventType_, _cocos_animation_tracks_track__trackBindingTag, _cocos_animation_tracks_track__parseTrsPathTag, _cocos_animation_tracks_track__normalizedFollowTag, _cocos_animation_tracks_track__SingleChannelTrack, _cocos_animation_tracks_vector_track__Vec2TrackEval, _cocos_animation_tracks_vector_track__Vec3TrackEval, _cocos_animation_tracks_vector_track__Vec4TrackEval, _cocos_animation_tracks_quat_track__QuatTrackEval, _cocos_animation_tracks_color_track__ColorTrackEval, _cocos_animation_tracks_size_track__SizeTrackEval, _cocos_animation_cubic_spline_value__CubicSplineValueConstructor, _cocos_3d_skeletal_animation_skeletal_animation_blending__LegacyVec3PropertyBlendState, _cocos_3d_skeletal_animation_skeletal_animation_blending__LegacyQuatPropertyBlendState, _cocos_3d_skeletal_animation_skeletal_animation_blending__LegacyNodeBlendState, _cocos_3d_skeletal_animation_skeletal_animation_blending__LegacyBlendStateBuffer, DOM_AUDIO, WEB_AUDIO, MINIGAME_AUDIO, NATIVE_AUDIO, UNKNOWN_AUDIO, _pal_audio__OneShotAudio, _pal_audio__AudioPlayer, PLAYING, PAUSED, STOPPED, INTERRUPTED, STARTED, ENDED, _pal_audio_type__AudioBufferView, _cocos_rendering_global_descriptor_set_manager__GlobalDSManager, _cocos_rendering_pipeline_event__PipelineEventCallback, _cocos_3d_skeletal_animation_skeletal_animation_utils__JointTexturePool, _cocos_3d_skeletal_animation_skeletal_animation_utils__JointAnimationInfo, _cocos_3d_skeletal_animation_data_pool_manager__DataPoolManager, _cocos_gfx_base_states_buffer_barrier__BufferBarrier, __types_globals__TypedArrayConstructor, _cocos_core_data_gc_object__GCObject, _cocos_render_scene_core_program_lib__ProgramLib, __types_globals__RecursivePartial, UINT32, FLOAT32, _cocos_render_scene_core_memory_pools__BufferDataTypeManifest, _cocos_render_scene_core_memory_pools__BufferDataMembersManifest, _cocos_render_scene_core_memory_pools__BufferArrayType, _cocos_render_scene_core_memory_pools__BufferPool, _cocos_core_memop_scalable_container__ScalableContainer, ShouldWrap, Clamp, _cocos_core_geometry_curve__OptimizedKey, _cocos_core_utils_pool__CleanUpFunction, __types_globals__Getter, __types_globals__Setter, _cocos_core_platform_debug__StringSubstitution, _cocos_core_data_utils_attribute_defines__GroupOptions, _cocos_core_data_decorators_property__IPropertyOptions, _cocos_core_data_decorators_utils__Initializer, _cocos_core_data_decorators_utils__BabelPropertyDecoratorDescriptor, _cocos_core_data_decorators_utils__LegacyPropertyDecorator, _cocos_core_data_decorators_property__SimplePropertyType, _cocos_core_data_decorators_property__PropertyType, _cocos_core_data_utils_attribute__PrimitiveType, DELIMETER, PrimitiveType, Uint8, Uint16, Uint32, Int8, Int16, Int32, Float32, Float64, Scalar, _cocos_core_data_custom_serializable__DeserializationContext, _cocos_core_event_event_target__Empty, _cocos_core_event_eventify__Constructor, _pal_screen_adapter_enum_type_screen_event__PalScreenEvent, WEBP, IMAGE_BITMAP, WEB_VIEW, VIDEO_PLAYER, SAFE_AREA, HPE, INPUT_TOUCH, EVENT_KEYBOARD, EVENT_MOUSE, EVENT_TOUCH, EVENT_ACCELEROMETER, EVENT_GAMEPAD, EVENT_HANDLE, EVENT_HMD, EVENT_HANDHELD, WASM, LAN, WWAN, ENGLISH, CHINESE, FRENCH, ITALIAN, GERMAN, SPANISH, DUTCH, RUSSIAN, KOREAN, JAPANESE, HUNGARIAN, PORTUGUESE, ARABIC, NORWEGIAN, POLISH, TURKISH, UKRAINIAN, ROMANIAN, BULGARIAN, HINDI, IOS, ANDROID, WINDOWS, LINUX, OSX, OHOS, OPENHARMONY, EDITOR_PAGE, EDITOR_CORE, MOBILE_BROWSER, DESKTOP_BROWSER, WIN32, MACOS, WECHAT_GAME, WECHAT_MINI_PROGRAM, XIAOMI_QUICK_GAME, ALIPAY_MINI_GAME, TAOBAO_CREATIVE_APP, TAOBAO_MINI_GAME, BYTEDANCE_MINI_GAME, OPPO_MINI_GAME, VIVO_MINI_GAME, HUAWEI_QUICK_GAME, MIGU_MINI_GAME, HONOR_MINI_GAME, WECHAT, IE, EDGE, QQ, MOBILE_QQ, UC, UCBS, BROWSER_360, BAIDU_APP, BAIDU, MAXTHON, OPERA, OUPENG, MIUI, FIREFOX, SAFARI, CHROME, LIEBAO, QZONE, SOUGOU, HUAWEI, _cocos_core_scheduler__CallbackType, __types_globals__AnyFunction, _cocos_core_curves_curve__RealKeyframeValueParameters, _cocos_core_curves_keyframe_curve__KeyFrame, _cocos_core_curves_keyframe_curve__KeyframeCurve, QUAD_IN, QUAD_OUT, QUAD_IN_OUT, QUAD_OUT_IN, CUBIC_IN, CUBIC_OUT, CUBIC_IN_OUT, CUBIC_OUT_IN, QUART_IN, QUART_OUT, QUART_IN_OUT, QUART_OUT_IN, QUINT_IN, QUINT_OUT, QUINT_IN_OUT, QUINT_OUT_IN, SINE_IN, SINE_OUT, SINE_IN_OUT, SINE_OUT_IN, EXPO_IN, EXPO_OUT, EXPO_IN_OUT, EXPO_OUT_IN, CIRC_IN, CIRC_OUT, CIRC_IN_OUT, CIRC_OUT_IN, ELASTIC_IN, ELASTIC_OUT, ELASTIC_IN_OUT, ELASTIC_OUT_IN, BACK_IN, BACK_OUT, BACK_IN_OUT, BACK_OUT_IN, BOUNCE_IN, BOUNCE_OUT, BOUNCE_IN_OUT, BOUNCE_OUT_IN, SMOOTH, FADE, _cocos_core_curves_quat_curve__QuatKeyframeValueParameters, Blend, _cocos_core_value_types_enum__EnumType, _cocos_rendering_shadow_csm_layers__ShadowLayerVolume, _cocos_rendering_shadow_csm_layers__CSMShadowLayer, _cocos_rendering_shadow_csm_layers__CSMLayers, VERTEX_COLOR, VERTEX_NORMAL, VERTEX_TANGENT, WORLD_POS, VERTEX_MIRROR, FACE_SIDE, UV0, UV1, UV_LIGHTMAP, PROJ_DEPTH, LINEAR_DEPTH, FRAGMENT_NORMAL, FRAGMENT_TANGENT, FRAGMENT_BINORMAL, BASE_COLOR, DIFFUSE_COLOR, SPECULAR_COLOR, TRANSPARENCY, METALLIC, ROUGHNESS, SPECULAR_INTENSITY, IOR, DIRECT_DIFFUSE, DIRECT_SPECULAR, DIRECT_ALL, ENV_DIFFUSE, ENV_SPECULAR, ENV_ALL, EMISSIVE, LIGHT_MAP, SHADOW, AO, FRESNEL, DIRECT_TRANSMIT_DIFFUSE, DIRECT_TRANSMIT_SPECULAR, ENV_TRANSMIT_DIFFUSE, ENV_TRANSMIT_SPECULAR, TRANSMIT_ALL, DIRECT_TRT, ENV_TRT, TRT_ALL, FOG, SINGLE, COMPOSITE_AND_MISC, NORMAL_MAP, TONE_MAPPING, GAMMA_CORRECTION, TRANSMIT_DIFFUSE, TRANSMIT_SPECULAR, TRT, TT, MAX_BIT_COUNT, ADD_POINTER_EVENT_PROCESSOR, REMOVE_POINTER_EVENT_PROCESSOR, MARK_LIST_DIRTY, _cocos_core_event_callbacks_invoker__CallbackInfo, _cocos_core_event_callbacks_invoker__CallbackList, _cocos_core_event_callbacks_invoker__EventType, _cocos_core_event_callbacks_invoker__CallbacksInvoker, KEY_PRESSING, GAMEPAD_INPUT, GAMEPAD_CHANGE, HANDLE_INPUT, HANDLE_POSE_INPUT, HMD_POSE_INPUT, HANDHELD_POSE_INPUT, _cocos_input_types_event_enum__SystemEventTypeUnion, _cocos_scene_graph_node_event_processor__NodeEventProcessor, __types_globals__AbstractedConstructor, _cocos_scene_graph_node_ui_properties__NodeUIProperties, _cocos_scene_graph_component_scheduler__InvokeFunc, _cocos_scene_graph_component_scheduler__LifeCycleInvoker, _cocos_scene_graph_node_activator__UnsortedInvoker, _cocos_scene_graph_component_scheduler__OneOffInvoker, _cocos_asset_assets_material__MaterialPropertyFull, TARGET_TEXTURE_CHANGE, _cocos_misc_camera_component__ProjectionType, _cocos_misc_camera_component__FOVAxis, _cocos_misc_camera_component__ClearFlag, _cocos_misc_camera_component__Aperture, _cocos_misc_camera_component__Shutter, _cocos_misc_camera_component__ISO, _cocos_scene_graph_component_scheduler__ReusableInvoker, _cocos_scene_graph_component_scheduler__ComponentScheduler, _pal_screen_adapter__ConfigOrientation, _cocos_serialization_deserialize__SharedString, _cocos_serialization_deserialize__EMPTY_PLACEHOLDER, _cocos_serialization_deserialize__Empty, _cocos_serialization_deserialize__Ctor, _cocos_serialization_deserialize__AnyCtor, _cocos_serialization_deserialize__IClass, _cocos_serialization_deserialize_dynamic__DeserializerPool, _cocos_serialization_deserialize_dynamic__ClassFinder, _cocos_serialization_deserialize_dynamic__ReportMissingClass, _cocos_serialization_deserialize_dynamic__TypedArrayViewConstructorName, _cocos_serialization_deserialize_dynamic__NotA, _cocos_serialization_deserialize_dynamic__NotB, _cocos_serialization_deserialize_dynamic__FooName, _cocos_serialization_deserialize_dynamic__NotKnownTypeTag, _cocos_serialization_deserialize_dynamic__NotTypeTag, _cocos_serialization_deserialize_dynamic__SerializedFieldObjectValue, _cocos_serialization_deserialize_dynamic__SerializedFieldValue, _cocos_serialization_deserialize_dynamic__SerializedGeneralTypedObject, _cocos_serialization_deserialize_dynamic__SerializedObject, _cocos_serialization_deserialize_dynamic__SerializedData, _cocos_serialization_deserialize_dynamic___Deserializer, _cocos_serialization_deserialize_dynamic__CompiledDeserializeFn, _cocos_serialization_deserialize__AnyCCClass, _cocos_serialization_deserialize__IMask, _cocos_serialization_deserialize__InstanceIndex, _cocos_serialization_deserialize__ReverseIndex, _cocos_serialization_deserialize__Bnot, _cocos_serialization_deserialize__InstanceBnotReverseIndex, _cocos_serialization_deserialize__IValueTypeData, _cocos_serialization_deserialize__ITRSData, _cocos_serialization_deserialize__CUSTOM_OBJ_DATA_CLASS, _cocos_serialization_deserialize__CUSTOM_OBJ_DATA_CONTENT, _cocos_serialization_deserialize__ICustomObjectDataContent, _cocos_serialization_deserialize__DICT_JSON_LAYOUT, _cocos_serialization_deserialize__AdvancedTypeID, _cocos_serialization_deserialize__AdvancedData, _cocos_serialization_deserialize__IArrayData, _cocos_serialization_deserialize__AnyData, _cocos_serialization_deserialize__IClassObjectData, _cocos_serialization_deserialize__PrimitiveObjectTypeID, _cocos_serialization_deserialize__OtherObjectData, _cocos_serialization_deserialize__NoNativeDep, _cocos_serialization_deserialize__RootInstanceIndex, _cocos_serialization_deserialize__BoolAndNum, _cocos_serialization_deserialize__RootInfo, _cocos_serialization_deserialize__OtherObjectTypeID, _cocos_serialization_deserialize__StringIndex, _cocos_serialization_deserialize__StringIndexBnotNumber, _cocos_serialization_deserialize_type_utilities__Tuple, _cocos_serialization_deserialize_type_utilities__EnumMapImpl, _cocos_serialization_deserialize_type_utilities__MapTuple, _cocos_serialization_deserialize_type_utilities__MapEnum, _cocos_serialization_deserialize__IFileData, _cocos_serialization_deserialize__FileInfo, _cocos_serialization_deserialize__IRuntimeFileDataMap, _cocos_serialization_deserialize__IRuntimeFileData, _cocos_serialization_deserialize__IDeserializeInput, _cocos_serialization_deserialize__ClassFinder, _cocos_serialization_deserialize_type_utilities__TupleSplit, _cocos_serialization_deserialize_type_utilities__TakeFirst, _cocos_serialization_deserialize_type_utilities__SkipFirst, _cocos_serialization_deserialize_type_utilities__TupleSlice, _cocos_serialization_deserialize__ISharedData, _cocos_serialization_deserialize__IPackedFileSection, _cocos_serialization_deserialize__IPackedFileData, _cocos_asset_assets_asset__CreateNodeCallback, _cocos_asset_assets_asset__Asset_base, _cocos_asset_assets_rendering_sub_mesh__IBArray, _cocos_asset_assets_simple_texture__SimpleTexture, right, left, top, bottom, front, back, BAKED_CONVOLUTION_MAP, _cocos_asset_assets_texture_cube__ITextureCubeCreateInfo, _cocos_asset_assets_simple_texture__PresumedGFXTextureInfo, _cocos_asset_assets_simple_texture__PresumedGFXTextureViewInfo, _cocos_asset_asset_manager_pack_manager__Unpacker, _cocos_asset_asset_manager_pack_manager__PackManager, _cocos_asset_asset_manager_factory__CreateHandler, _cocos_asset_asset_manager_factory__Factory, _cocos_asset_asset_manager_downloader__DownloadHandler, _cocos_asset_asset_manager_download_file__FileProgressCallback, _cocos_asset_asset_manager_deprecated__LoadProgressCallback, _cocos_asset_asset_manager_deprecated__LoadCompleteCallback, _cocos_asset_asset_manager_deprecated__LoadDirCompleteCallback, _extensions_ccpool_node_pool__Constructor, _pal_input__InputSourceButton, _pal_input__InputSourceDpad, _pal_input__InputSourceStick, _pal_input__InputSourcePosition, _pal_input__InputSourceOrientation, _pal_input__GamepadInputDevice, _pal_input__HandleInputDevice, _pal_input__HMDInputDevice, _pal_input__HandheldInputDevice, _cocos_rendering_post_process_components_blit_screen__BlitScreenMaterial, _cocos_rendering_post_process_utils_pass_context__PassContext, _cocos_rendering_post_process_components_fxaa__FXAA, _cocos_dragon_bones_ArmatureCache__AnimationCache, default, '<None>', Single, _cocos_gfx_webgl_webgl_state_cache__WebGLStateCache, _cocos_gfx_webgl_webgl_texture__WebGLTexture, _cocos_gfx_webgl_webgl_gpu_objects__IWebGLBlitManager, _cocos_gfx_webgl2_webgl2_state_cache__WebGL2StateCache, _cocos_gfx_webgl2_webgl2_texture__WebGL2Texture, _cocos_gfx_webgl2_webgl2_gpu_objects__IWebGL2BlitManager, _cocos_gfx_webgpu_webgpu_buffer__WebGPUBuffer, __types_webGPU__GPUTextureViewDimension, __types_webGPU__GPUTextureFormat, __types_webGPU__GPUTextureUsageFlags, __types_webGPU__GPUAddressMode, __types_webGPU__GPUFilterMode, _cocos_gfx_webgpu_webgpu_texture__WebGPUTexture, _cocos_gfx_webgpu_webgpu_sampler__WebGPUSampler, __types_webGPU__GPUIntegerCoordinate, __types_webGPU__GPUColor, __types_webGPU__GPULoadOp, __types_webGPU__GPUStoreOp, __types_webGPU__GPUStencilValue, __types_webGPU__GPUSize32, __types_webGPU__GPUSize64, _cocos_gfx_webgpu_webgpu_framebuffer__WebGPUFramebuffer, __types_webGPU__GPUIndexFormat, _cocos_gfx_webgpu_webgpu_input_assembler__WebGPUInputAssembler, _cocos_gfx_webgpu_webgpu_state_cache__WebGPUStateCache, BEGIN_RENDER_PASS, END_RENDER_PASS, BIND_STATES, DRAW, UPDATE_BUFFER, COPY_BUFFER_TO_TEXTURE, _cocos_gfx_webgpu_webgpu_commands__WebGPUCmdObject, _cocos_gfx_webgpu_webgpu_commands__WebGPUCmdBeginRenderPass, _cocos_gfx_webgpu_webgpu_command_allocator__WebGPUCommandPool, __types_webGPU__GPUPrimitiveTopology, __types_webGPU__GPUPipelineConstantValue, __types_webGPU__GPUIndex32, __types_webGPU__GPUShaderStageFlags, __types_webGPU__GPUBufferBindingType, __types_webGPU__GPUSamplerBindingType, __types_webGPU__GPUTextureSampleType, __types_webGPU__GPUStorageTextureAccess, __types_webGPU__GPUAutoLayoutMode, __types_webGPU__GPUVertexStepMode, __types_webGPU__GPUVertexFormat, __types_webGPU__GPUFrontFace, __types_webGPU__GPUCullMode, __types_webGPU__GPUCompareFunction, __types_webGPU__GPUStencilOperation, __types_webGPU__GPUDepthBias, __types_webGPU__GPUSampleMask, __types_webGPU__GPUBlendOperation, __types_webGPU__GPUBlendFactor, __types_webGPU__GPUColorWriteFlags, _cocos_gfx_webgpu_webgpu_commands__WebGPUCmdBindStates, _cocos_gfx_webgpu_webgpu_commands__WebGPUCmdDraw, _cocos_gfx_webgpu_webgpu_commands__WebGPUCmdUpdateBuffer, _cocos_gfx_webgpu_webgpu_commands__WebGPUCmdCopyBufferToTexture, _cocos_gfx_webgpu_webgpu_commands__WebGPUCmdPackage, _cocos_gfx_webgpu_webgpu_command_allocator__WebGPUCommandAllocator, _cocos_gfx_webgpu_define__DefaultResources, __types_webGPU__GPUCanvasToneMappingMode, __types_webGPU__GPUCanvasAlphaMode, __types_webGPU__GPUSupportedFeatures, _cocos_rendering_pipeline_serialization__RenderTextureConfig, FRONT_TO_BACK, BACK_TO_FRONT, _cocos_rendering_pipeline_serialization__RenderQueueDesc, _cocos_rendering_render_queue__RenderQueue, _cocos_rendering_render_instanced_queue__RenderInstancedQueue, _cocos_rendering_render_pipeline__BloomRenderData, _cocos_rendering_render_pipeline__PipelineRenderData, _cocos_rendering_deferred_deferred_pipeline__DeferredRenderData, _cocos_rendering_pipeline_ubo__PipelineUBO, _cocos_particle_2d_particle_simulator_2d__Particle, _cocos_particle_2d_particle_simulator_2d__Simulator, _cocos_particle_2d_motion_streak_2d__Point, World, Local, Custom, Pause, PauseAndCatchup, AlwaysSimulate, _cocos_particle_particle__Particle, _cocos_particle_renderer_particle_system_renderer_cpu__PVData, _cocos_particle_models_particle_batch_model__default, _cocos_particle_renderer_particle_system_renderer_data__default, _cocos_particle_renderer_particle_system_renderer_base__ParticleSystemRendererBase, _cocos_particle_particle__ParticleModuleBase, _cocos_particle_animator_color_overtime__default, Box, Circle, Cone, Hemisphere, Base, Edge, Shell, Volume, Random, _cocos_particle_emitter_shape_module__default, _cocos_particle_animator_size_overtime__default, _cocos_particle_animator_velocity_overtime__default, _cocos_particle_animator_force_overtime__default, _cocos_particle_animator_limit_velocity_overtime__default, _cocos_particle_animator_rotation_overtime__default, _cocos_particle_animator_texture_animation__default, _cocos_particle_animator_noise_module__NoiseModule, Particles, Stretch, _cocos_particle_renderer_trail__default, _cocos_physics_2d_framework_physics_selector__IPhysicsEngineId, _cocos_physics_2d_framework_physics_system__PhysicsSystem2D_base, _cocos_physics_2d_framework_components_colliders_collider_2d__Collider2D_base, _cocos_physics_framework_components_colliders_collider__Callback, _cocos_physics_framework_components_colliders_collider__Collider_base, _cocos_physics_framework_components_constraints_constraint__Constraint_base, _cocos_physics_framework_components_constraints_configurable_constraint__LinearLimitSettings, _cocos_physics_framework_components_constraints_configurable_constraint__AngularLimitSettings, _cocos_physics_framework_components_constraints_configurable_constraint__LinearDriverSettings, _cocos_physics_framework_components_constraints_configurable_constraint__AngularDriverSettings, _cocos_physics_framework_components_character_controllers_character_controller__Callback, _cocos_physics_framework_components_character_controllers_character_controller__CharacterController_base, _cocos_physics_framework_physics_selector__IPhysicsEngineId, _cocos_primitive_cone__IConeOptions, TORUS, QUAD, _cocos_profiler_counter__Counter, _cocos_3d_skeletal_animation_skeletal_animation_data_hub__BakeData, _cocos_spine_skeleton_cache__FrameBoneInfo, _cocos_spine_attach_util__AttachUtil, _cocos_spine_track_entry_listeners__TrackEntryListeners, _cocos_spine_skeleton_cache__SpineDrawItem, _cocos_spine_skeleton_cache__SpineModel, _cocos_spine_skeleton_cache__AnimationCache, _cocos_spine_skeleton_cache__SkeletonCache, _cocos_spine_skeleton__TrackListener, _cocos_spine_skeleton__TrackListener2, _cocos_terrain_terrain_lod__TerrainIndexPool, _cocos_terrain_terrain_lod__TerrainLodKey, _cocos_terrain_terrain_lod__TerrainIndexData, _cocos_terrain_terrain_lod__TerrainLod, _cocos_tiledmap_tiled_types__GID, _cocos_tiledmap_tiled_types__TMXTilesetInfo, _cocos_tiledmap_tiled_types__TiledTextureGrids, _cocos_tiledmap_tiled_types__TiledAnimationType, _cocos_tiledmap_tiled_types__TMXImageLayerInfo, HEX, ISO, _cocos_tiledmap_tiled_types__MixedGID, RightDown, RightUp, LeftDown, LeftUp, ELLIPSE, POLYLINE, IMAGE, TEXT, _cocos_tiledmap_tiled_types__DrawOrder, _cocos_tiledmap_tiled_types__TMXObjectGroupInfo, _cocos_tiledmap_tiled_types__TMXLayerInfo, STAGGERAXIS_X, STAGGERAXIS_Y, STAGGERINDEX_ODD, STAGGERINDEX_EVEN, _cocos_tiledmap_tmx_xml_parser__TMXMapInfo, MAP, OBJECTGROUP, OBJECT, TILE, DIAGONAL, FLIPPED_ALL, FLIPPED_MASK, __types_globals__SafeRecord, _cocos_tiledmap_tiled_layer__TiledDataArray, TAG_INVALID, _cocos_tween_actions_action__Action, _cocos_tween_actions_action_manager__HashElement, _cocos_tween_actions_action_manager__ActionManager, _cocos_tween_actions_action__FiniteTimeAction, _cocos_tween_actions_action_interval__ActionInterval, _cocos_tween_tween__ExtendsReturnResults, _cocos_tween_tween__MaybeUnionStringNumber, _cocos_tween_tween__ExtendsReturnResultOrNever, _cocos_tween_tween__FlagExcludedType, _cocos_tween_tween__AllowedNames, _cocos_tween_tween__StringToNumberOrNever, _cocos_tween_tween__KeyPartial, _cocos_tween_tween__OmitType, _cocos_tween_tween__ConstructorType, _cocos_tween_actions_action_instant__CallFuncCallback, _cocos_tween_tween__TweenWithNodeTargetOrUnknown, SPRITE, CLICK, NORMAL, HOVER, PRESSED, PASSWORD, SENSITIVE, INITIAL_CAPS_WORD, INITIAL_CAPS_SENTENCE, INITIAL_CAPS_ALL_CHARACTERS, EMAIL_ADDR, NUMERIC, PHONE_NUMBER, URL, DECIMAL, SINGLE_LINE, DONE, SEND, SEARCH, GO, NEXT, _cocos_ui_editbox_edit_box_impl_base__EditBoxImplBase, EDITING_DID_BEGAN, EDITING_DID_ENDED, TEXT_CHANGED, EDITING_RETURN, XR_EDITING_DID_BEGAN, XR_EDITING_DID_ENDED, GRID, CONTAINER, CHILDREN, BOTTOM_TO_TOP, TOP_TO_BOTTOM, LEFT_TO_RIGHT, RIGHT_TO_LEFT, FIXED_ROW, FIXED_COL, SCROLL_TO_TOP, SCROLL_TO_BOTTOM, SCROLL_TO_LEFT, SCROLL_TO_RIGHT, SCROLL_BEGAN, SCROLL_ENDED, BOUNCE_TOP, BOUNCE_BOTTOM, BOUNCE_LEFT, BOUNCE_RIGHT, SCROLLING, SCROLL_ENG_WITH_THRESHOLD, TOUCH_UP, Horizontal, Vertical, TOGGLE, ONCE, ON_WINDOW_RESIZE, MID, BOT, Unified, Free, PAGE_TURNING, _cocos_ui_view__View_base, _cocos_ui_view__EqualToFrame, _cocos_ui_view__ProportionalToFrame, _cocos_ui_view__ContainerStrategy, _cocos_ui_view__ExactFit, _cocos_ui_view__ShowAll, _cocos_ui_view__NoBorder, _cocos_ui_view__FixedHeight, _cocos_ui_view__FixedWidth, _cocos_ui_view__ContentStrategy, __types_jsb_jsb__AccelerationXYZ, __types_jsb_jsb__AccelerationIncludingGravityXYZ, __types_jsb_jsb__RotationRateAlpha, __types_jsb_jsb__RotationRateBeta, __types_jsb_jsb__RotationRateGamma, __types_jsb_jsb__MouseEventCallback, __types_jsb_jsb__MouseWheelEventCallback, __types_jsb_jsb__TouchEventCallback, __types_jsb_jsb__KeyboardEventCallback, SIGNED_8, UNSIGNED_8, SIGNED_16, UNSIGNED_16, SIGNED_32, UNSIGNED_32, __types_jsb_jsb__NativePOD, __types_jsb_jsb__Manifest, __types_jsb_jsb__EventAssetsManager, __types_jsb_jsb__AssetsManager, __types_jsb_jsb__PlayException, __types_jsb_jsb__PlayTask, __types_jsb_jsb__RecallAccess, __types_jsb_jsb__Achievement, __types_jsb_jsb__AchievementBuffer, __types_jsb_jsb__AchievementsClient, __types_jsb_jsb__GamesSignInClient, __types_jsb_jsb__RecallClient, window, AccelerationXYZ, AccelerationIncludingGravityXYZ, RotationRateAlpha, RotationRateBeta, RotationRateGamma, DeviceMotionValue, MouseEventCallback, MouseWheelEventCallback, onMouseDown, onMouseMove, onMouseUp, onMouseWheel, TouchEventCallback, onTouchStart, onTouchMove, onTouchEnd, onTouchCancel, onControllerInput, onHandleInput, onControllerChange, onHandlePoseInput, onHMDPoseInput, onHandheldPoseInput, KeyboardEventCallback, onKeyDown, onKeyUp, onResize, onOrientationChanged, onResume, onPause, onClose, onWindowLeave, onWindowEnter, NativePOD, PlayTask, COMPLETED, META_LOADED, READY_TO_PLAY, CLICKED, _cocos_video_video_player_impl__VideoPlayerImpl, _cocos_video_video_player_impl_web__VideoPlayerImplWeb, LOADING, LOADED, _cocos_web_view_web_view_impl__WebViewImpl, CanvasComponent, RenderComponent, UIRenderable, Renderable2D, UITransformComponent, SpriteComponent, UIModelComponent, LabelOutlineComponent, UIStaticBatchComponent, UIOpacityComponent, LabelComponent, Mask, RichText, Graphics, ModelComponent, DirectionalLightComponent, LightComponent, SphereLightComponent, SpotLightComponent, SkinningModelComponent, BatchedSkinningModelComponent, SkinningModelUnit, AnimationComponent, AudioSourceComponent, BaseNode, CameraComponent, RenderableComponent, BillboardComponent, LineComponent, ParticleSystemComponent, SkeletalAnimationComponent, ButtonComponent, EditBoxComponent, LayoutComponent, ProgressBarComponent, ScrollBarComponent, ScrollViewComponent, SliderComponent, ToggleComponent, ToggleContainerComponent, WidgetComponent, PageViewComponent, PageViewIndicatorComponent, SafeAreaComponent, UICoordinateTrackerComponent, BlockInputEventsComponent
../../../ProgramData/cocos/editors/Creator/3.8.8/resources/resources/3d/engine/bin/.declarations/cc.d.ts(4179,18): error TS2649: Cannot augment module 'Mesh' with value exports because it resolves to a non-module entity.
../../../ProgramData/cocos/editors/Creator/3.8.8/resources/resources/3d/engine/bin/.declarations/cc.d.ts(4653,18): error TS2649: Cannot augment module 'MeshRenderer' with value exports because it resolves to a non-module entity.
../../../ProgramData/cocos/editors/Creator/3.8.8/resources/resources/3d/engine/bin/.declarations/cc.d.ts(5033,18): error TS2649: Cannot augment module 'Light' with value exports because it resolves to a non-module entity.
../../../ProgramData/cocos/editors/Creator/3.8.8/resources/resources/3d/engine/bin/.declarations/cc.d.ts(6399,18): error TS2649: Cannot augment module 'Animation' with value exports because it resolves to a non-module entity.
../../../ProgramData/cocos/editors/Creator/3.8.8/resources/resources/3d/engine/bin/.declarations/cc.d.ts(13453,22): error TS2649: Cannot augment module 'Pass' with value exports because it resolves to a non-module entity.
../../../ProgramData/cocos/editors/Creator/3.8.8/resources/resources/3d/engine/bin/.declarations/cc.d.ts(22012,18): error TS2649: Cannot augment module 'sys' with value exports because it resolves to a non-module entity.
../../../ProgramData/cocos/editors/Creator/3.8.8/resources/resources/3d/engine/bin/.declarations/cc.d.ts(23064,18): error TS2649: Cannot augment module 'Settings' with value exports because it resolves to a non-module entity.
../../../ProgramData/cocos/editors/Creator/3.8.8/resources/resources/3d/engine/bin/.declarations/cc.d.ts(24109,18): error TS2420: Class 'Node' incorrectly implements interface 'CustomSerializable'.
  Property '[serializeTag]' is missing in type 'Node' but required in type 'CustomSerializable'.
../../../ProgramData/cocos/editors/Creator/3.8.8/resources/resources/3d/engine/bin/.declarations/cc.d.ts(25278,18): error TS2649: Cannot augment module 'Layers' with value exports because it resolves to a non-module entity.
../../../ProgramData/cocos/editors/Creator/3.8.8/resources/resources/3d/engine/bin/.declarations/cc.d.ts(27003,18): error TS2649: Cannot augment module 'Camera' with value exports because it resolves to a non-module entity.
../../../ProgramData/cocos/editors/Creator/3.8.8/resources/resources/3d/engine/bin/.declarations/cc.d.ts(27542,18): error TS2649: Cannot augment module 'Director' with value exports because it resolves to a non-module entity.
../../../ProgramData/cocos/editors/Creator/3.8.8/resources/resources/3d/engine/bin/.declarations/cc.d.ts(28000,18): error TS2649: Cannot augment module 'Game' with value exports because it resolves to a non-module entity.
../../../ProgramData/cocos/editors/Creator/3.8.8/resources/resources/3d/engine/bin/.declarations/cc.d.ts(29329,18): error TS2649: Cannot augment module 'EffectAsset' with value exports because it resolves to a non-module entity.
../../../ProgramData/cocos/editors/Creator/3.8.8/resources/resources/3d/engine/bin/.declarations/cc.d.ts(34125,18): error TS2649: Cannot augment module 'Input' with value exports because it resolves to a non-module entity.
../../../ProgramData/cocos/editors/Creator/3.8.8/resources/resources/3d/engine/bin/.declarations/cc.d.ts(34233,18): error TS2649: Cannot augment module 'SystemEvent' with value exports because it resolves to a non-module entity.
../../../ProgramData/cocos/editors/Creator/3.8.8/resources/resources/3d/engine/bin/.declarations/cc.d.ts(38222,32): error TS2314: Generic type 'Map<T>' requires 1 type argument(s).
../../../ProgramData/cocos/editors/Creator/3.8.8/resources/resources/3d/engine/bin/.declarations/cc.d.ts(38280,37): error TS2314: Generic type 'Map<T>' requires 1 type argument(s).
../../../ProgramData/cocos/editors/Creator/3.8.8/resources/resources/3d/engine/bin/.declarations/cc.d.ts(38281,39): error TS2314: Generic type 'Map<T>' requires 1 type argument(s).
../../../ProgramData/cocos/editors/Creator/3.8.8/resources/resources/3d/engine/bin/.declarations/cc.d.ts(38768,13): error TS2374: Duplicate index signature for type 'string'.
../../../ProgramData/cocos/editors/Creator/3.8.8/resources/resources/3d/engine/bin/.declarations/cc.d.ts(45181,24): error TS2304: Cannot find name 'GPUCanvasContext'.
../../../ProgramData/cocos/editors/Creator/3.8.8/resources/resources/3d/engine/bin/.declarations/cc.d.ts(45197,29): error TS2304: Cannot find name 'GPUDevice'.
../../../ProgramData/cocos/editors/Creator/3.8.8/resources/resources/3d/engine/bin/.declarations/cc.d.ts(49283,22): error TS2649: Cannot augment module 'Collider' with value exports because it resolves to a non-module entity.
../../../ProgramData/cocos/editors/Creator/3.8.8/resources/resources/3d/engine/bin/.declarations/cc.d.ts(49706,22): error TS2649: Cannot augment module 'SimplexCollider' with value exports because it resolves to a non-module entity.
../../../ProgramData/cocos/editors/Creator/3.8.8/resources/resources/3d/engine/bin/.declarations/cc.d.ts(49771,22): error TS2649: Cannot augment module 'Constraint' with value exports because it resolves to a non-module entity.
../../../ProgramData/cocos/editors/Creator/3.8.8/resources/resources/3d/engine/bin/.declarations/cc.d.ts(50059,22): error TS2649: Cannot augment module 'RigidBody' with value exports because it resolves to a non-module entity.
../../../ProgramData/cocos/editors/Creator/3.8.8/resources/resources/3d/engine/bin/.declarations/cc.d.ts(50841,13): error TS2374: Duplicate index signature for type 'string'.
../../../ProgramData/cocos/editors/Creator/3.8.8/resources/resources/3d/engine/bin/.declarations/cc.d.ts(51647,18): error TS2649: Cannot augment module 'Primitive' with value exports because it resolves to a non-module entity.
../../../ProgramData/cocos/editors/Creator/3.8.8/resources/resources/3d/engine/bin/.declarations/cc.d.ts(53039,17): error TS2374: Duplicate index signature for type 'number'.
../../../ProgramData/cocos/editors/Creator/3.8.8/resources/resources/3d/engine/bin/.declarations/cc.d.ts(57853,18): error TS2649: Cannot augment module 'Widget' with value exports because it resolves to a non-module entity.
../../../ProgramData/cocos/editors/Creator/3.8.8/resources/resources/3d/engine/bin/.declarations/cc.d.ts(59091,26): error TS2649: Cannot augment module 'UserChoiceDetails' with value exports because it resolves to a non-module entity.
../../../ProgramData/cocos/editors/Creator/3.8.8/resources/resources/3d/engine/bin/.declarations/cc.d.ts(59266,26): error TS2649: Cannot augment module 'ProductDetails' with value exports because it resolves to a non-module entity.
../../../ProgramData/cocos/editors/Creator/3.8.8/resources/resources/3d/engine/bin/.declarations/cc.d.ts(59396,26): error TS2649: Cannot augment module 'Purchase' with value exports because it resolves to a non-module entity.
../../../ProgramData/cocos/editors/Creator/3.8.8/resources/resources/3d/engine/bin/.declarations/cc.d.ts(59520,26): error TS2649: Cannot augment module 'InAppMessageResult' with value exports because it resolves to a non-module entity.
../../../ProgramData/cocos/editors/Creator/3.8.8/resources/resources/3d/engine/bin/.declarations/cc.d.ts(59540,26): error TS2649: Cannot augment module 'BillingResult' with value exports because it resolves to a non-module entity.
../../../ProgramData/cocos/editors/Creator/3.8.8/resources/resources/3d/engine/bin/.declarations/cc.d.ts(59625,26): error TS2649: Cannot augment module 'PendingPurchasesParams' with value exports because it resolves to a non-module entity.
../../../ProgramData/cocos/editors/Creator/3.8.8/resources/resources/3d/engine/bin/.declarations/cc.d.ts(59662,26): error TS2649: Cannot augment module 'QueryProductDetailsParams' with value exports because it resolves to a non-module entity.
../../../ProgramData/cocos/editors/Creator/3.8.8/resources/resources/3d/engine/bin/.declarations/cc.d.ts(60292,26): error TS2649: Cannot augment module 'BillingFlowParams' with value exports because it resolves to a non-module entity.
../../../ProgramData/cocos/editors/Creator/3.8.8/resources/resources/3d/engine/bin/.declarations/cc.d.ts(60370,26): error TS2649: Cannot augment module 'ConsumeParams' with value exports because it resolves to a non-module entity.
../../../ProgramData/cocos/editors/Creator/3.8.8/resources/resources/3d/engine/bin/.declarations/cc.d.ts(60391,26): error TS2649: Cannot augment module 'AcknowledgePurchaseParams' with value exports because it resolves to a non-module entity.
../../../ProgramData/cocos/editors/Creator/3.8.8/resources/resources/3d/engine/bin/.declarations/cc.d.ts(60412,26): error TS2649: Cannot augment module 'QueryPurchasesParams' with value exports because it resolves to a non-module entity.
../../../ProgramData/cocos/editors/Creator/3.8.8/resources/resources/3d/engine/bin/.declarations/cc.d.ts(60437,26): error TS2649: Cannot augment module 'InAppMessageParams' with value exports because it resolves to a non-module entity.
../../../ProgramData/cocos/editors/Creator/3.8.8/resources/resources/3d/engine/bin/.declarations/cc.d.ts(60469,26): error TS2649: Cannot augment module 'GetBillingConfigParams' with value exports because it resolves to a non-module entity.
../../../ProgramData/cocos/editors/Creator/3.8.8/resources/resources/3d/engine/bin/.declarations/cc.d.ts(60489,26): error TS2649: Cannot augment module 'BillingClient' with value exports because it resolves to a non-module entity.
../../../ProgramData/cocos/editors/Creator/3.8.8/resources/resources/3d/engine/bin/.declarations/cc.d.ts(61894,55): error TS2503: Cannot find namespace '____private'.
../../../ProgramData/cocos/editors/Creator/3.8.8/resources/resources/3d/engine/bin/.declarations/cc.d.ts(61910,125): error TS2503: Cannot find namespace '____private'.
../../../ProgramData/cocos/editors/Creator/3.8.8/resources/resources/3d/engine/bin/.declarations/cc.d.ts(61959,33): error TS2304: Cannot find name '_Motion'.
../../../ProgramData/cocos/editors/Creator/3.8.8/resources/resources/3d/engine/bin/.declarations/cc.d.ts(61960,27): error TS2304: Cannot find name '_Motion'.
../../../ProgramData/cocos/editors/Creator/3.8.8/resources/resources/3d/engine/bin/.declarations/cc.d.ts(61962,47): error TS2503: Cannot find namespace '____private'.
../../../ProgramData/cocos/editors/Creator/3.8.8/resources/resources/3d/engine/bin/.declarations/cc.d.ts(61964,17): error TS2503: Cannot find namespace '____private'.
../../../ProgramData/cocos/editors/Creator/3.8.8/resources/resources/3d/engine/bin/.declarations/cc.d.ts(61967,33): error TS2503: Cannot find namespace '____private'.
../../../ProgramData/cocos/editors/Creator/3.8.8/resources/resources/3d/engine/bin/.declarations/cc.d.ts(61974,50): error TS2304: Cannot find name '_VariableDescription'.
../../../ProgramData/cocos/editors/Creator/3.8.8/resources/resources/3d/engine/bin/.declarations/cc.d.ts(61977,48): error TS2304: Cannot find name '_Motion'.
../../../ProgramData/cocos/editors/Creator/3.8.8/resources/resources/3d/engine/bin/.declarations/cc.d.ts(61978,54): error TS2503: Cannot find namespace '____private'.
../../../ProgramData/cocos/editors/Creator/3.8.8/resources/resources/3d/engine/bin/.declarations/cc.d.ts(61984,27): error TS2503: Cannot find namespace '____private'.
../../../ProgramData/cocos/editors/Creator/3.8.8/resources/resources/3d/engine/bin/.declarations/cc.d.ts(61987,21): error TS2503: Cannot find namespace '_poseGraphOp'.
../../../ProgramData/cocos/editors/Creator/3.8.8/resources/resources/3d/engine/bin/.declarations/cc.d.ts(61990,27): error TS2503: Cannot find namespace '_poseGraphOp'.
../../../ProgramData/cocos/editors/Creator/3.8.8/resources/resources/3d/engine/bin/.declarations/cc.d.ts(61992,28): error TS2503: Cannot find namespace '_poseGraphOp'.
../../../ProgramData/cocos/editors/Creator/3.8.8/resources/resources/3d/engine/bin/.declarations/cc.d.ts(61999,19): error TS2503: Cannot find namespace '____private'.
../../../ProgramData/cocos/editors/Creator/3.8.8/resources/resources/3d/engine/bin/.declarations/cc.d.ts(62000,20): error TS2304: Cannot find name '_PoseGraph'.
../../../ProgramData/cocos/editors/Creator/3.8.8/resources/resources/3d/engine/bin/.declarations/cc.d.ts(62847,13): error TS2374: Duplicate index signature for type 'string'.
../../../ProgramData/cocos/editors/Creator/3.8.8/resources/resources/3d/engine/bin/.declarations/cc.d.ts(63251,13): error TS2374: Duplicate index signature for type 'string'.
../../../ProgramData/cocos/editors/Creator/3.8.8/resources/resources/3d/engine/bin/.declarations/cc.d.ts(63264,13): error TS2374: Duplicate index signature for type 'string'.
../../../ProgramData/cocos/editors/Creator/3.8.8/resources/resources/3d/engine/bin/.declarations/cc.d.ts(64833,52): error TS2307: Cannot find module 'pal/audio/type' or its corresponding type declarations.
../../../ProgramData/cocos/editors/Creator/3.8.8/resources/resources/3d/engine/bin/.declarations/cc.d.ts(64841,58): error TS2307: Cannot find module 'pal/audio/type' or its corresponding type declarations.
../../../ProgramData/cocos/editors/Creator/3.8.8/resources/resources/3d/engine/bin/.declarations/cc.d.ts(64849,80): error TS2307: Cannot find module 'pal/audio/type' or its corresponding type declarations.
../../../ProgramData/cocos/editors/Creator/3.8.8/resources/resources/3d/engine/bin/.declarations/cc.d.ts(64864,32): error TS2307: Cannot find module 'pal/audio/type' or its corresponding type declarations.
../../../ProgramData/cocos/editors/Creator/3.8.8/resources/resources/3d/engine/bin/.declarations/cc.d.ts(64869,33): error TS2307: Cannot find module 'pal/audio/type' or its corresponding type declarations.
../../../ProgramData/cocos/editors/Creator/3.8.8/resources/resources/3d/engine/bin/.declarations/cc.d.ts(64897,61): error TS2307: Cannot find module 'pal/audio/type' or its corresponding type declarations.
../../../ProgramData/cocos/editors/Creator/3.8.8/resources/resources/3d/engine/bin/.declarations/cc.d.ts(65330,13): error TS2374: Duplicate index signature for type 'number'.
../../../ProgramData/cocos/editors/Creator/3.8.8/resources/resources/3d/engine/bin/.declarations/cc.d.ts(65339,13): error TS2374: Duplicate index signature for type 'string'.
../../../ProgramData/cocos/editors/Creator/3.8.8/resources/resources/3d/engine/bin/.declarations/cc.d.ts(65366,13): error TS2374: Duplicate index signature for type 'number'.
../../../ProgramData/cocos/editors/Creator/3.8.8/resources/resources/3d/engine/bin/.declarations/cc.d.ts(66676,13): error TS2374: Duplicate index signature for type 'string'.
../../../ProgramData/cocos/editors/Creator/3.8.8/resources/resources/3d/engine/bin/.declarations/cc.d.ts(67306,13): error TS2374: Duplicate index signature for type 'number'.
../../../ProgramData/cocos/editors/Creator/3.8.8/resources/resources/3d/engine/bin/.declarations/cc.d.ts(67345,13): error TS2374: Duplicate index signature for type 'number'.
../../../ProgramData/cocos/editors/Creator/3.8.8/resources/resources/3d/engine/bin/.declarations/cc.d.ts(68131,60): error TS2307: Cannot find module 'pal/input/input-source' or its corresponding type declarations.
../../../ProgramData/cocos/editors/Creator/3.8.8/resources/resources/3d/engine/bin/.declarations/cc.d.ts(68132,58): error TS2307: Cannot find module 'pal/input/input-source' or its corresponding type declarations.
../../../ProgramData/cocos/editors/Creator/3.8.8/resources/resources/3d/engine/bin/.declarations/cc.d.ts(68133,59): error TS2307: Cannot find module 'pal/input/input-source' or its corresponding type declarations.
../../../ProgramData/cocos/editors/Creator/3.8.8/resources/resources/3d/engine/bin/.declarations/cc.d.ts(68134,62): error TS2307: Cannot find module 'pal/input/input-source' or its corresponding type declarations.
../../../ProgramData/cocos/editors/Creator/3.8.8/resources/resources/3d/engine/bin/.declarations/cc.d.ts(68135,65): error TS2307: Cannot find module 'pal/input/input-source' or its corresponding type declarations.
../../../ProgramData/cocos/editors/Creator/3.8.8/resources/resources/3d/engine/bin/.declarations/cc.d.ts(69055,24): error TS2304: Cannot find name 'GPUBuffer'.
../../../ProgramData/cocos/editors/Creator/3.8.8/resources/resources/3d/engine/bin/.declarations/cc.d.ts(69095,25): error TS2304: Cannot find name 'GPUTexture'.
../../../ProgramData/cocos/editors/Creator/3.8.8/resources/resources/3d/engine/bin/.declarations/cc.d.ts(69102,35): error TS2304: Cannot find name 'GPUTextureView'.
../../../ProgramData/cocos/editors/Creator/3.8.8/resources/resources/3d/engine/bin/.declarations/cc.d.ts(69113,37): error TS2304: Cannot find name 'GPUTextureView'.
../../../ProgramData/cocos/editors/Creator/3.8.8/resources/resources/3d/engine/bin/.declarations/cc.d.ts(69121,25): error TS2304: Cannot find name 'GPUSampler'.
../../../ProgramData/cocos/editors/Creator/3.8.8/resources/resources/3d/engine/bin/.declarations/cc.d.ts(69144,50): error TS2304: Cannot find name 'GPUSampler'.
../../../ProgramData/cocos/editors/Creator/3.8.8/resources/resources/3d/engine/bin/.declarations/cc.d.ts(69180,19): error TS2304: Cannot find name 'GPUTextureView'.
../../../ProgramData/cocos/editors/Creator/3.8.8/resources/resources/3d/engine/bin/.declarations/cc.d.ts(69191,29): error TS2304: Cannot find name 'GPUTextureView'.
../../../ProgramData/cocos/editors/Creator/3.8.8/resources/resources/3d/engine/bin/.declarations/cc.d.ts(69219,19): error TS2304: Cannot find name 'GPUTextureView'.
../../../ProgramData/cocos/editors/Creator/3.8.8/resources/resources/3d/engine/bin/.declarations/cc.d.ts(69274,23): error TS2304: Cannot find name 'GPUQuerySet'.
../../../ProgramData/cocos/editors/Creator/3.8.8/resources/resources/3d/engine/bin/.declarations/cc.d.ts(69305,33): error TS2304: Cannot find name 'GPUQuerySet'.
../../../ProgramData/cocos/editors/Creator/3.8.8/resources/resources/3d/engine/bin/.declarations/cc.d.ts(69339,24): error TS2304: Cannot find name 'GPUBuffer'.
../../../ProgramData/cocos/editors/Creator/3.8.8/resources/resources/3d/engine/bin/.declarations/cc.d.ts(69424,21): error TS2304: Cannot find name 'GPUShaderModule'.
../../../ProgramData/cocos/editors/Creator/3.8.8/resources/resources/3d/engine/bin/.declarations/cc.d.ts(69629,30): error TS2304: Cannot find name 'GPUBindGroupLayout'.
../../../ProgramData/cocos/editors/Creator/3.8.8/resources/resources/3d/engine/bin/.declarations/cc.d.ts(69634,34): error TS2304: Cannot find name 'GPUBindGroupLayout'.
../../../ProgramData/cocos/editors/Creator/3.8.8/resources/resources/3d/engine/bin/.declarations/cc.d.ts(69637,35): error TS2304: Cannot find name 'GPUPipelineLayout'.
../../../ProgramData/cocos/editors/Creator/3.8.8/resources/resources/3d/engine/bin/.declarations/cc.d.ts(69647,21): error TS2304: Cannot find name 'GPUPipelineLayout'.
../../../ProgramData/cocos/editors/Creator/3.8.8/resources/resources/3d/engine/bin/.declarations/cc.d.ts(69897,48): error TS2304: Cannot find name 'GPUBindGroupLayout'.
../../../ProgramData/cocos/editors/Creator/3.8.8/resources/resources/3d/engine/bin/.declarations/cc.d.ts(69921,24): error TS2304: Cannot find name 'GPUBindGroup'.
../../../ProgramData/cocos/editors/Creator/3.8.8/resources/resources/3d/engine/bin/.declarations/cc.d.ts(69922,30): error TS2304: Cannot find name 'GPUBindGroupLayout'.
../../../ProgramData/cocos/editors/Creator/3.8.8/resources/resources/3d/engine/bin/.declarations/cc.d.ts(70020,21): error TS2304: Cannot find name 'GPUDevice'.
../../../ProgramData/cocos/editors/Creator/3.8.8/resources/resources/3d/engine/bin/.declarations/cc.d.ts(71419,13): error TS2374: Duplicate index signature for type 'string'.
../../../ProgramData/cocos/editors/Creator/3.8.8/resources/resources/3d/engine/bin/.declarations/cc.d.ts(71478,13): error TS2374: Duplicate index signature for type 'string'.
../../../ProgramData/cocos/editors/Creator/3.8.8/resources/resources/3d/engine/bin/.declarations/cc.d.ts(72001,13): error TS2374: Duplicate index signature for type 'string'.
../../../ProgramData/cocos/editors/Creator/3.8.8/resources/resources/3d/engine/bin/.declarations/cc.d.ts(72047,13): error TS2374: Duplicate index signature for type 'string'.
../../../ProgramData/cocos/editors/Creator/3.8.8/resources/resources/3d/engine/bin/.declarations/cc.d.ts(72228,115): error TS2538: Type 'unique symbol' cannot be used as an index type.
../../../ProgramData/cocos/editors/Creator/3.8.8/resources/resources/3d/engine/bin/.declarations/cc.d.ts(72538,13): error TS2374: Duplicate index signature for type 'string'.
../../../ProgramData/cocos/editors/Creator/3.8.8/resources/resources/3d/engine/bin/.declarations/cc.d.ts(74510,13): error TS2432: In an enum with multiple declarations, only one declaration can omit an initializer for its first enum element.
../../../ProgramData/cocos/editors/Creator/3.8.8/resources/resources/3d/engine/bin/.declarations/cc.d.ts(75097,17): error TS2432: In an enum with multiple declarations, only one declaration can omit an initializer for its first enum element.
../../../ProgramData/cocos/editors/Creator/3.8.8/resources/resources/3d/engine/bin/.declarations/cc.d.ts(75867,109): error TS2307: Cannot find module 'cc/editor/exotic-animation' or its corresponding type declarations.
../../../ProgramData/cocos/editors/Creator/3.8.8/resources/resources/3d/engine/bin/.declarations/cc.d.ts(75868,155): error TS2307: Cannot find module 'cc/editor/embedded-player' or its corresponding type declarations.
../../../ProgramData/cocos/editors/Creator/3.8.8/resources/resources/3d/engine/bin/.declarations/cc.d.ts(75869,60): error TS2307: Cannot find module 'cc/editor/new-gen-anim' or its corresponding type declarations.
../../../ProgramData/cocos/editors/Creator/3.8.8/resources/resources/3d/engine/bin/.declarations/cc.d.ts(75870,26): error TS2307: Cannot find module 'cc/editor/serialization' or its corresponding type declarations.
@cocos/creator-types/editor/editor.d.ts(5,145): error TS2307: Cannot find module 'electron' or its corresponding type declarations.
@cocos/creator-types/editor/packages/asset-db/@types/message.d.ts(2,34): error TS2307: Cannot find module '@editor/asset-db/libs/info' or its corresponding type declarations.
@cocos/creator-types/editor/packages/asset-db/@types/message.d.ts(118,13): error TS2304: Cannot find name 'QueryAssetType'.
@cocos/creator-types/editor/packages/asset-db/@types/message.d.ts(130,13): error TS2304: Cannot find name 'QueryAssetType'.
@cocos/creator-types/editor/packages/asset-db/@types/protected.d.ts(1,47): error TS2307: Cannot find module '@editor/asset-db' or its corresponding type declarations.
@cocos/creator-types/editor/packages/asset-db/@types/protected/asset-handler.d.ts(3,25): error TS2307: Cannot find module '@editor/asset-db/libs/importer' or its corresponding type declarations.
@cocos/creator-types/editor/packages/asset-db/@types/protected/asset-handler.d.ts(10,2): error TS1036: Statements are not allowed in ambient contexts.
@cocos/creator-types/editor/packages/asset-db/@types/protected/asset-handler.d.ts(26,21): error TS2304: Cannot find name 'MigrateHook'.
@cocos/creator-types/editor/packages/asset-db/@types/protected/asset-handler.d.ts(54,18): error TS2430: Interface 'CustomAssetHandler' incorrectly extends interface 'Partial<AssetHandlerBase>'.
  Types of property 'importer' are incompatible.
    Type 'Importer | ImporterHook' is not assignable to type 'Importer'.
      Type 'ImporterHook' is missing the following properties from type 'Importer': version, import
@cocos/creator-types/editor/packages/asset-db/@types/protected/asset-handler.d.ts(199,5): error TS2300: Duplicate identifier 'importer'.
@cocos/creator-types/editor/packages/asset-db/@types/protected/asset-handler.d.ts(206,5): error TS2300: Duplicate identifier 'importer'.
@cocos/creator-types/editor/packages/asset-db/@types/protected/asset-handler.d.ts(206,5): error TS2717: Subsequent property declarations must have the same type.  Property 'importer' must be of type '{ before: (asset: any) => Promise<boolean>; after: (asset: any) => Promise<boolean>; }', but here has type 'ImporterHook'.
@cocos/creator-types/editor/packages/asset-db/@types/protected/asset.d.ts(1,10): error TS2395: Individual declarations in merged declaration 'Asset' must be all exported or all local.
@cocos/creator-types/editor/packages/asset-db/@types/protected/asset.d.ts(1,17): error TS2395: Individual declarations in merged declaration 'VirtualAsset' must be all exported or all local.
@cocos/creator-types/editor/packages/asset-db/@types/protected/asset.d.ts(1,37): error TS2307: Cannot find module '@editor/asset-db' or its corresponding type declarations.
@cocos/creator-types/editor/packages/asset-db/@types/protected/asset.d.ts(2,22): error TS2307: Cannot find module 'cc/editor/serialization' or its corresponding type declarations.
@cocos/creator-types/editor/packages/asset-db/@types/protected/asset.d.ts(16,14): error TS2395: Individual declarations in merged declaration 'VirtualAsset' must be all exported or all local.
@cocos/creator-types/editor/packages/asset-db/@types/protected/asset.d.ts(16,14): error TS2506: 'VirtualAsset' is referenced directly or indirectly in its own base expression.
@cocos/creator-types/editor/packages/asset-db/@types/protected/asset.d.ts(24,14): error TS2395: Individual declarations in merged declaration 'Asset' must be all exported or all local.
@cocos/creator-types/editor/packages/asset-db/@types/protected/asset.d.ts(24,14): error TS2506: 'Asset' is referenced directly or indirectly in its own base expression.
@cocos/creator-types/editor/packages/asset-db/@types/protected/asset.d.ts(24,35): error TS1174: Classes can only extend a single class.
@cocos/creator-types/editor/packages/asset-db/@types/protected/asset.d.ts(24,52): error TS1036: Statements are not allowed in ambient contexts.
@cocos/creator-types/editor/packages/asset-db/@types/protected/global.d.ts(1,25): error TS2307: Cannot find module '@editor/asset-db' or its corresponding type declarations.
@cocos/creator-types/editor/packages/asset-db/@types/protected/global.d.ts(2,22): error TS2307: Cannot find module '@editor/asset-db/libs/meta' or its corresponding type declarations.
@cocos/creator-types/editor/packages/asset-db/@types/protected/global.d.ts(12,35): error TS2371: A parameter initializer is only allowed in a function or constructor implementation.
@cocos/creator-types/editor/packages/asset-db/@types/protected/global.d.ts(17,5): error TS2300: Duplicate identifier 'queryAssetProperty'.
@cocos/creator-types/editor/packages/asset-db/@types/protected/global.d.ts(17,5): error TS2717: Subsequent property declarations must have the same type.  Property 'queryAssetProperty' must be of type '(asset: any, property: keyof IAssetInfo | "dependScripts" | "dependedScripts") => any', but here has type '(asset: any, property: "depends") => string[]'.
@cocos/creator-types/editor/packages/asset-db/@types/protected/global.d.ts(18,5): error TS2300: Duplicate identifier 'queryAssetProperty'.
@cocos/creator-types/editor/packages/asset-db/@types/protected/global.d.ts(18,5): error TS2717: Subsequent property declarations must have the same type.  Property 'queryAssetProperty' must be of type '(asset: any, property: keyof IAssetInfo | "dependScripts" | "dependedScripts") => any', but here has type '(asset: any, property: "library") => Record<string, string>'.
@cocos/creator-types/editor/packages/asset-db/@types/protected/global.d.ts(23,44): error TS2371: A parameter initializer is only allowed in a function or constructor implementation.
@cocos/creator-types/editor/packages/asset-db/@types/protected/plugin.d.ts(1,32): error TS2307: Cannot find module '@editor/asset-db/libs/asset-db' or its corresponding type declarations.
@cocos/creator-types/editor/packages/asset-db/@types/protected/plugin.d.ts(2,34): error TS2307: Cannot find module '../private' or its corresponding type declarations.
@cocos/creator-types/editor/packages/builder/@types/protected/asset-manager.d.ts(1,24): error TS2307: Cannot find module '@cocos/creator-types/editor/packages/asset-db/@types/protected' or its corresponding type declarations.
@cocos/creator-types/editor/packages/builder/@types/protected/build-plugin.d.ts(25,28): error TS2307: Cannot find module '@cocos/ccbuild' or its corresponding type declarations.
@cocos/creator-types/editor/packages/builder/@types/protected/build-plugin.d.ts(199,11): error TS2304: Cannot find name 'IBuildStageTask'.
@cocos/creator-types/editor/packages/builder/@types/protected/build-result.d.ts(1,24): error TS2307: Cannot find module '../../../asset-db/@types/private' or its corresponding type declarations.
@cocos/creator-types/editor/packages/builder/@types/protected/bundle-config.d.ts(49,40): error TS2304: Cannot find name 'overwriteSettingItem'.
@cocos/creator-types/editor/packages/builder/@types/protected/bundle-config.d.ts(57,2): error TS1036: Statements are not allowed in ambient contexts.
@cocos/creator-types/editor/packages/builder/@types/protected/options.d.ts(1,28): error TS2307: Cannot find module '@cocos/ccbuild' or its corresponding type declarations.
@cocos/creator-types/editor/packages/builder/@types/protected/options.d.ts(5,25): error TS2307: Cannot find module 'rollup' or its corresponding type declarations.
@cocos/creator-types/editor/packages/builder/@types/protected/options.d.ts(266,246): error TS2304: Cannot find name 'EngineFeatureQuery'.
@cocos/creator-types/editor/packages/builder/@types/protected/options.d.ts(311,5): error TS2300: Duplicate identifier 'userData'.
@cocos/creator-types/editor/packages/builder/@types/protected/options.d.ts(315,5): error TS2300: Duplicate identifier 'userData'.
@cocos/creator-types/editor/packages/builder/@types/protected/options.d.ts(315,5): error TS2717: Subsequent property declarations must have the same type.  Property 'userData' must be of type 'any', but here has type 'Record<string, any>'.
@cocos/creator-types/editor/packages/builder/@types/public/build-result.d.ts(225,13): error TS2304: Cannot find name 'ITextureCompressType'.
@cocos/creator-types/editor/packages/builder/@types/public/build-result.d.ts(226,20): error TS2304: Cannot find name 'ICustomConfig'.
@cocos/creator-types/editor/packages/builder/@types/public/build-result.d.ts(229,17): error TS2304: Cannot find name 'ITextureCompressFormatType'.
@cocos/creator-types/editor/packages/builder/@types/public/options.d.ts(1,24): error TS2307: Cannot find module '@babel/core' or its corresponding type declarations.
@cocos/creator-types/editor/packages/builder/@types/public/options.d.ts(4,24): error TS2307: Cannot find module '@cocos/creator-types/editor/packages/engine/@types' or its corresponding type declarations.
@cocos/creator-types/editor/packages/builder/@types/public/options.d.ts(5,28): error TS2307: Cannot find module '@cocos/ccbuild' or its corresponding type declarations.
@cocos/creator-types/editor/packages/builder/@types/public/options.d.ts(195,17): error TS1019: An index signature parameter cannot have a question mark.
@cocos/creator-types/editor/packages/engine/@types/index.d.ts(2,40): error TS2307: Cannot find module '@cocos/creator-types/engine/features' or its corresponding type declarations.
@cocos/creator-types/editor/packages/engine/@types/module.d.ts(1,102): error TS2307: Cannot find module '@cocos/creator-types/engine/features' or its corresponding type declarations.
@cocos/creator-types/editor/packages/engine/@types/module.d.ts(2,68): error TS2307: Cannot find module '@cocos/creator-types/engine/features' or its corresponding type declarations.
@cocos/creator-types/editor/packages/extension/@types/message.d.ts(5,18): error TS2304: Cannot find name 'ICreateTemplateParam'.
@cocos/creator-types/editor/packages/information/@types/public.d.ts(8,5): error TS2411: Property 'id' of type 'string' is not assignable to 'string' index type '{ complete: boolean; form: string; }'.
@cocos/creator-types/editor/packages/information/@types/public.d.ts(9,5): error TS2411: Property 'label' of type 'string' is not assignable to 'string' index type '{ complete: boolean; form: string; }'.
@cocos/creator-types/editor/packages/information/@types/public.d.ts(10,5): error TS2411: Property 'enable' of type 'boolean' is not assignable to 'string' index type '{ complete: boolean; form: string; }'.
@cocos/creator-types/editor/packages/programming/@types/protected.d.ts(1,34): error TS2307: Cannot find module '@editor/lib-programming/dist/executor' or its corresponding type declarations.
@cocos/creator-types/editor/packages/project/@types/index.d.ts(31,6): error TS1268: An index signature parameter type must be 'string', 'number', 'symbol', or a template literal type.
@cocos/creator-types/editor/packages/project/@types/index.d.ts(31,11): error TS2304: Cannot find name 'stirng'.
@cocos/creator-types/editor/packages/project/@types/index.d.ts(53,9): error TS2411: Property ''__version__'' of type 'string' is not assignable to 'string' index type 'Record<string, any>'.
@cocos/creator-types/editor/packages/scene/@types/animation/public.d.ts(1,10): error TS2305: Module '"cc"' has no exported member 'EmbeddedPlayerGroup'.
@cocos/creator-types/editor/packages/scene/@types/animation/public.d.ts(2,61): error TS2307: Cannot find module './private' or its corresponding type declarations.
@cocos/creator-types/editor/packages/scene/@types/animation/public.d.ts(49,18): error TS2304: Cannot find name 'AnimationClip'.
@cocos/creator-types/editor/packages/scene/@types/message.d.ts(139,13): error TS2304: Cannot find name 'RemoveComponentOptions'.
@cocos/creator-types/editor/packages/scene/@types/message.d.ts(145,13): error TS2304: Cannot find name 'ExecuteComponentMethodOptions'.
@cocos/creator-types/editor/utils.d.ts(6,30): error TS1254: A 'const' initializer in an ambient context must be a string or numeric literal or literal enum reference.
@cocos/creator-types/engine/cc.d.ts(1,1): error TS6200: Definitions of the following identifiers conflict with those in another file: SharedString_, Empty_, StringIndex_, InstanceIndex_, StringIndexBnotNumber_, SimpleType, InstanceRef, Array_InstanceRef, Array_AssetRefByInnerObj, Class, ValueTypeCreated, AssetRefByInnerObj, TRS, ValueType, Array_Class, CustomizedClass, Dict, Array, ARRAY_LENGTH, DataTypes_, AnyData_, OtherObjectData_, OtherObjectTypeID_, AnyCCClass_, IClass_, IMask_, IClassObjectData_, ICustomObjectDataContent_, ICustomObjectData_, ITRSData_, IDictData_, IArrayData_, EACH_RECORD_LENGTH, OWNER_OFFSET, KEY_OFFSET, TARGET_OFFSET, IRefs_, Version, Context, SharedUuids, SharedStrings, SharedClasses, SharedMasks, Instances, InstanceTypes, Refs, DependObjs, DependKeys, DependUuidIndices, IFileData_, IPackedFileData_, SerializableClassConstructor, ReportMissingClass, ClassFinder, macro, ReflectionProbeManager, MeshBuffer, StencilManager, spriteAssembler, labelAssembler, SpriteAtlas, TTFFont, LabelAtlas, BitmapFont, Font, UV_UPDATED, SpriteFrame, Canvas, UIComponent, ADD_COLOR, ADD_COLOR_AND_TEXTURE, GRAYSCALE, USE_ALPHA_SEPARATED, USE_ALPHA_SEPARATED_AND_GRAY, UIRenderer, UITransform, RenderRoot2D, SpriteRenderer, Sprite, UIMeshRenderer, LabelOutline, UIStaticBatch, LabelShadow, UIOpacity, LEFT, CENTER, RIGHT, TOP, BOTTOM, NONE, CLAMP, SHRINK, RESIZE_HEIGHT, BITMAP, CHAR, Label, MaskComponent, RichTextComponent, GraphicsComponent, BaseRenderData, RenderData, MeshRenderData, vfmt, vfmtPosColor, vfmtPosUvColor, vfmtPosUvColor4B, vfmtPosUvTwoColor, vfmtPosUvTwoColor4B, UI, UIDrawBatch, QuadRenderData, Atlas, HtmlTextParser, BASELINE_RATIO, MIDDLE_RATIO, LRUCache, DynamicAtlasManager, dynamicAtlasManager, MeshUtils, BatchingUtility, Skeleton, DirectionalLight, SphereLight, SpotLight, PointLight, RangedDirectionalLight, SkinnedMeshRenderer, SkinnedMeshBatchRenderer, SkinnedMeshUnit, LOD, LODGroup, ReflectionProbe, BAKED_CUBEMAP, PLANAR_REFLECTION, BLEND_PROBES, BLEND_PROBES_AND_SKYBOX, AffineTransform, AnimationClip, AnimationState, Value_experimental, FLOAT, BOOLEAN, TRIGGER, INTEGER, VEC3_experimental, QUAT_experimental, UniformProxyFactory, MorphWeightValueProxy, MorphWeightsValueProxy, MorphWeightsAllValueProxy, Track, TrackPath, RealTrack, VectorTrack, QuatTrack, ColorTrack, SizeTrack, ObjectTrack, PropertyPath, TargetPath, HierarchyPath, ComponentPath, CubicSplineVec2Value, CubicSplineVec3Value, CubicSplineVec4Value, CubicSplineQuatValue, CubicSplineNumberValue, AnimationController, StateMachineComponent, Value, RatioSampler, AnimCurve, EventInfo, AnimationManager, AudioClip, AudioSource, AudioPCMDataView, Root, Sampler, SamplerInfo, DescriptorSet, Buffer, CommandBuffer, UNKNOWN, SWAPCHAIN, BUFFER, TEXTURE, RENDER_PASS, FRAMEBUFFER, SAMPLER, SHADER, DESCRIPTOR_SET_LAYOUT, PIPELINE_LAYOUT, PIPELINE_STATE, DESCRIPTOR_SET, INPUT_ASSEMBLER, COMMAND_BUFFER, QUEUE, QUERY_POOL, GLOBAL_BARRIER, TEXTURE_BARRIER, BUFFER_BARRIER, COUNT, UNREADY, FAILED, SUCCESS, GLES2, GLES3, METAL, VULKAN, NVN, WEBGL, WEBGL2, WEBGPU, IDENTITY, ROTATE_90, ROTATE_180, ROTATE_270, ELEMENT_INDEX_UINT, INSTANCED_ARRAYS, MULTIPLE_RENDER_TARGETS, BLEND_MINMAX, COMPUTE_SHADER, INPUT_ATTACHMENT_BENEFIT, SUBPASS_COLOR_INPUT, SUBPASS_DEPTH_STENCIL_INPUT, RASTERIZATION_ORDER_NOCOHERENT, MULTI_SAMPLE_RESOLVE_DEPTH_STENCIL, A8, L8, LA8, R8, R8SN, R8UI, R8I, R16F, R16UI, R16I, R32F, R32UI, R32I, RG8, RG8SN, RG8UI, RG8I, RG16F, RG16UI, RG16I, RG32F, RG32UI, RG32I, RGB8, SRGB8, RGB8SN, RGB8UI, RGB8I, RGB16F, RGB16UI, RGB16I, RGB32F, RGB32UI, RGB32I, RGBA8, BGRA8, SRGB8_A8, RGBA8SN, RGBA8UI, RGBA8I, RGBA16F, RGBA16UI, RGBA16I, RGBA32F, RGBA32UI, RGBA32I, R5G6B5, R11G11B10F, RGB5A1, RGBA4, RGB10A2, RGB10A2UI, RGB9E5, DEPTH, DEPTH_STENCIL, BC1, BC1_ALPHA, BC1_SRGB, BC1_SRGB_ALPHA, BC2, BC2_SRGB, BC3, BC3_SRGB, BC4, BC4_SNORM, BC5, BC5_SNORM, BC6H_UF16, BC6H_SF16, BC7, BC7_SRGB, ETC_RGB8, ETC2_RGB8, ETC2_SRGB8, ETC2_RGB8_A1, ETC2_SRGB8_A1, ETC2_RGBA8, ETC2_SRGB8_A8, EAC_R11, EAC_R11SN, EAC_RG11, EAC_RG11SN, PVRTC_RGB2, PVRTC_RGBA2, PVRTC_RGB4, PVRTC_RGBA4, PVRTC2_2BPP, PVRTC2_4BPP, ASTC_RGBA_4X4, ASTC_RGBA_5X4, ASTC_RGBA_5X5, ASTC_RGBA_6X5, ASTC_RGBA_6X6, ASTC_RGBA_8X5, ASTC_RGBA_8X6, ASTC_RGBA_8X8, ASTC_RGBA_10X5, ASTC_RGBA_10X6, ASTC_RGBA_10X8, ASTC_RGBA_10X10, ASTC_RGBA_12X10, ASTC_RGBA_12X12, ASTC_SRGBA_4X4, ASTC_SRGBA_5X4, ASTC_SRGBA_5X5, ASTC_SRGBA_6X5, ASTC_SRGBA_6X6, ASTC_SRGBA_8X5, ASTC_SRGBA_8X6, ASTC_SRGBA_8X8, ASTC_SRGBA_10X5, ASTC_SRGBA_10X6, ASTC_SRGBA_10X8, ASTC_SRGBA_10X10, ASTC_SRGBA_12X10, ASTC_SRGBA_12X12, UNORM, SNORM, UINT, INT, UFLOAT, UNFILTERABLE_FLOAT, SINT, BOOL, BOOL2, BOOL3, BOOL4, INT2, INT3, INT4, UINT2, UINT3, UINT4, FLOAT2, FLOAT3, FLOAT4, MAT2, MAT2X3, MAT2X4, MAT3X2, MAT3, MAT3X4, MAT4X2, MAT4X3, MAT4, SAMPLER1D, SAMPLER1D_ARRAY, SAMPLER2D, SAMPLER2D_ARRAY, SAMPLER3D, SAMPLER_CUBE, TEXTURE1D, TEXTURE1D_ARRAY, TEXTURE2D, TEXTURE2D_ARRAY, TEXTURE3D, TEXTURE_CUBE, IMAGE1D, IMAGE1D_ARRAY, IMAGE2D, IMAGE2D_ARRAY, IMAGE3D, IMAGE_CUBE, SUBPASS_INPUT, TRANSFER_SRC, TRANSFER_DST, INDEX, VERTEX, UNIFORM, STORAGE, INDIRECT, ENABLE_STAGING_WRITE, READ_ONLY, WRITE_ONLY, READ_WRITE, DEVICE, HOST, TEX1D, TEX2D, TEX3D, CUBE, TEX1D_ARRAY, TEX2D_ARRAY, TEX2DMS, TEX2DMS_ARRAY, TEXCUBE, TEXCUBE_ARRAY, RAYTRACING_ACCELERATION_STRUCTURE, SAMPLED, COLOR_ATTACHMENT, DEPTH_STENCIL_ATTACHMENT, INPUT_ATTACHMENT, SHADING_RATE, GEN_MIPMAP, GENERAL_LAYOUT, EXTERNAL_OES, EXTERNAL_NORMAL, LAZILY_ALLOCATED, MUTABLE_VIEW_FORMAT, MUTABLE_STORAGE, RENDER_TARGET, SAMPLED_TEXTURE, LINEAR_FILTER, STORAGE_TEXTURE, VERTEX_ATTRIBUTE, X1, X2, X4, X8, X16, X32, X64, OFF, ON, RELAXED, MAILBOX, HALF, POINT, LINEAR, ANISOTROPIC, WRAP, MIRROR, BORDER, NEVER, LESS, EQUAL, LESS_EQUAL, GREATER, NOT_EQUAL, GREATER_EQUAL, ALWAYS, ZERO, KEEP, REPLACE, INCR, DECR, INVERT, INCR_WRAP, DECR_WRAP, ONE, SRC_ALPHA, DST_ALPHA, ONE_MINUS_SRC_ALPHA, ONE_MINUS_DST_ALPHA, SRC_COLOR, DST_COLOR, ONE_MINUS_SRC_COLOR, ONE_MINUS_DST_COLOR, SRC_ALPHA_SATURATE, CONSTANT_COLOR, ONE_MINUS_CONSTANT_COLOR, CONSTANT_ALPHA, ONE_MINUS_CONSTANT_ALPHA, ADD, SUB, REV_SUB, MIN, MAX, R, G, B, A, ALL, CONTROL, EVALUATION, GEOMETRY, FRAGMENT, COMPUTE, LOAD, CLEAR, DISCARD, STORE, INDIRECT_BUFFER, INDEX_BUFFER, VERTEX_BUFFER, VERTEX_SHADER_READ_UNIFORM_BUFFER, VERTEX_SHADER_READ_TEXTURE, VERTEX_SHADER_READ_OTHER, FRAGMENT_SHADER_READ_UNIFORM_BUFFER, FRAGMENT_SHADER_READ_TEXTURE, FRAGMENT_SHADER_READ_COLOR_INPUT_ATTACHMENT, FRAGMENT_SHADER_READ_DEPTH_STENCIL_INPUT_ATTACHMENT, FRAGMENT_SHADER_READ_OTHER, COLOR_ATTACHMENT_READ, DEPTH_STENCIL_ATTACHMENT_READ, COMPUTE_SHADER_READ_UNIFORM_BUFFER, COMPUTE_SHADER_READ_TEXTURE, COMPUTE_SHADER_READ_OTHER, TRANSFER_READ, HOST_READ, PRESENT, VERTEX_SHADER_WRITE, FRAGMENT_SHADER_WRITE, COLOR_ATTACHMENT_WRITE, DEPTH_STENCIL_ATTACHMENT_WRITE, COMPUTE_SHADER_WRITE, TRANSFER_WRITE, HOST_PREINITIALIZED, HOST_WRITE, SAMPLE_ZERO, AVERAGE, GRAPHICS, RAY_TRACING, POINT_LIST, LINE_LIST, LINE_STRIP, LINE_LOOP, LINE_LIST_ADJACENCY, LINE_STRIP_ADJACENCY, ISO_LINE_LIST, TRIANGLE_LIST, TRIANGLE_STRIP, TRIANGLE_FAN, TRIANGLE_LIST_ADJACENCY, TRIANGLE_STRIP_ADJACENCY, TRIANGLE_PATCH_ADJACENCY, QUAD_PATCH_LIST, FILL, LINE, GOURAND, FLAT, FRONT, BACK, LINE_WIDTH, DEPTH_BIAS, BLEND_CONSTANTS, DEPTH_BOUNDS, STENCIL_WRITE_MASK, STENCIL_COMPARE_MASK, UNIFORM_BUFFER, DYNAMIC_UNIFORM_BUFFER, STORAGE_BUFFER, DYNAMIC_STORAGE_BUFFER, SAMPLER_TEXTURE, STORAGE_IMAGE, TRANSFER, OCCLUSION, PIPELINE_STATISTICS, TIMESTAMP, PRIMARY, SECONDARY, COLOR, STENCIL, FULL, SPLIT_BEGIN, SPLIT_END, RASTER, COPY, MOVE, RAYTRACE, BufferUsage, BufferFlags, MemoryAccess, MemoryUsage, TextureUsage, TextureFlags, FormatFeature, ShaderStageFlags, AccessFlags, DynamicStateFlags, ClearFlags, Size, DeviceCaps, DeviceOptions, Offset, Rect, Extent, TextureSubresLayers, TextureSubresRange, TextureCopy, TextureBlit, BufferTextureCopy, Viewport, Color, MarkerInfo, BindingMappingInfo, SwapchainInfo, DeviceInfo, BufferInfo, BufferViewInfo, DrawInfo, DispatchInfo, IndirectBuffer, TextureInfo, TextureViewInfo, Uniform, UniformBlock, UniformSamplerTexture, UniformSampler, UniformTexture, UniformStorageImage, UniformStorageBuffer, UniformInputAttachment, ShaderStage, Attribute, ShaderInfo, InputAssemblerInfo, ColorAttachment, DepthStencilAttachment, SubpassInfo, SubpassDependency, RenderPassInfo, ResourceRange, GeneralBarrierInfo, TextureBarrierInfo, BufferBarrierInfo, FramebufferInfo, DescriptorSetLayoutBinding, DescriptorSetLayoutInfo, DescriptorSetInfo, PipelineLayoutInfo, InputState, CommandBufferInfo, QueueInfo, QueryPoolInfo, FormatInfo, MemoryStatus, DynamicStencilStates, DynamicStates, GFXObject, ATTR_POSITION, ATTR_NORMAL, ATTR_TANGENT, ATTR_BITANGENT, ATTR_WEIGHTS, ATTR_JOINTS, ATTR_COLOR, ATTR_COLOR1, ATTR_COLOR2, ATTR_TEX_COORD, ATTR_TEX_COORD1, ATTR_TEX_COORD2, ATTR_TEX_COORD3, ATTR_TEX_COORD4, ATTR_TEX_COORD5, ATTR_TEX_COORD6, ATTR_TEX_COORD7, ATTR_TEX_COORD8, ATTR_BATCH_ID, ATTR_BATCH_UV, FormatInfos, DESCRIPTOR_BUFFER_TYPE, DESCRIPTOR_SAMPLER_TYPE, DESCRIPTOR_DYNAMIC_TYPE, DESCRIPTOR_STORAGE_BUFFER_TYPE, DRAW_INFO_SIZE, BufferSource, TextureHandle, Device, DefaultResource, Swapchain, Framebuffer, InputAssembler, DescriptorSetLayout, PipelineLayout, BlendState, BlendTarget, RasterizerState, DepthStencilState, PipelineStateInfo, PipelineState, Queue, RenderPass, Shader, Texture, GeneralBarrier, TextureBarrier, AUTO, CANVAS, HEADLESS, OPENGL, DeviceManager, deviceManager, programLib, RenderWindow, VERTICAL, HORIZONTAL, ORTHO, PERSPECTIVE, F1_8, F2_0, F2_2, F2_5, F2_8, F3_2, F3_5, F4_0, F4_5, F5_0, F5_6, F6_3, F7_1, F8_0, F9_0, F10_0, F11_0, F13_0, F14_0, F16_0, F18_0, F20_0, F22_0, ISO100, ISO200, ISO400, ISO800, D1, D2, D4, D8, D15, D30, D60, D125, D250, D500, D1000, D2000, D4000, DEFAULT, LEFT_EYE, RIGHT_EYE, MAIN, NO_TRACKING, POSITION_AND_ROTATION, POSITION, ROTATION, EDITOR, GAME_VIEW, SCENE_VIEW, PREVIEW, GAME, VALUE, SKYBOX_FLAG, Camera, SKINNING, BAKED_SKINNING, BATCH_2D, PARTICLE_BATCH, Model, SubModel, Ambient, HEMISPHERE_DIFFUSE, AUTOGEN_HEMISPHERE_DIFFUSE_WITH_REFLECTION, DIFFUSEMAP_WITH_REFLECTION, Skybox, ShadowSize, ShadowType, PCFType, CSMLevel, CSMOptimizationMode, Shadows, FogType, FOG_TYPE_NONE, Fog, Octree, Skin, DIRECTIONAL, SPHERE, SPOT, RANGED_DIRECTIONAL, nt2lm, Light, SKYBOX, SOLID_COLOR, PLANAR, ToneMappingType, PostSettings, OPAQUE, TRANSPARENT, OVERLAY, FORWARD, SHADOWCAST, genHandle, getTypeFromHandle, getBindingFromHandle, getCountFromHandle, getOffsetFromHandle, customizeType, MaterialProperty, type2reader, type2writer, type2validator, MacroRecord, PassOverrides, INSTANCING, TextureBufferPool, MaterialInstance, PassInstance, NODE, PASS, AABB, RENDER2D, NULL_HANDLE, Render2dHandle, UV, Render2dPool, NodeHandle, DIRTY_FLAG, LAYER, WORLD_SCALE, WORLD_POSITION, WORLD_ROTATION, WORLD_MATRIX, LOCAL_SCALE, LOCAL_POSITION, LOCAL_ROTATION, NodePool, PassHandle, PRIORITY, STAGE, PHASE, PRIMITIVE, BATCHING_SCHEME, DYNAMIC_STATE, HASH, PassPool, AABBHandle, HALFEXTENTS, AABBPool, RenderScene, CameraVisFlags, VisibilityFlags, Constructor, INT_BITS, INT_MAX, INT_MIN, Vec2, Vec3, Vec4, Quat, Mat3, Mat4, HALF_PI, TWO_PI, EPSILON, FloatArray, IVec2, IVec3, IVec4, IMat3, IMat4, IRect, IQuat, IColor, MATH_FLOAT_ARRAY, MathBase, Pool, RecyclePool, CachedArray, SHAPE_RAY, SHAPE_LINE, SHAPE_SPHERE, SHAPE_AABB, SHAPE_OBB, SHAPE_PLANE, SHAPE_TRIANGLE, SHAPE_FRUSTUM, SHAPE_FRUSTUM_ACCURATE, SHAPE_CAPSULE, SHAPE_SPLINE, intersect, Line, Plane, Ray, Triangle, Sphere, OBB, Capsule, Frustum, Keyframe, AnimationCurve, BEZIER, CATMULL_ROM, Spline, CLOSEST, ANY, IRayModelOptions, line, plane, ray, triangle, sphere, aabb, obb, capsule, frustum, VERSION, cclegacy, IDGenerator, MutableForwardIterator, js, value, getset, get, set, _idToClass, _nameToClass, _setClassId, BUILTIN_CLASSID_RE, BASE64_VALUES, replaceProperty, removeProperty, markAsWarning, convertUtils, uniquelyReferenced, ccclass, requireComponent, executionOrder, disallowMultiple, executeInEditMode, menu, playOnFocus, inspector, icon, help, integer, float, boolean, string, CCObject, Destroyed, RealDestroyed, ToDestroy, DontSave, EditorOnly, Dirty, DontDestroy, Destroying, Deactivating, LockedInEditor, HideInHierarchy, IsOnEnableCalled, IsEditorOnEnableCalled, IsPreloadStarted, IsOnLoadCalled, IsOnLoadStarted, IsStartCalled, IsRotationLocked, IsScaleLocked, IsAnchorLocked, IsSizeLocked, IsPositionLocked, IsSkipTransformUpdate, PersistentMask, AllHideMasks, CCInteger, CCFloat, CCBoolean, CCString, CompactValueTypeArray, editorExtrasTag, deserializeTag, serializeTag, SerializationContext, EventTarget, AsyncDelegate, VERBOSE, INFO, WARN, ERROR, INFO_FOR_WEB_PAGE, WARN_FOR_WEB_PAGE, ERROR_FOR_WEB_PAGE, screen, Screen, Scheduler, RealCurve, CONSTANT, CUBIC, LOOP, PING_PONG, BOTH, RealKeyframeValue, QuatCurve, SLERP, QuatKeyframeValue, ObjectCurve, ObjectCurveKeyframe, ColorKey, AlphaKey, Gradient, PATH, ENGINE, ASSETS, SCRIPTING, PHYSICS, RENDERING, LAUNCH, SCREEN, SPLASH_SCREEN, ANIMATION, PROFILING, PLUGINS, XR, settings, LOW, MEDIUM, HIGH, SCHEDULER, System, quadOutIn, cubicOutIn, quartOutIn, quintOutIn, sineOutIn, expoOutIn, circOutIn, elasticOutIn, backOutIn, bounceOutIn, BezierControlPoints, GLOBAL, MATERIAL, LOCAL, PIPELINE_FLOW_MAIN, PIPELINE_FLOW_FORWARD, PIPELINE_FLOW_SHADOW, PIPELINE_FLOW_SMAA, PIPELINE_FLOW_TONEMAP, globalDescriptorSetLayout, localDescriptorSetLayout, UBO_GLOBAL, UBO_CAMERA, UBO_SHADOW, UBO_CSM, SAMPLER_SHADOWMAP, SAMPLER_ENVIRONMENT, SAMPLER_SPOT_SHADOW_MAP, SAMPLER_DIFFUSEMAP, UBO_LOCAL, UBO_FORWARD_LIGHTS, UBO_SKINNING_ANIMATION, UBO_SKINNING_TEXTURE, UBO_MORPH, UBO_UI_LOCAL, UBO_SH, SAMPLER_JOINTS, SAMPLER_MORPH_POSITION, SAMPLER_MORPH_NORMAL, SAMPLER_MORPH_TANGENT, SAMPLER_LIGHTMAP, SAMPLER_SPRITE, SAMPLER_REFLECTION_PROBE_CUBE, SAMPLER_REFLECTION_PROBE_PLANAR, SAMPLER_REFLECTION_PROBE_DATA_MAP, bindingMappingInfo, TIME_OFFSET, SCREEN_SIZE_OFFSET, NATIVE_SIZE_OFFSET, PROBE_INFO_OFFSET, DEBUG_VIEW_MODE_OFFSET, SIZE, UBOGlobal, MAT_VIEW_OFFSET, MAT_VIEW_INV_OFFSET, MAT_PROJ_OFFSET, MAT_PROJ_INV_OFFSET, MAT_VIEW_PROJ_OFFSET, MAT_VIEW_PROJ_INV_OFFSET, CAMERA_POS_OFFSET, SURFACE_TRANSFORM_OFFSET, SCREEN_SCALE_OFFSET, EXPOSURE_OFFSET, MAIN_LIT_DIR_OFFSET, MAIN_LIT_COLOR_OFFSET, AMBIENT_SKY_OFFSET, AMBIENT_GROUND_OFFSET, GLOBAL_FOG_COLOR_OFFSET, GLOBAL_FOG_BASE_OFFSET, GLOBAL_FOG_ADD_OFFSET, NEAR_FAR_OFFSET, VIEW_PORT_OFFSET, UBOCamera, MAT_LIGHT_VIEW_OFFSET, MAT_LIGHT_VIEW_PROJ_OFFSET, SHADOW_INV_PROJ_DEPTH_INFO_OFFSET, SHADOW_PROJ_DEPTH_INFO_OFFSET, SHADOW_PROJ_INFO_OFFSET, SHADOW_NEAR_FAR_LINEAR_SATURATION_INFO_OFFSET, SHADOW_WIDTH_HEIGHT_PCF_BIAS_INFO_OFFSET, SHADOW_LIGHT_PACKING_NBIAS_NULL_INFO_OFFSET, SHADOW_COLOR_OFFSET, PLANAR_NORMAL_DISTANCE_INFO_OFFSET, UBOShadow, CSM_LEVEL_COUNT, CSM_VIEW_DIR_0_OFFSET, CSM_VIEW_DIR_1_OFFSET, CSM_VIEW_DIR_2_OFFSET, CSM_ATLAS_OFFSET, MAT_CSM_VIEW_PROJ_OFFSET, CSM_PROJ_DEPTH_INFO_OFFSET, CSM_PROJ_INFO_OFFSET, CSM_SPLITS_INFO_OFFSET, UBOCSM, UNIFORM_SHADOWMAP_BINDING, UNIFORM_ENVIRONMENT_BINDING, UNIFORM_DIFFUSEMAP_BINDING, UNIFORM_SPOT_SHADOW_MAP_TEXTURE_BINDING, MAT_WORLD_OFFSET, MAT_WORLD_IT_OFFSET, LIGHTINGMAP_UVPARAM, LOCAL_SHADOW_BIAS, REFLECTION_PROBE_DATA1, REFLECTION_PROBE_DATA2, REFLECTION_PROBE_BLEND_DATA1, REFLECTION_PROBE_BLEND_DATA2, BINDING, UBOLocal, UBOWorldBound, INST_MAT_WORLD, INST_SH, UBOLocalBatched, LIGHTS_PER_PASS, LIGHT_POS_OFFSET, LIGHT_COLOR_OFFSET, LIGHT_SIZE_RANGE_ANGLE_OFFSET, LIGHT_DIR_OFFSET, LIGHT_BOUNDING_SIZE_VS_OFFSET, UBOForwardLight, UBODeferredLight, JOINT_UNIFORM_CAPACITY, UBOSkinningTexture, UBOSkinningAnimation, INST_JOINT_ANIM_INFO, UBOSkinning, MAX_MORPH_TARGET_COUNT, OFFSET_OF_WEIGHTS, OFFSET_OF_DISPLACEMENT_TEXTURE_WIDTH, OFFSET_OF_DISPLACEMENT_TEXTURE_HEIGHT, OFFSET_OF_VERTICES_COUNT, COUNT_BASE_4_BYTES, UBOMorph, UBOUILocal, SH_LINEAR_CONST_R_OFFSET, SH_LINEAR_CONST_G_OFFSET, SH_LINEAR_CONST_B_OFFSET, SH_QUADRATIC_R_OFFSET, SH_QUADRATIC_G_OFFSET, SH_QUADRATIC_B_OFFSET, SH_QUADRATIC_A_OFFSET, UBOSH, UNIFORM_JOINT_TEXTURE_BINDING, UNIFORM_REALTIME_JOINT_TEXTURE_BINDING, UNIFORM_POSITION_MORPH_TEXTURE_BINDING, UNIFORM_NORMAL_MORPH_TEXTURE_BINDING, UNIFORM_TANGENT_MORPH_TEXTURE_BINDING, UNIFORM_LIGHTMAP_TEXTURE_BINDING, UNIFORM_SPRITE_TEXTURE_BINDING, UNIFORM_REFLECTION_PROBE_CUBEMAP_BINDING, UNIFORM_REFLECTION_PROBE_TEXTURE_BINDING, UNIFORM_REFLECTION_PROBE_DATA_MAP_BINDING, UNIFORM_REFLECTION_PROBE_BLEND_CUBEMAP_BINDING, CAMERA_DEFAULT_MASK, CAMERA_EDITOR_MASK, MODEL_ALWAYS_MASK, PipelineSceneData, InstancedBuffer, PipelineStateManager, PipelineEventProcessor, RENDER_FRAME_BEGIN, RENDER_FRAME_END, RENDER_CAMERA_BEGIN, RENDER_CAMERA_END, ATTACHMENT_SCALE_CAHNGED, DebugView, getPhaseID, PipelineInputAssemblerData, Node, Scene, EventHandler, Component, NodeActivator, Prefab, WORLD, SCALE, SKEW, RS, RSS, TRS_MASK, MobilityMode, TOUCH_START, TOUCH_MOVE, TOUCH_END, TOUCH_CANCEL, MOUSE_DOWN, MOUSE_MOVE, MOUSE_UP, MOUSE_WHEEL, MOUSE_ENTER, MOUSE_LEAVE, KEY_DOWN, KEY_UP, DEVICEMOTION, TRANSFORM_CHANGED, MOBILITY_CHANGED, SCENE_CHANGED_FOR_PERSISTS, SIZE_CHANGED, ANCHOR_CHANGED, COLOR_CHANGED, CHILD_ADDED, CHILD_REMOVED, PARENT_CHANGED, NODE_DESTROYED, LAYER_CHANGED, SIBLING_ORDER_CHANGED, CHILDREN_ORDER_CHANGED, ACTIVE_IN_HIERARCHY_CHANGED, COMPONENT_ADDED, COMPONENT_REMOVED, LIGHT_PROBE_CHANGED, LIGHT_PROBE_BAKING_CHANGED, ACTIVE_CHANGED, AmbientInfo, SkyboxInfo, FogInfo, ShadowsInfo, DEFAULT_WORLD_MIN_POS, DEFAULT_WORLD_MAX_POS, DEFAULT_OCTREE_DEPTH, OctreeInfo, SkinInfo, PostSettingsInfo, LightProbeInfo, SceneGlobals, PrivateNode, ModelRenderer, Renderer, MissingScript, PrefabLink, INIT, RESET, BEFORE_SCENE_LOADING, BEFORE_SCENE_LAUNCH, AFTER_SCENE_LAUNCH, BEFORE_UPDATE, AFTER_UPDATE, BEFORE_DRAW, AFTER_DRAW, BEFORE_COMMIT, BEFORE_RENDER, AFTER_RENDER, BEFORE_PHYSICS, AFTER_PHYSICS, BEGIN_FRAME, END_FRAME, director, game, Details, Asset, BufferAsset, RenderingSubMesh, SceneAsset, TextAsset, JsonAsset, ImageAsset, Texture2D, TextureCube, Material, RenderTexture, Script, JavaScript, TypeScript, assetManager, AssetManager, resources, CCLoader, loader, AssetLibrary, url, BuiltinResMgr, builtinResMgr, Event, EventAcceleration, EventKeyboard, EventMouse, EventTouch, EventGamepad, EventHandle, EventHMD, EventHandheld, Acceleration, MOBILE_BACK, BACKSPACE, TAB, ENTER, SHIFT_LEFT, CTRL_LEFT, ALT_LEFT, PAUSE, CAPS_LOCK, ESCAPE, SPACE, PAGE_UP, PAGE_DOWN, END, HOME, ARROW_LEFT, ARROW_UP, ARROW_RIGHT, ARROW_DOWN, INSERT, DELETE, DIGIT_0, DIGIT_1, DIGIT_2, DIGIT_3, DIGIT_4, DIGIT_5, DIGIT_6, DIGIT_7, DIGIT_8, DIGIT_9, KEY_A, KEY_B, KEY_C, KEY_D, KEY_E, KEY_F, KEY_G, KEY_H, KEY_I, KEY_J, KEY_K, KEY_L, KEY_M, KEY_N, KEY_O, KEY_P, KEY_Q, KEY_R, KEY_S, KEY_T, KEY_U, KEY_V, KEY_W, KEY_X, KEY_Y, KEY_Z, NUM_0, NUM_1, NUM_2, NUM_3, NUM_4, NUM_5, NUM_6, NUM_7, NUM_8, NUM_9, NUM_MULTIPLY, NUM_PLUS, NUM_SUBTRACT, NUM_DECIMAL, NUM_DIVIDE, F1, F2, F3, F4, F5, F6, F7, F8, F9, F10, F11, F12, NUM_LOCK, SCROLL_LOCK, SEMICOLON, COMMA, DASH, PERIOD, SLASH, BACK_QUOTE, BRACKET_LEFT, BACKSLASH, BRACKET_RIGHT, QUOTE, SHIFT_RIGHT, CTRL_RIGHT, ALT_RIGHT, NUM_ENTER, Touch, input, systemEvent, EventAssetsManager, Manifest, AssetsManager, Downloader, DebugRenderer, OnNativeEventListener, argv, adpf, PostProcessSetting, PostProcess, FSR, BlitScreen, TAA, ColorGrading, Bloom, HBAO, DOF, SettingPass, BasePass, ForwardPass, TAAPass, FSRPass, BlitScreenPass, ColorGradingPass, BloomPass, FxaaPass, ForwardFinalPass, ShadowPass, FloatOutputProcessPass, ForwardTransparencyPass, ForwardTransparencySimplePass, COPY_INPUT_DS_PASS_INDEX, SSSS_BLUR_X_PASS_INDEX, SSSS_BLUR_Y_PASS_INDEX, EXPONENT, I_SAMPLES_COUNT, SSSSBlurData, SkinPass, PostFinalPass, DofPass, PostProcessBuilder, PER_INSTANCE, PER_BATCH, PER_PHASE, PER_PASS, CONSTANTS, CBV, UAV, SRV, TABLE, SSV, MANAGED, MEMORYLESS, PERSISTENT, EXTERNAL, BACKBUFFER, MASK, BLEND, RENDER_OPAQUE, RENDER_CUTOUT, RENDER_TRANSPARENT, SYNC, ASYNC, OPAQUE_OBJECT, CUTOUT_OBJECT, TRANSPARENT_OBJECT, SHADOW_CASTER, DEFAULT_LIGHTING, VOLUMETRIC_LIGHTING, CLUSTERED_LIGHTING, PLANAR_SHADOW, PROFILER, DRAW_INSTANCING, DRAW_NON_INSTANCING, REFLECTION_PROBE, GPU_DRIVEN, NON_BUILTIN, CLUSTERED, READ, WRITE, FLOAT_TYPE, INT_TYPE, LightInfo, ResolvePair, CopyPair, UploadPair, MovePair, PipelineStatistics, RenderCommonObjectPool, INVALID_ID, enableEffectImport, customPipelineBuilderMap, BASIC, STANDARD, INPUT_DEPTH_STENCIL, INPUT_COLOR, INPUT_COLOR_MRT, HETEROGENEOUS_SAMPLE_COUNT, PipelineCapabilities, Frame, Sound, EventType, None, SameLayer, SameGroup, SameLayerAndGroup, All, CCFactory, CCSlot, CCTextureAtlasData, CCTextureData, CCArmatureDisplay, ArmatureCache, DragonBonesAsset, DragonBonesAtlasAsset, timeScale, REALTIME, SHARED_CACHE, PRIVATE_CACHE, DragonBoneSocket, ArmatureDisplay, AttachUtil, webAssemblyModule, WeigthBoneCount, WeigthFloatOffset, WeigthBoneIndices, MeshVertexCount, MeshTriangleCount, MeshFloatOffset, MeshWeightOffset, MeshVertexIndices, TimelineScale, TimelineOffset, TimelineKeyFrameCount, TimelineFrameValueCount, TimelineFrameValueOffset, TimelineFrameOffset, FramePosition, FrameTweenType, FrameTweenEasingOrCurveSampleCount, FrameCurveSamples, DeformMeshOffset, DeformCount, DeformValueCount, DeformValueOffset, DeformFloatOffset, Armature, MovieClip, Stage, Bone, Surface, Image, Mesh, BoundingBox, Rectangle, Ellipse, Polygon, Play, Stop, GotoAndPlay, GotoAndStop, FadeIn, FadeOut, Normal, Add, Alpha, Darken, Difference, Erase, HardLight, Invert, Layer, Lighten, Multiply, Overlay, Subtract, Curve, QuadIn, QuadOut, QuadInOut, Action, ZOrder, BoneAll, BoneTranslate, BoneRotate, BoneScale, SlotDisplay, SlotColor, SlotFFD, IKConstraint, AnimationTime, AnimationWeight, Additive, Override, DragonBones, BaseObject, Matrix, Transform, ColorTransform, Point, UserData, ActionData, DragonBonesData, ArmatureData, BoneData, SurfaceData, SlotData, ConstraintData, IKConstraintData, CanvasData, SkinData, DisplayData, ImageDisplayData, ArmatureDisplayData, MeshDisplayData, BoundingBoxDisplayData, WeightData, GlueData, BoundingBoxData, RectangleBoundingBoxData, EllipseBoundingBoxData, PolygonBoundingBoxData, AnimationData, TimelineData, AnimationConfig, TextureAtlasData, TextureData, TransformObject, Slot, Constraint, WorldClock, Animation, BonePose, Once, Always, TimelineState, TweenTimelineState, BoneTimelineState, SlotTimelineState, ConstraintTimelineState, ActionTimelineState, ZOrderTimelineState, BoneAllTimelineState, BoneTranslateTimelineState, BoneRotateTimelineState, BoneScaleTimelineState, SurfaceTimelineState, SlotDislayTimelineState, SlotColorTimelineState, SlotFFDTimelineState, IKConstraintTimelineState, AnimationTimelineState, EventObject, EventStringType, DataParser, ObjectDataParser, ActionFrame, BinaryDataParser, BaseFactory, BuildArmaturePackage, DeformVertices, GeometryRenderer, EmptyDevice, WebGLDevice, WebGL2Device, WebGPUDevice, graphicsAssembler, Intersection2D, ForwardPipeline, ForwardFlow, ForwardStage, DeferredPipeline, MainFlow, GbufferStage, LightingStage, BloomStage, PostProcessStage, ShadowFlow, ShadowStage, ReflectionProbeFlow, ReflectionProbeStage, RenderPipeline, RenderFlow, RenderStage, PlaceMethod, AutoPlacement, Vertex, CircumSphere, Tetrahedron, Delaunay, LightProbeSampler, SH, LightProbesData, LightProbes, LightProbeGroup, GRAPHICS_RECT, GRAPHICS_ELLIPSE, GRAPHICS_STENCIL, SPRITE_STENCIL, ParticleSystem2D, MotionStreak, MotionStreakAssemblerManager, ParticleSystem2DAssembler, ParticleAsset, Billboard, ParticleSystem, ParticleUtils, CurveRange, GradientRange, Burst, Physics2DUtils, selector, Static, Kinematic, Dynamic, Animated, BOX, CIRCLE, POLYGON, DISTANCE, SPRING, WHEEL, MOUSE, FIXED, SLIDER, RELATIVE, HINGE, PhysicsGroup, Closest, Any, AllClosest, Contact2DType, Shape, Joint, Aabb, Pair, CenterOfMass, Particle, Controller, PHYSICS_2D_PTM_RATIO, PhysicsSystem2D, Circles, FaceA, FaceB, RigidBody2D, Collider2D, BoxCollider2D, CircleCollider2D, PolygonCollider2D, Joint2D, DistanceJoint2D, SpringJoint2D, MouseJoint2D, RelativeJoint2D, SliderJoint2D, FixedJoint2D, WheelJoint2D, HingeJoint2D, TriggerEventType, TriggerCallback, CollisionEventType, CollisionCallback, CharacterTriggerEventType, CharacterCollisionEventType, CharacterControllerContact, PhysicsSystem, PhysicsRayResult, PhysicsLineStripCastResult, BoxCollider, SphereCollider, CapsuleCollider, MeshCollider, CylinderCollider, ConeCollider, TerrainCollider, PlaneCollider, HingeConstraint, FixedConstraint, PointToPointConstraint, ConfigurableConstraint, PhysicsMaterial, ConstantForce, CharacterController, BoxCharacterController, CapsuleCharacterController, VEC3_0, TriggerEventObject, CharacterTriggerEventObject, CollisionEventObject, DYNAMIC, STATIC, KINEMATIC, X_AXIS, Y_AXIS, Z_AXIS, X, Y, Z, SWING1, SWING2, TWIST, TRIANGLE, TETRAHEDRON, CAPSULE, CYLINDER, CONE, MESH, PLANE, SIMPLEX, TERRAIN, POINT_TO_POINT, CONFIGURABLE, FREE, LIMITED, LOCKED, DISABLED, SERVO, INDUCTION, WIRE_FRAME, CONSTRAINT, ITriggerEvent, IContactEquation, ICollisionEvent, cylinder, Profiler, profiler, SkelAnimDataHub, SkeletalAnimationState, Socket, SkeletalAnimation, SortingLayers, Sorting2D, Sorting, String, SPVectorFloat, Timeline, setup, first, replace, add, mixIn, mixOut, rotate, translate, scale, shear, attachment, color, deform, event, drawOrder, ikConstraint, transformConstraint, pathConstraintPosition, pathConstraintSpacing, pathConstraintMix, twoColor, CurveTimeline, RotateTimeline, TranslateTimeline, ScaleTimeline, ShearTimeline, ColorTimeline, TwoColorTimeline, RGBATimeline, AttachmentTimeline, DeformTimeline, EventTimeline, DrawOrderTimeline, IkConstraintTimeline, TransformConstraintTimeline, PathConstraintPositionTimeline, PathConstraintSpacingTimeline, PathConstraintMixTimeline, TrackEntry, EventQueue, start, interrupt, end, complete, dispose, AnimationStateAdapter, AnimationStateData, AtlasAttachmentLoader, OnlyTranslation, NoRotationOrReflection, NoScale, NoScaleOrReflection, EventData, IkConstraint, IkConstraintData, PathConstraint, PathConstraintData, Fixed, Percent, Length, Tangent, Chain, ChainScale, SharedAssetManager, SkeletonBinary, SkeletonBounds, SkeletonClipping, SkeletonData, SkeletonJson, SkinEntry, Nearest, Linear, MipMap, MipMapNearestNearest, MipMapLinearNearest, MipMapNearestLinear, MipMapLinearLinear, MirroredRepeat, ClampToEdge, Repeat, TextureRegion, FakeTexture, TextureAtlas, TextureAtlasPage, TextureAtlasRegion, TransformConstraint, TransformConstraintData, Triangulator, Updatable, IntSet, MathUtils, Interpolation, Pow, PowOut, Utils, DebugUtils, Vector2, TimeKeeper, WindowedMean, VertexEffect, Attachment, VertexAttachment, Region, LinkedMesh, Path, Clipping, BoundingBoxAttachment, ClippingAttachment, MeshAttachment, PathAttachment, PointAttachment, RegionAttachment, JitterEffect, SwirlEffect, SkeletonSystem, SkeletonInstance, wasmUtil, REGION, BOUNDING_BOX, SKINNED_MESH, START, INTERRUPT, COMPLETE, DISPOSE, EVENT, UNSET, AnimationCacheMode, DefaultAnimsEnum, SpineSocket, VertexEffectDelegate, simpleSpineAssembler, SPINE_VERSION, HeightField, TerrainInfo, TerrainLayer, TerrainBlockLightmapInfo, TerrainBlock, Terrain, TERRAIN_MAX_LEVELS, TERRAIN_MAX_BLEND_LAYERS, TERRAIN_MAX_LAYER_COUNT, TERRAIN_BLOCK_TILE_COMPLEXITY, TERRAIN_BLOCK_VERTEX_COMPLEXITY, TERRAIN_BLOCK_VERTEX_SIZE, TERRAIN_HEIGHT_BASE, TERRAIN_HEIGHT_FACTORY, TERRAIN_HEIGHT_FACTORY_V7, TERRAIN_HEIGHT_FMIN, TERRAIN_HEIGHT_FMAX, TERRAIN_NORTH_INDEX, TERRAIN_SOUTH_INDEX, TERRAIN_WEST_INDEX, TERRAIN_EAST_INDEX, TERRAIN_DATA_VERSION, TERRAIN_DATA_VERSION2, TERRAIN_DATA_VERSION3, TERRAIN_DATA_VERSION4, TERRAIN_DATA_VERSION5, TERRAIN_DATA_VERSION6, TERRAIN_DATA_VERSION7, TERRAIN_DATA_VERSION8, TERRAIN_DATA_VERSION_DEFAULT, TerrainLayerInfo, TerrainLayerBinaryInfo, TerrainAsset, TiledMap, TiledMapAsset, TiledUserNodeData, TiledLayer, TiledObjectGroup, TiledTile, tiledLayerAssembler, TweenSystem, TweenAction, TweenCustomProgress, TweenCustomEasing, TweenUpdateCallback, TweenUpdateUntilCallback, Tween, TweenEasing, UISkew, Button, EditBox, Layout, ProgressBar, ScrollBar, ScrollView, Slider, Toggle, ToggleContainer, ViewGroup, PageView, PageViewIndicator, SafeArea, UICoordinateTracker, BlockInputEvents, SubContextView, widgetManager, View, ResolutionPolicy, view, UIReorderComponent, PENDING, PURCHASED, UNSPECIFIED_STATE, QueryProductDetailsParamsProduct, DISCONNECTED, CONNECTING, CONNECTED, CLOSED, SERVICE_TIMEOUT, FEATURE_NOT_SUPPORTED, SERVICE_DISCONNECTED, OK, USER_CANCELED, SERVICE_UNAVAILABLE, BILLING_UNAVAILABLE, ITEM_UNAVAILABLE, DEVELOPER_ERROR, ITEM_ALREADY_OWNED, ITEM_NOT_OWNED, NETWORK_ERROR, SUBSCRIPTIONS, SUBSCRIPTIONS_UPDATE, PRICE_CHANGE_CONFIRMATION, IN_APP_MESSAGING, PRODUCT_DETAILS, BILLING_CONFIG, ALTERNATIVE_BILLING_ONLY, EXTERNAL_OFFER, INAPP, SUBS, UNKNOWN_IN_APP_MESSAGE_CATEGORY_ID, TRANSACTIONAL, UNKNOWN_REPLACEMENT_MODE, WITH_TIME_PRORATION, CHARGE_PRORATED_PRICE, WITHOUT_PRORATION, CHARGE_FULL_PRICE, DEFERRED, NO_ACTION_NEEDED, SUBSCRIPTION_STATUS_UPDATED, INFINITE_RECURRING, FINITE_RECURRING, NON_RECURRING, ProductDetailsParams, SubscriptionUpdateParams, AuthenticationResult, RecallAccess, PlayException, Achievement, AchievementBuffer, AnnotatedData, PlayGamesSdk, PlayGames, GamesSignInClient, AchievementsClient, RecallClientHelper, RecallClient, Continuation, Task, VideoClip, VideoPlayer, WebView, Other, Left, Right, XRUI_HOVER_ENTERED, XRUI_HOVER_EXITED, XRUI_HOVER_STAY, XRUI_CLICK, XRUI_UNCLICK, XR_CAPS_LOCK, XR_KEYBOARD_INIT, XR_KEYBOARD_INPUT, TO_LATIN, TO_SYMBOL, TO_MATH_SYMBOL, XrUIPressEvent, find, bits, v2, v3, v4, quat, mat4, size, rect, equals, approx, clamp, clamp01, lerp, toRadian, toDegree, random, setRandGenerator, randomRange, randomRangeInt, pseudoRandom, pseudoRandomRange, pseudoRandomRangeInt, nextPow2, repeat, pingPong, inverseLerp, absMaxComponent, absMax, enumerableProps, floatToHalf, halfToFloat, IColorLike, IMat3Like, IMat4Like, IQuatLike, IRectLike, ISizeLike, IVec2Like, IVec3Like, IVec4Like, Collider, ColliderComponent, BoxColliderComponent, SphereColliderComponent, CapsuleColliderComponent, MeshColliderComponent, CylinderColliderComponent, SimplexCollider, RigidBody, RigidBodyComponent, PhysicMaterial, ERigidBodyType, EAxisDirection, EColliderType, EPhysicsDrawFlags, loadWasmModuleSpine, _cocos_core_data_editor_extendable__EditorExtendable, _cocos_animation_embedded_player_embedded_player__EmbeddedPlayableState, _cocos_animation_embedded_player_embedded_particle_system_player__EmbeddedParticleSystemPlayableState, _cocos_animation_embedded_player_embedded_animation_clip_player__EmbeddedAnimationClipPlayableState, _cocos_3d_skeletal_animation_skeletal_animation_blending__BlendingPropertyName, _cocos_3d_skeletal_animation_skeletal_animation_blending__BlendStateWriterInternal, _cocos_3d_skeletal_animation_skeletal_animation_blending__BlendStateWriter, _cocos_3d_skeletal_animation_skeletal_animation_blending__NodeBlendState, _cocos_3d_skeletal_animation_skeletal_animation_blending__BlendStateBuffer, _cocos_animation_pose_output__Pose, _cocos_animation_pose_output__PoseOutput, _cocos_animation_tracks_track__TrackBinding, _cocos_animation_tracks_track__Binder, _cocos_animation_exotic_animation_exotic_animation__FloatArray, FLOAT_32, FLOAT_64, _cocos_animation_exotic_animation_exotic_animation__QuantizationType, _cocos_animation_exotic_animation_exotic_animation__UintArray, _cocos_animation_exotic_animation_exotic_animation__QuantizedFloatArray, _cocos_animation_exotic_animation_exotic_animation__MayBeQuantized, _cocos_animation_exotic_animation_exotic_animation__ExoticVectorLikeTrackValues, _cocos_animation_exotic_animation_exotic_animation__ExoticVec3TrackValues, _cocos_animation_exotic_animation_exotic_animation__ExoticTrack, _cocos_animation_exotic_animation_exotic_animation__ExoticVec3Track, _cocos_animation_exotic_animation_exotic_animation__ExoticQuatTrackValues, _cocos_animation_exotic_animation_exotic_animation__ExoticQuatTrack, _cocos_animation_exotic_animation_exotic_animation__ExoticNodeAnimationEvaluator, _cocos_animation_core_transform__ReadonlyTransform, _cocos_animation_core_transform__Transform, _cocos_animation_core_transform_array__TransformArray, COMPONENT, _cocos_animation_core_pose__Pose, _cocos_animation_exotic_animation_exotic_animation__ExoticNodeAnimationAGEvaluation, _cocos_animation_exotic_animation_exotic_animation__SplitInfo, _cocos_animation_exotic_animation_exotic_animation__ExoticNodeAnimation, _cocos_animation_exotic_animation_exotic_animation__ExoticTrsAnimationEvaluator, _cocos_animation_exotic_animation_exotic_animation__ExoticTrsAGEvaluation, _cocos_animation_tracks_track__Curve, _cocos_animation_tracks_track__Channel, _cocos_animation_tracks_track__RealChannel, _cocos_animation_define__createEvalSymbol, _cocos_animation_tracks_array_track__RealArrayTrackEval, _cocos_animation_core_pose__TransformFilter, _editor_src_marionette_preview__MotionEvalRecord, _editor_src_marionette_preview__AnimationGraphPartialPreviewer, _cocos_serialization_deserialize_symbols__onAfterDeserializedTag, __types_globals__Constructor, _editor_src_marionette_pose_graph_editor_api__Constructor, _editor_src_marionette_visit_visit_pose_node__PoseNodeLocationRoot, _editor_src_marionette_visit_visit_pose_node__PoseNodeLocation, _cocos_particle_2d_tiff_reader__fieldTypeNames, _cocos_particle_2d_tiff_reader__FieldTypeNamesKey, _cocos_particle_2d_tiff_reader__FieldTypeNamesValue, _cocos_particle_2d_tiff_reader__fieldTagNames, _cocos_particle_2d_tiff_reader__FieldTagNamesKey, _cocos_particle_2d_tiff_reader__FieldTagNamesValue, _cocos_serialization_compiled_builtin_value_type__ValueTypeData, _cocos_core_platform_macro__KEY, __types_globals__TypedArray, _cocos_2d_renderer_native_2d__NativeUIMeshBuffer, ENTER_LEVEL, ENABLED, EXIT_LEVEL, CLEAR_INVERTED, ENTER_LEVEL_INVERTED, RGB565, RGBA4444, RGB888, RGBA8888, BGRA8888, I8, AI8, RGB_PVRTC_2BPPV1, RGBA_PVRTC_2BPPV1, RGB_A_PVRTC_2BPPV1, RGB_PVRTC_4BPPV1, RGBA_PVRTC_4BPPV1, RGB_A_PVRTC_4BPPV1, RGB_ETC1, RGBA_ETC1, RGB_ETC2, RGBA_ETC2, RGBA_ASTC_4x4, RGBA_ASTC_5x4, RGBA_ASTC_5x5, RGBA_ASTC_6x5, RGBA_ASTC_6x6, RGBA_ASTC_8x5, RGBA_ASTC_8x6, RGBA_ASTC_8x8, RGBA_ASTC_10x5, RGBA_ASTC_10x6, RGBA_ASTC_10x8, RGBA_ASTC_10x10, RGBA_ASTC_12x10, RGBA_ASTC_12x12, REPEAT, CLAMP_TO_EDGE, MIRRORED_REPEAT, CLAMP_TO_BORDER, NEAREST, _cocos_asset_assets_texture_base__TextureBase, _cocos_2d_assets_bitmap_font__FontLetterDefinition, _cocos_2d_assembler_label_font_utils__LetterTexture, _cocos_2d_assembler_label_font_utils__LetterAtlas, _cocos_2d_assets_bitmap_font__FontAtlas, _cocos_asset_assets_image_asset__ImageSource, RECT, _cocos_2d_renderer_static_vb_accessor__StaticVBChunk, _cocos_2d_renderer_buffer_accessor__BufferAccessor, _cocos_2d_renderer_static_vb_accessor__StaticVBAccessor, _cocos_2d_renderer_draw_batch__DrawBatch2D, MASK_INVERTED, MASK_NODE, MASK_NODE_INVERTED, _cocos_2d_renderer_native_2d__NativeRenderDrawInfo, _cocos_2d_renderer_native_2d__NativeRenderEntity, COMP, MODEL, MIDDLEWARE, SUB_NODE, _cocos_2d_renderer_render_draw_info__RenderDrawInfo, CROSSED, _cocos_2d_renderer_render_entity__RenderEntity, SIMPLE, SLICED, TILED, FILLED, RADIAL, CUSTOM, TRIMMED, RAW, SPRITE_FRAME_CHANGED, _cocos_2d_assembler_label_font_utils__CanvasPool, _cocos_2d_assembler_label_font_utils__LetterRenderTexture, _cocos_2d_assembler_label_text_style__TextStyle, _cocos_2d_assembler_label_text_layout__TextLayout, _cocos_2d_assembler_label_text_output_data__TextOutputRenderData, _cocos_2d_assembler_label_text_output_data__TextOutputLayoutData, BEVEL, ROUND, MITER, BUTT, SQUARE, _cocos_2d_assembler_graphics_webgl_impl__Point, _cocos_2d_assembler_graphics_webgl_impl__Path, PT_CORNER, PT_LEFT, PT_BEVEL, PT_INNERBEVEL, _cocos_2d_assembler_graphics_webgl_impl__Impl, _cocos_2d_renderer_native_2d__NativeUIModelProxy, _cocos_2d_renderer_native_2d__NativeBatcher2d, _cocos_2d_utils_dynamic_atlas_atlas__DynamicAtlasTexture, USE_LIGHT_PROBE_CHANGED, REFLECTION_PROBE_CHANGED, BAKE_TO_REFLECTION_PROBE_CHANGED, _cocos_3d_framework_mesh_renderer__ModelBakeSettings, _cocos_3d_framework_mesh_renderer__ModelShadowCastingMode, __types_globals__EnumAlias, _cocos_3d_framework_mesh_renderer__ModelShadowReceivingMode, _cocos_3d_lights_light_component__StaticLightSettings, _cocos_3d_lights_light_component__PhotometricTerm, _cocos_3d_models_morph_model__MorphModel, _cocos_3d_models_skinning_model__SkinningModel, _cocos_3d_models_baked_skinning_model__BakedSkinningModel, Default, Reverse, Loop, LoopReverse, PingPong, PingPongReverse, _cocos_animation_animation_clip__EventEvaluator, _cocos_animation_animation_clip__EmbeddedPlayerEvaluation, _cocos_animation_animation_clip__TrackEvalStatus, _cocos_animation_animation_clip__ExoticAnimationEvaluator, _cocos_animation_animation_clip__BoneTransform, _cocos_animation_animation_clip__RootMotionEvaluation, _cocos_animation_animation_clip__AnimationClipEvaluation, _cocos_animation_internal_symbols__BAKE_SKELETON_CURVE_SYMBOL, _cocos_animation_tracks_untyped_track__UntypedTrackRefine, _cocos_animation_animation_clip__searchForRootBonePathSymbol, _cocos_animation_animation_clip__WrapMode_, _cocos_animation_types__WrappedInfo, _cocos_animation_playable__Playable, PLAY, STOP, RESUME, LASTFRAME, FINISHED, _cocos_animation_cross_fade__CrossFade, _cocos_core_event_eventify__EventType, _cocos_animation_animation_component__Animation_base, _cocos_animation_animation_component__EventType_, _cocos_animation_tracks_track__trackBindingTag, _cocos_animation_tracks_track__parseTrsPathTag, _cocos_animation_tracks_track__normalizedFollowTag, _cocos_animation_tracks_track__SingleChannelTrack, _cocos_animation_tracks_vector_track__Vec2TrackEval, _cocos_animation_tracks_vector_track__Vec3TrackEval, _cocos_animation_tracks_vector_track__Vec4TrackEval, _cocos_animation_tracks_quat_track__QuatTrackEval, _cocos_animation_tracks_color_track__ColorTrackEval, _cocos_animation_tracks_size_track__SizeTrackEval, _cocos_animation_cubic_spline_value__CubicSplineValueConstructor, _cocos_3d_skeletal_animation_skeletal_animation_blending__LegacyVec3PropertyBlendState, _cocos_3d_skeletal_animation_skeletal_animation_blending__LegacyQuatPropertyBlendState, _cocos_3d_skeletal_animation_skeletal_animation_blending__LegacyNodeBlendState, _cocos_3d_skeletal_animation_skeletal_animation_blending__LegacyBlendStateBuffer, DOM_AUDIO, WEB_AUDIO, MINIGAME_AUDIO, NATIVE_AUDIO, UNKNOWN_AUDIO, _pal_audio__OneShotAudio, _pal_audio__AudioPlayer, PLAYING, PAUSED, STOPPED, INTERRUPTED, STARTED, ENDED, _pal_audio_type__AudioBufferView, _cocos_rendering_global_descriptor_set_manager__GlobalDSManager, _cocos_rendering_pipeline_event__PipelineEventCallback, _cocos_3d_skeletal_animation_skeletal_animation_utils__JointTexturePool, _cocos_3d_skeletal_animation_skeletal_animation_utils__JointAnimationInfo, _cocos_3d_skeletal_animation_data_pool_manager__DataPoolManager, _cocos_gfx_base_states_buffer_barrier__BufferBarrier, __types_globals__TypedArrayConstructor, _cocos_core_data_gc_object__GCObject, _cocos_render_scene_core_program_lib__ProgramLib, __types_globals__RecursivePartial, UINT32, FLOAT32, _cocos_render_scene_core_memory_pools__BufferDataTypeManifest, _cocos_render_scene_core_memory_pools__BufferDataMembersManifest, _cocos_render_scene_core_memory_pools__BufferArrayType, _cocos_render_scene_core_memory_pools__BufferPool, _cocos_core_memop_scalable_container__ScalableContainer, ShouldWrap, Clamp, _cocos_core_geometry_curve__OptimizedKey, _cocos_core_utils_pool__CleanUpFunction, __types_globals__Getter, __types_globals__Setter, _cocos_core_platform_debug__StringSubstitution, _cocos_core_data_utils_attribute_defines__GroupOptions, _cocos_core_data_decorators_property__IPropertyOptions, _cocos_core_data_decorators_utils__Initializer, _cocos_core_data_decorators_utils__BabelPropertyDecoratorDescriptor, _cocos_core_data_decorators_utils__LegacyPropertyDecorator, _cocos_core_data_decorators_property__SimplePropertyType, _cocos_core_data_decorators_property__PropertyType, _cocos_core_data_utils_attribute__PrimitiveType, DELIMETER, PrimitiveType, Uint8, Uint16, Uint32, Int8, Int16, Int32, Float32, Float64, Scalar, _cocos_core_data_custom_serializable__DeserializationContext, _cocos_core_event_event_target__Empty, _cocos_core_event_eventify__Constructor, _pal_screen_adapter_enum_type_screen_event__PalScreenEvent, WEBP, IMAGE_BITMAP, WEB_VIEW, VIDEO_PLAYER, SAFE_AREA, HPE, INPUT_TOUCH, EVENT_KEYBOARD, EVENT_MOUSE, EVENT_TOUCH, EVENT_ACCELEROMETER, EVENT_GAMEPAD, EVENT_HANDLE, EVENT_HMD, EVENT_HANDHELD, WASM, LAN, WWAN, ENGLISH, CHINESE, FRENCH, ITALIAN, GERMAN, SPANISH, DUTCH, RUSSIAN, KOREAN, JAPANESE, HUNGARIAN, PORTUGUESE, ARABIC, NORWEGIAN, POLISH, TURKISH, UKRAINIAN, ROMANIAN, BULGARIAN, HINDI, IOS, ANDROID, WINDOWS, LINUX, OSX, OHOS, OPENHARMONY, EDITOR_PAGE, EDITOR_CORE, MOBILE_BROWSER, DESKTOP_BROWSER, WIN32, MACOS, WECHAT_GAME, WECHAT_MINI_PROGRAM, XIAOMI_QUICK_GAME, ALIPAY_MINI_GAME, TAOBAO_CREATIVE_APP, TAOBAO_MINI_GAME, BYTEDANCE_MINI_GAME, OPPO_MINI_GAME, VIVO_MINI_GAME, HUAWEI_QUICK_GAME, MIGU_MINI_GAME, HONOR_MINI_GAME, WECHAT, IE, EDGE, QQ, MOBILE_QQ, UC, UCBS, BROWSER_360, BAIDU_APP, BAIDU, MAXTHON, OPERA, OUPENG, MIUI, FIREFOX, SAFARI, CHROME, LIEBAO, QZONE, SOUGOU, HUAWEI, _cocos_core_scheduler__CallbackType, __types_globals__AnyFunction, _cocos_core_curves_curve__RealKeyframeValueParameters, _cocos_core_curves_keyframe_curve__KeyFrame, _cocos_core_curves_keyframe_curve__KeyframeCurve, QUAD_IN, QUAD_OUT, QUAD_IN_OUT, QUAD_OUT_IN, CUBIC_IN, CUBIC_OUT, CUBIC_IN_OUT, CUBIC_OUT_IN, QUART_IN, QUART_OUT, QUART_IN_OUT, QUART_OUT_IN, QUINT_IN, QUINT_OUT, QUINT_IN_OUT, QUINT_OUT_IN, SINE_IN, SINE_OUT, SINE_IN_OUT, SINE_OUT_IN, EXPO_IN, EXPO_OUT, EXPO_IN_OUT, EXPO_OUT_IN, CIRC_IN, CIRC_OUT, CIRC_IN_OUT, CIRC_OUT_IN, ELASTIC_IN, ELASTIC_OUT, ELASTIC_IN_OUT, ELASTIC_OUT_IN, BACK_IN, BACK_OUT, BACK_IN_OUT, BACK_OUT_IN, BOUNCE_IN, BOUNCE_OUT, BOUNCE_IN_OUT, BOUNCE_OUT_IN, SMOOTH, FADE, _cocos_core_curves_quat_curve__QuatKeyframeValueParameters, Blend, _cocos_core_value_types_enum__EnumType, _cocos_rendering_shadow_csm_layers__ShadowLayerVolume, _cocos_rendering_shadow_csm_layers__CSMShadowLayer, _cocos_rendering_shadow_csm_layers__CSMLayers, VERTEX_COLOR, VERTEX_NORMAL, VERTEX_TANGENT, WORLD_POS, VERTEX_MIRROR, FACE_SIDE, UV0, UV1, UV_LIGHTMAP, PROJ_DEPTH, LINEAR_DEPTH, FRAGMENT_NORMAL, FRAGMENT_TANGENT, FRAGMENT_BINORMAL, BASE_COLOR, DIFFUSE_COLOR, SPECULAR_COLOR, TRANSPARENCY, METALLIC, ROUGHNESS, SPECULAR_INTENSITY, IOR, DIRECT_DIFFUSE, DIRECT_SPECULAR, DIRECT_ALL, ENV_DIFFUSE, ENV_SPECULAR, ENV_ALL, EMISSIVE, LIGHT_MAP, SHADOW, AO, FRESNEL, DIRECT_TRANSMIT_DIFFUSE, DIRECT_TRANSMIT_SPECULAR, ENV_TRANSMIT_DIFFUSE, ENV_TRANSMIT_SPECULAR, TRANSMIT_ALL, DIRECT_TRT, ENV_TRT, TRT_ALL, FOG, SINGLE, COMPOSITE_AND_MISC, NORMAL_MAP, TONE_MAPPING, GAMMA_CORRECTION, TRANSMIT_DIFFUSE, TRANSMIT_SPECULAR, TRT, TT, MAX_BIT_COUNT, ADD_POINTER_EVENT_PROCESSOR, REMOVE_POINTER_EVENT_PROCESSOR, MARK_LIST_DIRTY, _cocos_core_event_callbacks_invoker__CallbackInfo, _cocos_core_event_callbacks_invoker__CallbackList, _cocos_core_event_callbacks_invoker__EventType, _cocos_core_event_callbacks_invoker__CallbacksInvoker, KEY_PRESSING, GAMEPAD_INPUT, GAMEPAD_CHANGE, HANDLE_INPUT, HANDLE_POSE_INPUT, HMD_POSE_INPUT, HANDHELD_POSE_INPUT, _cocos_input_types_event_enum__SystemEventTypeUnion, _cocos_scene_graph_node_event_processor__NodeEventProcessor, __types_globals__AbstractedConstructor, _cocos_scene_graph_node_ui_properties__NodeUIProperties, _cocos_scene_graph_component_scheduler__InvokeFunc, _cocos_scene_graph_component_scheduler__LifeCycleInvoker, _cocos_scene_graph_node_activator__UnsortedInvoker, _cocos_scene_graph_component_scheduler__OneOffInvoker, _cocos_asset_assets_material__MaterialPropertyFull, TARGET_TEXTURE_CHANGE, _cocos_misc_camera_component__ProjectionType, _cocos_misc_camera_component__FOVAxis, _cocos_misc_camera_component__ClearFlag, _cocos_misc_camera_component__Aperture, _cocos_misc_camera_component__Shutter, _cocos_misc_camera_component__ISO, _cocos_scene_graph_component_scheduler__ReusableInvoker, _cocos_scene_graph_component_scheduler__ComponentScheduler, _pal_screen_adapter__ConfigOrientation, _cocos_serialization_deserialize__SharedString, _cocos_serialization_deserialize__EMPTY_PLACEHOLDER, _cocos_serialization_deserialize__Empty, _cocos_serialization_deserialize__Ctor, _cocos_serialization_deserialize__AnyCtor, _cocos_serialization_deserialize__IClass, _cocos_serialization_deserialize_dynamic__DeserializerPool, _cocos_serialization_deserialize_dynamic__ClassFinder, _cocos_serialization_deserialize_dynamic__ReportMissingClass, _cocos_serialization_deserialize_dynamic__TypedArrayViewConstructorName, _cocos_serialization_deserialize_dynamic__NotA, _cocos_serialization_deserialize_dynamic__NotB, _cocos_serialization_deserialize_dynamic__FooName, _cocos_serialization_deserialize_dynamic__NotKnownTypeTag, _cocos_serialization_deserialize_dynamic__NotTypeTag, _cocos_serialization_deserialize_dynamic__SerializedFieldObjectValue, _cocos_serialization_deserialize_dynamic__SerializedFieldValue, _cocos_serialization_deserialize_dynamic__SerializedGeneralTypedObject, _cocos_serialization_deserialize_dynamic__SerializedObject, _cocos_serialization_deserialize_dynamic__SerializedData, _cocos_serialization_deserialize_dynamic___Deserializer, _cocos_serialization_deserialize_dynamic__CompiledDeserializeFn, _cocos_serialization_deserialize__AnyCCClass, _cocos_serialization_deserialize__IMask, _cocos_serialization_deserialize__InstanceIndex, _cocos_serialization_deserialize__ReverseIndex, _cocos_serialization_deserialize__Bnot, _cocos_serialization_deserialize__InstanceBnotReverseIndex, _cocos_serialization_deserialize__IValueTypeData, _cocos_serialization_deserialize__ITRSData, _cocos_serialization_deserialize__CUSTOM_OBJ_DATA_CLASS, _cocos_serialization_deserialize__CUSTOM_OBJ_DATA_CONTENT, _cocos_serialization_deserialize__ICustomObjectDataContent, _cocos_serialization_deserialize__DICT_JSON_LAYOUT, _cocos_serialization_deserialize__AdvancedTypeID, _cocos_serialization_deserialize__AdvancedData, _cocos_serialization_deserialize__IArrayData, _cocos_serialization_deserialize__AnyData, _cocos_serialization_deserialize__IClassObjectData, _cocos_serialization_deserialize__PrimitiveObjectTypeID, _cocos_serialization_deserialize__OtherObjectData, _cocos_serialization_deserialize__NoNativeDep, _cocos_serialization_deserialize__RootInstanceIndex, _cocos_serialization_deserialize__BoolAndNum, _cocos_serialization_deserialize__RootInfo, _cocos_serialization_deserialize__OtherObjectTypeID, _cocos_serialization_deserialize__StringIndex, _cocos_serialization_deserialize__StringIndexBnotNumber, _cocos_serialization_deserialize_type_utilities__Tuple, _cocos_serialization_deserialize_type_utilities__EnumMapImpl, _cocos_serialization_deserialize_type_utilities__MapTuple, _cocos_serialization_deserialize_type_utilities__MapEnum, _cocos_serialization_deserialize__IFileData, _cocos_serialization_deserialize__FileInfo, _cocos_serialization_deserialize__IRuntimeFileDataMap, _cocos_serialization_deserialize__IRuntimeFileData, _cocos_serialization_deserialize__IDeserializeInput, _cocos_serialization_deserialize__ClassFinder, _cocos_serialization_deserialize_type_utilities__TupleSplit, _cocos_serialization_deserialize_type_utilities__TakeFirst, _cocos_serialization_deserialize_type_utilities__SkipFirst, _cocos_serialization_deserialize_type_utilities__TupleSlice, _cocos_serialization_deserialize__ISharedData, _cocos_serialization_deserialize__IPackedFileSection, _cocos_serialization_deserialize__IPackedFileData, _cocos_asset_assets_asset__CreateNodeCallback, _cocos_asset_assets_asset__Asset_base, _cocos_asset_assets_rendering_sub_mesh__IBArray, _cocos_asset_assets_simple_texture__SimpleTexture, right, left, top, bottom, front, back, BAKED_CONVOLUTION_MAP, _cocos_asset_assets_texture_cube__ITextureCubeCreateInfo, _cocos_asset_assets_simple_texture__PresumedGFXTextureInfo, _cocos_asset_assets_simple_texture__PresumedGFXTextureViewInfo, _cocos_asset_asset_manager_pack_manager__Unpacker, _cocos_asset_asset_manager_pack_manager__PackManager, _cocos_asset_asset_manager_factory__CreateHandler, _cocos_asset_asset_manager_factory__Factory, _cocos_asset_asset_manager_downloader__DownloadHandler, _cocos_asset_asset_manager_download_file__FileProgressCallback, _cocos_asset_asset_manager_deprecated__LoadProgressCallback, _cocos_asset_asset_manager_deprecated__LoadCompleteCallback, _cocos_asset_asset_manager_deprecated__LoadDirCompleteCallback, _extensions_ccpool_node_pool__Constructor, _pal_input__InputSourceButton, _pal_input__InputSourceDpad, _pal_input__InputSourceStick, _pal_input__InputSourcePosition, _pal_input__InputSourceOrientation, _pal_input__GamepadInputDevice, _pal_input__HandleInputDevice, _pal_input__HMDInputDevice, _pal_input__HandheldInputDevice, _cocos_rendering_post_process_components_blit_screen__BlitScreenMaterial, _cocos_rendering_post_process_utils_pass_context__PassContext, _cocos_rendering_post_process_components_fxaa__FXAA, _cocos_dragon_bones_ArmatureCache__AnimationCache, default, '<None>', Single, _cocos_gfx_webgl_webgl_state_cache__WebGLStateCache, _cocos_gfx_webgl_webgl_texture__WebGLTexture, _cocos_gfx_webgl_webgl_gpu_objects__IWebGLBlitManager, _cocos_gfx_webgl2_webgl2_state_cache__WebGL2StateCache, _cocos_gfx_webgl2_webgl2_texture__WebGL2Texture, _cocos_gfx_webgl2_webgl2_gpu_objects__IWebGL2BlitManager, _cocos_gfx_webgpu_webgpu_buffer__WebGPUBuffer, __types_webGPU__GPUTextureViewDimension, __types_webGPU__GPUTextureFormat, __types_webGPU__GPUTextureUsageFlags, __types_webGPU__GPUAddressMode, __types_webGPU__GPUFilterMode, _cocos_gfx_webgpu_webgpu_texture__WebGPUTexture, _cocos_gfx_webgpu_webgpu_sampler__WebGPUSampler, __types_webGPU__GPUIntegerCoordinate, __types_webGPU__GPUColor, __types_webGPU__GPULoadOp, __types_webGPU__GPUStoreOp, __types_webGPU__GPUStencilValue, __types_webGPU__GPUSize32, __types_webGPU__GPUSize64, _cocos_gfx_webgpu_webgpu_framebuffer__WebGPUFramebuffer, __types_webGPU__GPUIndexFormat, _cocos_gfx_webgpu_webgpu_input_assembler__WebGPUInputAssembler, _cocos_gfx_webgpu_webgpu_state_cache__WebGPUStateCache, BEGIN_RENDER_PASS, END_RENDER_PASS, BIND_STATES, DRAW, UPDATE_BUFFER, COPY_BUFFER_TO_TEXTURE, _cocos_gfx_webgpu_webgpu_commands__WebGPUCmdObject, _cocos_gfx_webgpu_webgpu_commands__WebGPUCmdBeginRenderPass, _cocos_gfx_webgpu_webgpu_command_allocator__WebGPUCommandPool, __types_webGPU__GPUPrimitiveTopology, __types_webGPU__GPUPipelineConstantValue, __types_webGPU__GPUIndex32, __types_webGPU__GPUShaderStageFlags, __types_webGPU__GPUBufferBindingType, __types_webGPU__GPUSamplerBindingType, __types_webGPU__GPUTextureSampleType, __types_webGPU__GPUStorageTextureAccess, __types_webGPU__GPUAutoLayoutMode, __types_webGPU__GPUVertexStepMode, __types_webGPU__GPUVertexFormat, __types_webGPU__GPUFrontFace, __types_webGPU__GPUCullMode, __types_webGPU__GPUCompareFunction, __types_webGPU__GPUStencilOperation, __types_webGPU__GPUDepthBias, __types_webGPU__GPUSampleMask, __types_webGPU__GPUBlendOperation, __types_webGPU__GPUBlendFactor, __types_webGPU__GPUColorWriteFlags, _cocos_gfx_webgpu_webgpu_commands__WebGPUCmdBindStates, _cocos_gfx_webgpu_webgpu_commands__WebGPUCmdDraw, _cocos_gfx_webgpu_webgpu_commands__WebGPUCmdUpdateBuffer, _cocos_gfx_webgpu_webgpu_commands__WebGPUCmdCopyBufferToTexture, _cocos_gfx_webgpu_webgpu_commands__WebGPUCmdPackage, _cocos_gfx_webgpu_webgpu_command_allocator__WebGPUCommandAllocator, _cocos_gfx_webgpu_define__DefaultResources, __types_webGPU__GPUCanvasToneMappingMode, __types_webGPU__GPUCanvasAlphaMode, __types_webGPU__GPUSupportedFeatures, _cocos_rendering_pipeline_serialization__RenderTextureConfig, FRONT_TO_BACK, BACK_TO_FRONT, _cocos_rendering_pipeline_serialization__RenderQueueDesc, _cocos_rendering_render_queue__RenderQueue, _cocos_rendering_render_instanced_queue__RenderInstancedQueue, _cocos_rendering_render_pipeline__BloomRenderData, _cocos_rendering_render_pipeline__PipelineRenderData, _cocos_rendering_deferred_deferred_pipeline__DeferredRenderData, _cocos_rendering_pipeline_ubo__PipelineUBO, _cocos_particle_2d_particle_simulator_2d__Particle, _cocos_particle_2d_particle_simulator_2d__Simulator, _cocos_particle_2d_motion_streak_2d__Point, World, Local, Custom, Pause, PauseAndCatchup, AlwaysSimulate, _cocos_particle_particle__Particle, _cocos_particle_renderer_particle_system_renderer_cpu__PVData, _cocos_particle_models_particle_batch_model__default, _cocos_particle_renderer_particle_system_renderer_data__default, _cocos_particle_renderer_particle_system_renderer_base__ParticleSystemRendererBase, _cocos_particle_particle__ParticleModuleBase, _cocos_particle_animator_color_overtime__default, Box, Circle, Cone, Hemisphere, Base, Edge, Shell, Volume, Random, _cocos_particle_emitter_shape_module__default, _cocos_particle_animator_size_overtime__default, _cocos_particle_animator_velocity_overtime__default, _cocos_particle_animator_force_overtime__default, _cocos_particle_animator_limit_velocity_overtime__default, _cocos_particle_animator_rotation_overtime__default, _cocos_particle_animator_texture_animation__default, _cocos_particle_animator_noise_module__NoiseModule, Particles, Stretch, _cocos_particle_renderer_trail__default, _cocos_physics_2d_framework_physics_selector__IPhysicsEngineId, _cocos_physics_2d_framework_physics_system__PhysicsSystem2D_base, _cocos_physics_2d_framework_components_colliders_collider_2d__Collider2D_base, _cocos_physics_framework_components_colliders_collider__Callback, _cocos_physics_framework_components_colliders_collider__Collider_base, _cocos_physics_framework_components_constraints_constraint__Constraint_base, _cocos_physics_framework_components_constraints_configurable_constraint__LinearLimitSettings, _cocos_physics_framework_components_constraints_configurable_constraint__AngularLimitSettings, _cocos_physics_framework_components_constraints_configurable_constraint__LinearDriverSettings, _cocos_physics_framework_components_constraints_configurable_constraint__AngularDriverSettings, _cocos_physics_framework_components_character_controllers_character_controller__Callback, _cocos_physics_framework_components_character_controllers_character_controller__CharacterController_base, _cocos_physics_framework_physics_selector__IPhysicsEngineId, _cocos_primitive_cone__IConeOptions, TORUS, QUAD, _cocos_profiler_counter__Counter, _cocos_3d_skeletal_animation_skeletal_animation_data_hub__BakeData, _cocos_spine_skeleton_cache__FrameBoneInfo, _cocos_spine_attach_util__AttachUtil, _cocos_spine_track_entry_listeners__TrackEntryListeners, _cocos_spine_skeleton_cache__SpineDrawItem, _cocos_spine_skeleton_cache__SpineModel, _cocos_spine_skeleton_cache__AnimationCache, _cocos_spine_skeleton_cache__SkeletonCache, _cocos_spine_skeleton__TrackListener, _cocos_spine_skeleton__TrackListener2, _cocos_terrain_terrain_lod__TerrainIndexPool, _cocos_terrain_terrain_lod__TerrainLodKey, _cocos_terrain_terrain_lod__TerrainIndexData, _cocos_terrain_terrain_lod__TerrainLod, _cocos_tiledmap_tiled_types__GID, _cocos_tiledmap_tiled_types__TMXTilesetInfo, _cocos_tiledmap_tiled_types__TiledTextureGrids, _cocos_tiledmap_tiled_types__TiledAnimationType, _cocos_tiledmap_tiled_types__TMXImageLayerInfo, HEX, ISO, _cocos_tiledmap_tiled_types__MixedGID, RightDown, RightUp, LeftDown, LeftUp, ELLIPSE, POLYLINE, IMAGE, TEXT, _cocos_tiledmap_tiled_types__DrawOrder, _cocos_tiledmap_tiled_types__TMXObjectGroupInfo, _cocos_tiledmap_tiled_types__TMXLayerInfo, STAGGERAXIS_X, STAGGERAXIS_Y, STAGGERINDEX_ODD, STAGGERINDEX_EVEN, _cocos_tiledmap_tmx_xml_parser__TMXMapInfo, MAP, OBJECTGROUP, OBJECT, TILE, DIAGONAL, FLIPPED_ALL, FLIPPED_MASK, __types_globals__SafeRecord, _cocos_tiledmap_tiled_layer__TiledDataArray, TAG_INVALID, _cocos_tween_actions_action__Action, _cocos_tween_actions_action_manager__HashElement, _cocos_tween_actions_action_manager__ActionManager, _cocos_tween_actions_action__FiniteTimeAction, _cocos_tween_actions_action_interval__ActionInterval, _cocos_tween_tween__ExtendsReturnResults, _cocos_tween_tween__MaybeUnionStringNumber, _cocos_tween_tween__ExtendsReturnResultOrNever, _cocos_tween_tween__FlagExcludedType, _cocos_tween_tween__AllowedNames, _cocos_tween_tween__StringToNumberOrNever, _cocos_tween_tween__KeyPartial, _cocos_tween_tween__OmitType, _cocos_tween_tween__ConstructorType, _cocos_tween_actions_action_instant__CallFuncCallback, _cocos_tween_tween__TweenWithNodeTargetOrUnknown, SPRITE, CLICK, NORMAL, HOVER, PRESSED, PASSWORD, SENSITIVE, INITIAL_CAPS_WORD, INITIAL_CAPS_SENTENCE, INITIAL_CAPS_ALL_CHARACTERS, EMAIL_ADDR, NUMERIC, PHONE_NUMBER, URL, DECIMAL, SINGLE_LINE, DONE, SEND, SEARCH, GO, NEXT, _cocos_ui_editbox_edit_box_impl_base__EditBoxImplBase, EDITING_DID_BEGAN, EDITING_DID_ENDED, TEXT_CHANGED, EDITING_RETURN, XR_EDITING_DID_BEGAN, XR_EDITING_DID_ENDED, GRID, CONTAINER, CHILDREN, BOTTOM_TO_TOP, TOP_TO_BOTTOM, LEFT_TO_RIGHT, RIGHT_TO_LEFT, FIXED_ROW, FIXED_COL, SCROLL_TO_TOP, SCROLL_TO_BOTTOM, SCROLL_TO_LEFT, SCROLL_TO_RIGHT, SCROLL_BEGAN, SCROLL_ENDED, BOUNCE_TOP, BOUNCE_BOTTOM, BOUNCE_LEFT, BOUNCE_RIGHT, SCROLLING, SCROLL_ENG_WITH_THRESHOLD, TOUCH_UP, Horizontal, Vertical, TOGGLE, ONCE, ON_WINDOW_RESIZE, MID, BOT, Unified, Free, PAGE_TURNING, _cocos_ui_view__View_base, _cocos_ui_view__EqualToFrame, _cocos_ui_view__ProportionalToFrame, _cocos_ui_view__ContainerStrategy, _cocos_ui_view__ExactFit, _cocos_ui_view__ShowAll, _cocos_ui_view__NoBorder, _cocos_ui_view__FixedHeight, _cocos_ui_view__FixedWidth, _cocos_ui_view__ContentStrategy, __types_jsb_jsb__AccelerationXYZ, __types_jsb_jsb__AccelerationIncludingGravityXYZ, __types_jsb_jsb__RotationRateAlpha, __types_jsb_jsb__RotationRateBeta, __types_jsb_jsb__RotationRateGamma, __types_jsb_jsb__MouseEventCallback, __types_jsb_jsb__MouseWheelEventCallback, __types_jsb_jsb__TouchEventCallback, __types_jsb_jsb__KeyboardEventCallback, SIGNED_8, UNSIGNED_8, SIGNED_16, UNSIGNED_16, SIGNED_32, UNSIGNED_32, __types_jsb_jsb__NativePOD, __types_jsb_jsb__Manifest, __types_jsb_jsb__EventAssetsManager, __types_jsb_jsb__AssetsManager, __types_jsb_jsb__PlayException, __types_jsb_jsb__PlayTask, __types_jsb_jsb__RecallAccess, __types_jsb_jsb__Achievement, __types_jsb_jsb__AchievementBuffer, __types_jsb_jsb__AchievementsClient, __types_jsb_jsb__GamesSignInClient, __types_jsb_jsb__RecallClient, window, AccelerationXYZ, AccelerationIncludingGravityXYZ, RotationRateAlpha, RotationRateBeta, RotationRateGamma, DeviceMotionValue, MouseEventCallback, MouseWheelEventCallback, onMouseDown, onMouseMove, onMouseUp, onMouseWheel, TouchEventCallback, onTouchStart, onTouchMove, onTouchEnd, onTouchCancel, onControllerInput, onHandleInput, onControllerChange, onHandlePoseInput, onHMDPoseInput, onHandheldPoseInput, KeyboardEventCallback, onKeyDown, onKeyUp, onResize, onOrientationChanged, onResume, onPause, onClose, onWindowLeave, onWindowEnter, NativePOD, PlayTask, COMPLETED, META_LOADED, READY_TO_PLAY, CLICKED, _cocos_video_video_player_impl__VideoPlayerImpl, _cocos_video_video_player_impl_web__VideoPlayerImplWeb, LOADING, LOADED, _cocos_web_view_web_view_impl__WebViewImpl, CanvasComponent, RenderComponent, UIRenderable, Renderable2D, UITransformComponent, SpriteComponent, UIModelComponent, LabelOutlineComponent, UIStaticBatchComponent, UIOpacityComponent, LabelComponent, Mask, RichText, Graphics, ModelComponent, DirectionalLightComponent, LightComponent, SphereLightComponent, SpotLightComponent, SkinningModelComponent, BatchedSkinningModelComponent, SkinningModelUnit, AnimationComponent, AudioSourceComponent, BaseNode, CameraComponent, RenderableComponent, BillboardComponent, LineComponent, ParticleSystemComponent, SkeletalAnimationComponent, ButtonComponent, EditBoxComponent, LayoutComponent, ProgressBarComponent, ScrollBarComponent, ScrollViewComponent, SliderComponent, ToggleComponent, ToggleContainerComponent, WidgetComponent, PageViewComponent, PageViewIndicatorComponent, SafeAreaComponent, UICoordinateTrackerComponent, BlockInputEventsComponent
@cocos/creator-types/engine/cc.d.ts(24109,18): error TS2420: Class 'Node' incorrectly implements interface 'CustomSerializable'.
  Property '[serializeTag]' is missing in type 'Node' but required in type 'CustomSerializable'.
@cocos/creator-types/engine/cc.d.ts(38222,32): error TS2314: Generic type 'Map<T>' requires 1 type argument(s).
@cocos/creator-types/engine/cc.d.ts(38280,37): error TS2314: Generic type 'Map<T>' requires 1 type argument(s).
@cocos/creator-types/engine/cc.d.ts(38281,39): error TS2314: Generic type 'Map<T>' requires 1 type argument(s).
@cocos/creator-types/engine/cc.d.ts(38768,13): error TS2374: Duplicate index signature for type 'string'.
@cocos/creator-types/engine/cc.d.ts(45181,24): error TS2304: Cannot find name 'GPUCanvasContext'.
@cocos/creator-types/engine/cc.d.ts(45197,29): error TS2552: Cannot find name 'GPUDevice'. Did you mean 'WebGPUDevice'?
@cocos/creator-types/engine/cc.d.ts(50841,13): error TS2374: Duplicate index signature for type 'string'.
@cocos/creator-types/engine/cc.d.ts(53039,17): error TS2374: Duplicate index signature for type 'number'.
@cocos/creator-types/engine/cc.d.ts(61894,55): error TS2833: Cannot find namespace '____private'. Did you mean '__private'?
@cocos/creator-types/engine/cc.d.ts(61910,125): error TS2833: Cannot find namespace '____private'. Did you mean '__private'?
@cocos/creator-types/engine/cc.d.ts(61959,33): error TS2304: Cannot find name '_Motion'.
@cocos/creator-types/engine/cc.d.ts(61960,27): error TS2304: Cannot find name '_Motion'.
@cocos/creator-types/engine/cc.d.ts(61962,47): error TS2833: Cannot find namespace '____private'. Did you mean '__private'?
@cocos/creator-types/engine/cc.d.ts(61964,17): error TS2833: Cannot find namespace '____private'. Did you mean '__private'?
@cocos/creator-types/engine/cc.d.ts(61967,33): error TS2833: Cannot find namespace '____private'. Did you mean '__private'?
@cocos/creator-types/engine/cc.d.ts(61974,50): error TS2304: Cannot find name '_VariableDescription'.
@cocos/creator-types/engine/cc.d.ts(61977,48): error TS2304: Cannot find name '_Motion'.
@cocos/creator-types/engine/cc.d.ts(61978,54): error TS2503: Cannot find namespace '____private'.
@cocos/creator-types/engine/cc.d.ts(61984,27): error TS2503: Cannot find namespace '____private'.
@cocos/creator-types/engine/cc.d.ts(61987,21): error TS2503: Cannot find namespace '_poseGraphOp'.
@cocos/creator-types/engine/cc.d.ts(61990,27): error TS2503: Cannot find namespace '_poseGraphOp'.
@cocos/creator-types/engine/cc.d.ts(61992,28): error TS2503: Cannot find namespace '_poseGraphOp'.
@cocos/creator-types/engine/cc.d.ts(61999,19): error TS2503: Cannot find namespace '____private'.
@cocos/creator-types/engine/cc.d.ts(62000,20): error TS2304: Cannot find name '_PoseGraph'.
@cocos/creator-types/engine/cc.d.ts(62847,13): error TS2374: Duplicate index signature for type 'string'.
@cocos/creator-types/engine/cc.d.ts(63251,13): error TS2374: Duplicate index signature for type 'string'.
@cocos/creator-types/engine/cc.d.ts(63264,13): error TS2374: Duplicate index signature for type 'string'.
@cocos/creator-types/engine/cc.d.ts(64833,52): error TS2307: Cannot find module 'pal/audio/type' or its corresponding type declarations.
@cocos/creator-types/engine/cc.d.ts(64841,58): error TS2307: Cannot find module 'pal/audio/type' or its corresponding type declarations.
@cocos/creator-types/engine/cc.d.ts(64849,80): error TS2307: Cannot find module 'pal/audio/type' or its corresponding type declarations.
@cocos/creator-types/engine/cc.d.ts(64864,32): error TS2307: Cannot find module 'pal/audio/type' or its corresponding type declarations.
@cocos/creator-types/engine/cc.d.ts(64869,33): error TS2307: Cannot find module 'pal/audio/type' or its corresponding type declarations.
@cocos/creator-types/engine/cc.d.ts(64897,61): error TS2307: Cannot find module 'pal/audio/type' or its corresponding type declarations.
@cocos/creator-types/engine/cc.d.ts(65330,13): error TS2374: Duplicate index signature for type 'number'.
@cocos/creator-types/engine/cc.d.ts(65339,13): error TS2374: Duplicate index signature for type 'string'.
@cocos/creator-types/engine/cc.d.ts(65366,13): error TS2374: Duplicate index signature for type 'number'.
@cocos/creator-types/engine/cc.d.ts(66676,13): error TS2374: Duplicate index signature for type 'string'.
@cocos/creator-types/engine/cc.d.ts(67306,13): error TS2374: Duplicate index signature for type 'number'.
@cocos/creator-types/engine/cc.d.ts(67345,13): error TS2374: Duplicate index signature for type 'number'.
@cocos/creator-types/engine/cc.d.ts(68131,60): error TS2307: Cannot find module 'pal/input/input-source' or its corresponding type declarations.
@cocos/creator-types/engine/cc.d.ts(68132,58): error TS2307: Cannot find module 'pal/input/input-source' or its corresponding type declarations.
@cocos/creator-types/engine/cc.d.ts(68133,59): error TS2307: Cannot find module 'pal/input/input-source' or its corresponding type declarations.
@cocos/creator-types/engine/cc.d.ts(68134,62): error TS2307: Cannot find module 'pal/input/input-source' or its corresponding type declarations.
@cocos/creator-types/engine/cc.d.ts(68135,65): error TS2307: Cannot find module 'pal/input/input-source' or its corresponding type declarations.
@cocos/creator-types/engine/cc.d.ts(69055,24): error TS2304: Cannot find name 'GPUBuffer'.
@cocos/creator-types/engine/cc.d.ts(69095,25): error TS2304: Cannot find name 'GPUTexture'.
@cocos/creator-types/engine/cc.d.ts(69102,35): error TS2304: Cannot find name 'GPUTextureView'.
@cocos/creator-types/engine/cc.d.ts(69113,37): error TS2304: Cannot find name 'GPUTextureView'.
@cocos/creator-types/engine/cc.d.ts(69121,25): error TS2304: Cannot find name 'GPUSampler'.
@cocos/creator-types/engine/cc.d.ts(69144,50): error TS2304: Cannot find name 'GPUSampler'.
@cocos/creator-types/engine/cc.d.ts(69180,19): error TS2304: Cannot find name 'GPUTextureView'.
@cocos/creator-types/engine/cc.d.ts(69191,29): error TS2304: Cannot find name 'GPUTextureView'.
@cocos/creator-types/engine/cc.d.ts(69219,19): error TS2304: Cannot find name 'GPUTextureView'.
@cocos/creator-types/engine/cc.d.ts(69274,23): error TS2304: Cannot find name 'GPUQuerySet'.
@cocos/creator-types/engine/cc.d.ts(69305,33): error TS2304: Cannot find name 'GPUQuerySet'.
@cocos/creator-types/engine/cc.d.ts(69339,24): error TS2304: Cannot find name 'GPUBuffer'.
@cocos/creator-types/engine/cc.d.ts(69424,21): error TS2304: Cannot find name 'GPUShaderModule'.
@cocos/creator-types/engine/cc.d.ts(69629,30): error TS2304: Cannot find name 'GPUBindGroupLayout'.
@cocos/creator-types/engine/cc.d.ts(69634,34): error TS2304: Cannot find name 'GPUBindGroupLayout'.
@cocos/creator-types/engine/cc.d.ts(69637,35): error TS2304: Cannot find name 'GPUPipelineLayout'.
@cocos/creator-types/engine/cc.d.ts(69647,21): error TS2304: Cannot find name 'GPUPipelineLayout'.
@cocos/creator-types/engine/cc.d.ts(69897,48): error TS2304: Cannot find name 'GPUBindGroupLayout'.
@cocos/creator-types/engine/cc.d.ts(69921,24): error TS2304: Cannot find name 'GPUBindGroup'.
@cocos/creator-types/engine/cc.d.ts(69922,30): error TS2304: Cannot find name 'GPUBindGroupLayout'.
@cocos/creator-types/engine/cc.d.ts(70020,21): error TS2304: Cannot find name 'GPUDevice'.
@cocos/creator-types/engine/cc.d.ts(71419,13): error TS2374: Duplicate index signature for type 'string'.
@cocos/creator-types/engine/cc.d.ts(71478,13): error TS2374: Duplicate index signature for type 'string'.
@cocos/creator-types/engine/cc.d.ts(72001,13): error TS2374: Duplicate index signature for type 'string'.
@cocos/creator-types/engine/cc.d.ts(72047,13): error TS2374: Duplicate index signature for type 'string'.
@cocos/creator-types/engine/cc.d.ts(72538,13): error TS2374: Duplicate index signature for type 'string'.
@cocos/creator-types/engine/cc.d.ts(75867,109): error TS2307: Cannot find module 'cc/editor/exotic-animation' or its corresponding type declarations.
@cocos/creator-types/engine/cc.d.ts(75868,155): error TS2307: Cannot find module 'cc/editor/embedded-player' or its corresponding type declarations.
@cocos/creator-types/engine/cc.d.ts(75869,60): error TS2307: Cannot find module 'cc/editor/new-gen-anim' or its corresponding type declarations.
@cocos/creator-types/engine/cc.d.ts(75870,26): error TS2307: Cannot find module 'cc/editor/serialization' or its corresponding type declarations.
assets/scripts/battle/views/UnitRenderer.ts(144,68): error TS2769: No overload matches this call.
  Overload 1 of 2, '(radiusTop?: number, radiusBottom?: number, height?: number, opts?: __types_globals__RecursivePartial<_cocos_primitive_cylinder__ICylinderOptions>): IGeometry', gave the following error.
    Argument of type '{ radiusTop: number; radiusBottom: number; height: number; radialSegments: number; }' is not assignable to parameter of type 'number'.
  Overload 2 of 2, '(radiusTop?: number, radiusBottom?: number, height?: number, opts?: __types_globals__RecursivePartial<_cocos_primitive_cylinder__ICylinderOptions>): IGeometry', gave the following error.
    Argument of type '{ radiusTop: number; radiusBottom: number; height: number; radialSegments: number; }' is not assignable to parameter of type 'number'.
assets/scripts/battle/views/UnitRenderer.ts(146,65): error TS2769: No overload matches this call.
  Overload 1 of 2, '(radius?: number, tube?: number, opts?: __types_globals__RecursivePartial<_cocos_primitive_torus__ITorusOptions>): { ...; }', gave the following error.
    Argument of type '{ radius: number; tube: number; radialSegments: number; tubularSegments: number; }' is not assignable to parameter of type 'number'.
  Overload 2 of 2, '(radius?: number, tube?: number, opts?: __types_globals__RecursivePartial<_cocos_primitive_torus__ITorusOptions>): { ...; }', gave the following error.
    Argument of type '{ radius: number; tube: number; radialSegments: number; tubularSegments: number; }' is not assignable to parameter of type 'number'.
assets/scripts/core/config/VfxEffectConfig.ts(139,9): error TS2322: Type 'Record<string, unknown>' is not assignable to type 'Record<string, VfxEffectDef>'.
  'string' index signatures are incompatible.
    Property 'blockId' is missing in type '{}' but required in type 'VfxEffectDef'.
assets/scripts/core/config/VfxEffectConfig.ts(146,9): error TS2322: Type 'Record<string, unknown>' is not assignable to type 'Record<string, VfxEffectDef>'.
  'string' index signatures are incompatible.
    Property 'blockId' is missing in type '{}' but required in type 'VfxEffectDef'.
assets/scripts/tools/VfxComposerTool.ts(864,88): error TS2702: 'Label' only refers to a type, but is being used as a namespace here.
